Component: ARM Compiler 6.14 Tool: armlink [5db06800]

==============================================================================

Section Cross References

    oled_ui_menudata.o(.text.BrightnessWindow) refers to oled_ui_menudata.o(.data.SetBrightnessWindow) for SetBrightnessWindow
    oled_ui_menudata.o(.text.BrightnessWindow) refers to oled_ui.o(.text.OLED_UI_CreateWindow) for OLED_UI_CreateWindow
    oled_ui_menudata.o(.ARM.exidx.text.BrightnessWindow) refers to oled_ui_menudata.o(.text.BrightnessWindow) for [Anonymous Symbol]
    oled_ui_menudata.o(.text.EmptyWindow) refers to oled_ui_menudata.o(.data.NullWindow) for NullWindow
    oled_ui_menudata.o(.text.EmptyWindow) refers to oled_ui.o(.text.OLED_UI_CreateWindow) for OLED_UI_CreateWindow
    oled_ui_menudata.o(.ARM.exidx.text.EmptyWindow) refers to oled_ui_menudata.o(.text.EmptyWindow) for [Anonymous Symbol]
    oled_ui_menudata.o(.text.ShowTextWindow) refers to oled_ui_menudata.o(.data.TextWindow) for TextWindow
    oled_ui_menudata.o(.text.ShowTextWindow) refers to oled_ui.o(.text.OLED_UI_CreateWindow) for OLED_UI_CreateWindow
    oled_ui_menudata.o(.ARM.exidx.text.ShowTextWindow) refers to oled_ui_menudata.o(.text.ShowTextWindow) for [Anonymous Symbol]
    oled_ui_menudata.o(.text.ShowFloatDataWindow) refers to oled_ui_menudata.o(.data.FloatDataWindow) for FloatDataWindow
    oled_ui_menudata.o(.text.ShowFloatDataWindow) refers to oled_ui.o(.text.OLED_UI_CreateWindow) for OLED_UI_CreateWindow
    oled_ui_menudata.o(.ARM.exidx.text.ShowFloatDataWindow) refers to oled_ui_menudata.o(.text.ShowFloatDataWindow) for [Anonymous Symbol]
    oled_ui_menudata.o(.text.ShowIntDataWindow) refers to oled_ui_menudata.o(.data.IntDataWindow) for IntDataWindow
    oled_ui_menudata.o(.text.ShowIntDataWindow) refers to oled_ui.o(.text.OLED_UI_CreateWindow) for OLED_UI_CreateWindow
    oled_ui_menudata.o(.ARM.exidx.text.ShowIntDataWindow) refers to oled_ui_menudata.o(.text.ShowIntDataWindow) for [Anonymous Symbol]
    oled_ui_menudata.o(.text.SettingAuxFunc) refers to oled_ui.o(.bss.OLED_UI_PageStartPoint) for OLED_UI_PageStartPoint
    oled_ui_menudata.o(.text.SettingAuxFunc) refers to f2d.o(x$fpl$f2d) for __aeabi_f2d
    oled_ui_menudata.o(.text.SettingAuxFunc) refers to dcmp.o(x$fpl$fcmp) for __aeabi_dcmpge
    oled_ui_menudata.o(.text.SettingAuxFunc) refers to oled_ui_menudata.o(.bss.LogoMove) for LogoMove
    oled_ui_menudata.o(.text.SettingAuxFunc) refers to oled_ui_menudata.o(.bss.LogoTextMove) for LogoTextMove
    oled_ui_menudata.o(.text.SettingAuxFunc) refers to oled_ui_menudata.o(.bss.WelcomeTextMove) for WelcomeTextMove
    oled_ui_menudata.o(.text.SettingAuxFunc) refers to oled_ui.o(.text.ChangePoint) for ChangePoint
    oled_ui_menudata.o(.text.SettingAuxFunc) refers to oled_fonts.o(.rodata.OLED_UI_SettingsLogo) for OLED_UI_SettingsLogo
    oled_ui_menudata.o(.text.SettingAuxFunc) refers to oled.o(.text.OLED_ShowImageArea) for OLED_ShowImageArea
    oled_ui_menudata.o(.text.SettingAuxFunc) refers to oled_fonts.o(.rodata.OLED_UI_LOGOTEXT64) for OLED_UI_LOGOTEXT64
    oled_ui_menudata.o(.text.SettingAuxFunc) refers to oled_fonts.o(.rodata.OLED_UI_LOGOGithub) for OLED_UI_LOGOGithub
    oled_ui_menudata.o(.ARM.exidx.text.SettingAuxFunc) refers to oled_ui_menudata.o(.text.SettingAuxFunc) for [Anonymous Symbol]
    oled_ui_menudata.o(.text.AboutThisDeviceAuxFunc) refers to oled_ui_menudata.o(.bss.LogoMove) for LogoMove
    oled_ui_menudata.o(.text.AboutThisDeviceAuxFunc) refers to oled_ui.o(.text.ChangePoint) for ChangePoint
    oled_ui_menudata.o(.text.AboutThisDeviceAuxFunc) refers to oled_fonts.o(.rodata.OLED_UI_SettingsLogo) for OLED_UI_SettingsLogo
    oled_ui_menudata.o(.text.AboutThisDeviceAuxFunc) refers to oled.o(.text.OLED_ShowImageArea) for OLED_ShowImageArea
    oled_ui_menudata.o(.text.AboutThisDeviceAuxFunc) refers to oled_ui.o(.bss.OLED_UI_PageStartPoint) for OLED_UI_PageStartPoint
    oled_ui_menudata.o(.text.AboutThisDeviceAuxFunc) refers to f2d.o(x$fpl$f2d) for __aeabi_f2d
    oled_ui_menudata.o(.text.AboutThisDeviceAuxFunc) refers to dcmp.o(x$fpl$fcmp) for __aeabi_dcmpge
    oled_ui_menudata.o(.text.AboutThisDeviceAuxFunc) refers to oled_ui_menudata.o(.bss.LogoTextMove) for LogoTextMove
    oled_ui_menudata.o(.text.AboutThisDeviceAuxFunc) refers to oled_fonts.o(.rodata.OLED_UI_LOGOTEXT64) for OLED_UI_LOGOTEXT64
    oled_ui_menudata.o(.ARM.exidx.text.AboutThisDeviceAuxFunc) refers to oled_ui_menudata.o(.text.AboutThisDeviceAuxFunc) for [Anonymous Symbol]
    oled_ui_menudata.o(.text.AboutOLED_UIAuxFunc) refers to oled_ui_menudata.o(.bss.LogoMove) for LogoMove
    oled_ui_menudata.o(.text.AboutOLED_UIAuxFunc) refers to oled_ui.o(.text.ChangePoint) for ChangePoint
    oled_ui_menudata.o(.text.AboutOLED_UIAuxFunc) refers to oled_fonts.o(.rodata.OLED_UI_SettingsLogo) for OLED_UI_SettingsLogo
    oled_ui_menudata.o(.text.AboutOLED_UIAuxFunc) refers to oled.o(.text.OLED_ShowImageArea) for OLED_ShowImageArea
[...]
    Removing stm32f4xx_hal_tim.o(.ARM.exidx.text.HAL_TIM_PeriodElapsedHalfCpltCallback), (8 bytes).
    Removing stm32f4xx_hal_tim.o(.text.HAL_TIM_IC_CaptureHalfCpltCallback), (8 bytes).
    Removing stm32f4xx_hal_tim.o(.ARM.exidx.text.HAL_TIM_IC_CaptureHalfCpltCallback), (8 bytes).
    Removing stm32f4xx_hal_tim.o(.text.HAL_TIM_PWM_PulseFinishedHalfCpltCallback), (8 bytes).
    Removing stm32f4xx_hal_tim.o(.ARM.exidx.text.HAL_TIM_PWM_PulseFinishedHalfCpltCallback), (8 bytes).
    Removing stm32f4xx_hal_tim.o(.text.HAL_TIM_TriggerHalfCpltCallback), (8 bytes).
    Removing stm32f4xx_hal_tim.o(.ARM.exidx.text.HAL_TIM_TriggerHalfCpltCallback), (8 bytes).
    Removing stm32f4xx_hal_tim.o(.text.HAL_TIM_ErrorCallback), (8 bytes).
    Removing stm32f4xx_hal_tim.o(.ARM.exidx.text.HAL_TIM_ErrorCallback), (8 bytes).
    Removing stm32f4xx_hal_tim.o(.text.HAL_TIM_Base_GetState), (14 bytes).
    Removing stm32f4xx_hal_tim.o(.ARM.exidx.text.HAL_TIM_Base_GetState), (8 bytes).
    Removing stm32f4xx_hal_tim.o(.text.HAL_TIM_OC_GetState), (14 bytes).
    Removing stm32f4xx_hal_tim.o(.ARM.exidx.text.HAL_TIM_OC_GetState), (8 bytes).
    Removing stm32f4xx_hal_tim.o(.text.HAL_TIM_PWM_GetState), (14 bytes).
    Removing stm32f4xx_hal_tim.o(.ARM.exidx.text.HAL_TIM_PWM_GetState), (8 bytes).
    Removing stm32f4xx_hal_tim.o(.text.HAL_TIM_IC_GetState), (14 bytes).
    Removing stm32f4xx_hal_tim.o(.ARM.exidx.text.HAL_TIM_IC_GetState), (8 bytes).
    Removing stm32f4xx_hal_tim.o(.text.HAL_TIM_OnePulse_GetState), (14 bytes).
    Removing stm32f4xx_hal_tim.o(.ARM.exidx.text.HAL_TIM_OnePulse_GetState), (8 bytes).
    Removing stm32f4xx_hal_tim.o(.text.HAL_TIM_Encoder_GetState), (14 bytes).
    Removing stm32f4xx_hal_tim.o(.ARM.exidx.text.HAL_TIM_Encoder_GetState), (8 bytes).
    Removing stm32f4xx_hal_tim.o(.text.HAL_TIM_GetActiveChannel), (12 bytes).
    Removing stm32f4xx_hal_tim.o(.ARM.exidx.text.HAL_TIM_GetActiveChannel), (8 bytes).
    Removing stm32f4xx_hal_tim.o(.text.HAL_TIM_GetChannelState), (96 bytes).
    Removing stm32f4xx_hal_tim.o(.ARM.exidx.text.HAL_TIM_GetChannelState), (8 bytes).
    Removing stm32f4xx_hal_tim.o(.text.HAL_TIM_DMABurstState), (14 bytes).
    Removing stm32f4xx_hal_tim.o(.ARM.exidx.text.HAL_TIM_DMABurstState), (8 bytes).
    Removing stm32f4xx_hal_tim_ex.o(.text), (0 bytes).
    Removing stm32f4xx_hal_tim_ex.o(.text.HAL_TIMEx_HallSensor_Init), (300 bytes).
    Removing stm32f4xx_hal_tim_ex.o(.ARM.exidx.text.HAL_TIMEx_HallSensor_Init), (8 bytes).
    Removing stm32f4xx_hal_tim_ex.o(.text.HAL_TIMEx_HallSensor_MspInit), (8 bytes).
    Removing stm32f4xx_hal_tim_ex.o(.ARM.exidx.text.HAL_TIMEx_HallSensor_MspInit), (8 bytes).
    Removing stm32f4xx_hal_tim_ex.o(.text.HAL_TIMEx_HallSensor_DeInit), (128 bytes).
    Removing stm32f4xx_hal_tim_ex.o(.ARM.exidx.text.HAL_TIMEx_HallSensor_DeInit), (8 bytes).
    Removing stm32f4xx_hal_tim_ex.o(.text.HAL_TIMEx_HallSensor_MspDeInit), (8 bytes).
    Removing stm32f4xx_hal_tim_ex.o(.ARM.exidx.text.HAL_TIMEx_HallSensor_MspDeInit), (8 bytes).
    Removing stm32f4xx_hal_tim_ex.o(.text.HAL_TIMEx_HallSensor_Start), (334 bytes).
    Removing stm32f4xx_hal_tim_ex.o(.ARM.exidx.text.HAL_TIMEx_HallSensor_Start), (8 bytes).
    Removing stm32f4xx_hal_tim_ex.o(.text.HAL_TIMEx_HallSensor_Stop), (104 bytes).
    Removing stm32f4xx_hal_tim_ex.o(.ARM.exidx.text.HAL_TIMEx_HallSensor_Stop), (8 bytes).
    Removing stm32f4xx_hal_tim_ex.o(.text.HAL_TIMEx_HallSensor_Start_IT), (346 bytes).
    Removing stm32f4xx_hal_tim_ex.o(.ARM.exidx.text.HAL_TIMEx_HallSensor_Start_IT), (8 bytes).
    Removing stm32f4xx_hal_tim_ex.o(.text.HAL_TIMEx_HallSensor_Stop_IT), (116 bytes).
    Removing stm32f4xx_hal_tim_ex.o(.ARM.exidx.text.HAL_TIMEx_HallSensor_Stop_IT), (8 bytes).
    Removing stm32f4xx_hal_tim_ex.o(.text.HAL_TIMEx_HallSensor_Start_DMA), (436 bytes).
    Removing stm32f4xx_hal_tim_ex.o(.ARM.exidx.text.HAL_TIMEx_HallSensor_Start_DMA), (8 bytes).
    Removing stm32f4xx_hal_tim_ex.o(.text.HAL_TIMEx_HallSensor_Stop_DMA), (112 bytes).
    Removing stm32f4xx_hal_tim_ex.o(.ARM.exidx.text.HAL_TIMEx_HallSensor_Stop_DMA), (8 bytes).
    Removing stm32f4xx_hal_tim_ex.o(.text.HAL_TIMEx_OCN_Start), (406 bytes).
    Removing stm32f4xx_hal_tim_ex.o(.ARM.exidx.text.HAL_TIMEx_OCN_Start), (8 bytes).
    Removing stm32f4xx_hal_tim_ex.o(.text.TIM_CCxNChannelCmd), (56 bytes).
    Removing stm32f4xx_hal_tim_ex.o(.ARM.exidx.text.TIM_CCxNChannelCmd), (8 bytes).
    Removing stm32f4xx_hal_tim_ex.o(.text.HAL_TIMEx_OCN_Stop), (210 bytes).
    Removing stm32f4xx_hal_tim_ex.o(.ARM.exidx.text.HAL_TIMEx_OCN_Stop), (8 bytes).
    Removing stm32f4xx_hal_tim_ex.o(.text.HAL_TIMEx_OCN_Start_IT), (514 bytes).
    Removing stm32f4xx_hal_tim_ex.o(.ARM.exidx.text.HAL_TIMEx_OCN_Start_IT), (8 bytes).
    Removing stm32f4xx_hal_tim_ex.o(.text.HAL_TIMEx_OCN_Stop_IT), (342 bytes).
    Removing stm32f4xx_hal_tim_ex.o(.ARM.exidx.text.HAL_TIMEx_OCN_Stop_IT), (8 bytes).
    Removing stm32f4xx_hal_tim_ex.o(.text.HAL_TIMEx_OCN_Start_DMA), (874 bytes).
    Removing stm32f4xx_hal_tim_ex.o(.ARM.exidx.text.HAL_TIMEx_OCN_Start_DMA), (8 bytes).
    Removing stm32f4xx_hal_tim_ex.o(.text.TIM_DMADelayPulseNCplt), (196 bytes).
    Removing stm32f4xx_hal_tim_ex.o(.ARM.exidx.text.TIM_DMADelayPulseNCplt), (8 bytes).
    Removing stm32f4xx_hal_tim_ex.o(.text.TIM_DMAErrorCCxN), (116 bytes).
    Removing stm32f4xx_hal_tim_ex.o(.ARM.exidx.text.TIM_DMAErrorCCxN), (8 bytes).
    Removing stm32f4xx_hal_tim_ex.o(.text.HAL_TIMEx_OCN_Stop_DMA), (330 bytes).
    Removing stm32f4xx_hal_tim_ex.o(.ARM.exidx.text.HAL_TIMEx_OCN_Stop_DMA), (8 bytes).
    Removing stm32f4xx_hal_tim_ex.o(.text.HAL_TIMEx_PWMN_Start), (406 bytes).
    Removing stm32f4xx_hal_tim_ex.o(.ARM.exidx.text.HAL_TIMEx_PWMN_Start), (8 bytes).
    Removing stm32f4xx_hal_tim_ex.o(.text.HAL_TIMEx_PWMN_Stop), (210 bytes).
    Removing stm32f4xx_hal_tim_ex.o(.ARM.exidx.text.HAL_TIMEx_PWMN_Stop), (8 bytes).
    Removing stm32f4xx_hal_tim_ex.o(.text.HAL_TIMEx_PWMN_Start_IT), (514 bytes).
    Removing stm32f4xx_hal_tim_ex.o(.ARM.exidx.text.HAL_TIMEx_PWMN_Start_IT), (8 bytes).
    Removing stm32f4xx_hal_tim_ex.o(.text.HAL_TIMEx_PWMN_Stop_IT), (342 bytes).
    Removing stm32f4xx_hal_tim_ex.o(.ARM.exidx.text.HAL_TIMEx_PWMN_Stop_IT), (8 bytes).
    Removing stm32f4xx_hal_tim_ex.o(.text.HAL_TIMEx_PWMN_Start_DMA), (874 bytes).
    Removing stm32f4xx_hal_tim_ex.o(.ARM.exidx.text.HAL_TIMEx_PWMN_Start_DMA), (8 bytes).
    Removing stm32f4xx_hal_tim_ex.o(.text.HAL_TIMEx_PWMN_Stop_DMA), (330 bytes).
    Removing stm32f4xx_hal_tim_ex.o(.ARM.exidx.text.HAL_TIMEx_PWMN_Stop_DMA), (8 bytes).
    Removing stm32f4xx_hal_tim_ex.o(.text.HAL_TIMEx_OnePulseN_Start), (186 bytes).
    Removing stm32f4xx_hal_tim_ex.o(.ARM.exidx.text.HAL_TIMEx_OnePulseN_Start), (8 bytes).
    Removing stm32f4xx_hal_tim_ex.o(.text.HAL_TIMEx_OnePulseN_Stop), (182 bytes).
    Removing stm32f4xx_hal_tim_ex.o(.ARM.exidx.text.HAL_TIMEx_OnePulseN_Stop), (8 bytes).
    Removing stm32f4xx_hal_tim_ex.o(.text.HAL_TIMEx_OnePulseN_Start_IT), (210 bytes).
    Removing stm32f4xx_hal_tim_ex.o(.ARM.exidx.text.HAL_TIMEx_OnePulseN_Start_IT), (8 bytes).
    Removing stm32f4xx_hal_tim_ex.o(.text.HAL_TIMEx_OnePulseN_Stop_IT), (206 bytes).
    Removing stm32f4xx_hal_tim_ex.o(.ARM.exidx.text.HAL_TIMEx_OnePulseN_Stop_IT), (8 bytes).
    Removing stm32f4xx_hal_tim_ex.o(.text.HAL_TIMEx_ConfigCommutEvent), (188 bytes).
    Removing stm32f4xx_hal_tim_ex.o(.ARM.exidx.text.HAL_TIMEx_ConfigCommutEvent), (8 bytes).
    Removing stm32f4xx_hal_tim_ex.o(.text.HAL_TIMEx_ConfigCommutEvent_IT), (188 bytes).
    Removing stm32f4xx_hal_tim_ex.o(.ARM.exidx.text.HAL_TIMEx_ConfigCommutEvent_IT), (8 bytes).
    Removing stm32f4xx_hal_tim_ex.o(.text.HAL_TIMEx_ConfigCommutEvent_DMA), (230 bytes).
    Removing stm32f4xx_hal_tim_ex.o(.ARM.exidx.text.HAL_TIMEx_ConfigCommutEvent_DMA), (8 bytes).
    Removing stm32f4xx_hal_tim_ex.o(.text.TIMEx_DMACommutationCplt), (30 bytes).
    Removing stm32f4xx_hal_tim_ex.o(.ARM.exidx.text.TIMEx_DMACommutationCplt), (8 bytes).
    Removing stm32f4xx_hal_tim_ex.o(.text.TIMEx_DMACommutationHalfCplt), (30 bytes).
    Removing stm32f4xx_hal_tim_ex.o(.ARM.exidx.text.TIMEx_DMACommutationHalfCplt), (8 bytes).
    Removing stm32f4xx_hal_tim_ex.o(.text.HAL_TIMEx_MasterConfigSynchronization), (290 bytes).
    Removing stm32f4xx_hal_tim_ex.o(.ARM.exidx.text.HAL_TIMEx_MasterConfigSynchronization), (8 bytes).
    Removing stm32f4xx_hal_tim_ex.o(.text.HAL_TIMEx_ConfigBreakDeadTime), (178 bytes).
    Removing stm32f4xx_hal_tim_ex.o(.ARM.exidx.text.HAL_TIMEx_ConfigBreakDeadTime), (8 bytes).
    Removing stm32f4xx_hal_tim_ex.o(.text.HAL_TIMEx_RemapConfig), (76 bytes).
    Removing stm32f4xx_hal_tim_ex.o(.ARM.exidx.text.HAL_TIMEx_RemapConfig), (8 bytes).
    Removing stm32f4xx_hal_tim_ex.o(.text.HAL_TIMEx_CommutCallback), (8 bytes).
    Removing stm32f4xx_hal_tim_ex.o(.ARM.exidx.text.HAL_TIMEx_CommutCallback), (8 bytes).
    Removing stm32f4xx_hal_tim_ex.o(.text.HAL_TIMEx_CommutHalfCpltCallback), (8 bytes).
    Removing stm32f4xx_hal_tim_ex.o(.ARM.exidx.text.HAL_TIMEx_CommutHalfCpltCallback), (8 bytes).
    Removing stm32f4xx_hal_tim_ex.o(.text.HAL_TIMEx_BreakCallback), (8 bytes).
    Removing stm32f4xx_hal_tim_ex.o(.ARM.exidx.text.HAL_TIMEx_BreakCallback), (8 bytes).
    Removing stm32f4xx_hal_tim_ex.o(.text.HAL_TIMEx_HallSensor_GetState), (14 bytes).
    Removing stm32f4xx_hal_tim_ex.o(.ARM.exidx.text.HAL_TIMEx_HallSensor_GetState), (8 bytes).
    Removing stm32f4xx_hal_tim_ex.o(.text.HAL_TIMEx_GetChannelNState), (96 bytes).
    Removing stm32f4xx_hal_tim_ex.o(.ARM.exidx.text.HAL_TIMEx_GetChannelNState), (8 bytes).
    Removing system_stm32f4xx.o(.text), (0 bytes).
    Removing system_stm32f4xx.o(.ARM.exidx.text.SystemInit), (8 bytes).
    Removing system_stm32f4xx.o(.text.SystemCoreClockUpdate), (308 bytes).
    Removing system_stm32f4xx.o(.ARM.exidx.text.SystemCoreClockUpdate), (8 bytes).
    Removing system_stm32f4xx.o(.rodata.APBPrescTable), (8 bytes).

1132 unused section(s) (total 134173 bytes) removed from the image.

==============================================================================

Image Symbol Table

    Local Symbols

    Symbol Name                              Value     Ov Type        Size  Object(Section)

    ../clib/angel/boardlib.s                 0x00000000   Number         0  boardinit1.o ABSOLUTE
    ../clib/angel/boardlib.s                 0x00000000   Number         0  boardinit2.o ABSOLUTE
    ../clib/angel/boardlib.s                 0x00000000   Number         0  boardinit3.o ABSOLUTE
    ../clib/angel/boardlib.s                 0x00000000   Number         0  boardshut.o ABSOLUTE
    ../clib/angel/handlers.s                 0x00000000   Number         0  __scatter_copy.o ABSOLUTE
    ../clib/angel/handlers.s                 0x00000000   Number         0  __scatter_zi.o ABSOLUTE
    ../clib/angel/kernel.s                   0x00000000   Number         0  __rtentry.o ABSOLUTE
    ../clib/angel/kernel.s                   0x00000000   Number         0  __rtentry2.o ABSOLUTE
    ../clib/angel/kernel.s                   0x00000000   Number         0  __rtentry4.o ABSOLUTE
    ../clib/angel/kernel.s                   0x00000000   Number         0  rtexit.o ABSOLUTE
    ../clib/angel/kernel.s                   0x00000000   Number         0  rtexit2.o ABSOLUTE
    ../clib/angel/rt.s                       0x00000000   Number         0  aeabi_ldiv0.o ABSOLUTE
    ../clib/angel/rt.s                       0x00000000   Number         0  aeabi_ldiv0_sigfpe.o ABSOLUTE
    ../clib/angel/rt.s                       0x00000000   Number         0  rt_div0.o ABSOLUTE
    ../clib/angel/rt.s                       0x00000000   Number         0  rt_errno_addr.o ABSOLUTE
    ../clib/angel/rt.s                       0x00000000   Number         0  rt_errno_addr_intlibspace.o ABSOLUTE
    ../clib/angel/rt.s                       0x00000000   Number         0  rt_ctype_table.o ABSOLUTE
    ../clib/angel/rt.s                       0x00000000   Number         0  rt_locale.o ABSOLUTE
    ../clib/angel/rt.s                       0x00000000   Number         0  rt_locale_intlibspace.o ABSOLUTE
    ../clib/angel/rt.s                       0x00000000   Number         0  rt_raise.o ABSOLUTE
    ../clib/angel/scatter.s                  0x00000000   Number         0  __scatter.o ABSOLUTE
    ../clib/angel/startup.s                  0x00000000   Number         0  __main.o ABSOLUTE
    ../clib/angel/sys.s                      0x00000000   Number         0  libspace.o ABSOLUTE
    ../clib/angel/sys.s                      0x00000000   Number         0  sys_stackheap_outer.o ABSOLUTE
    ../clib/angel/sys.s                      0x00000000   Number         0  use_no_semi.o ABSOLUTE
    ../clib/angel/sys.s                      0x00000000   Number         0  indicate_semi.o ABSOLUTE
    ../clib/angel/sysapp.c                   0x00000000   Number         0  sys_exit.o ABSOLUTE
    ../clib/angel/sysapp.c                   0x00000000   Number         0  sys_exit_hlt.o ABSOLUTE
    ../clib/angel/sysapp.c                   0x00000000   Number         0  sys_wrch.o ABSOLUTE
    ../clib/angel/sysapp.c                   0x00000000   Number         0  sys_wrch_hlt.o ABSOLUTE
    ../clib/angel/sysapp.c                   0x00000000   Number         0  sys_command.o ABSOLUTE
    ../clib/angel/sysapp.c                   0x00000000   Number         0  sys_command_hlt.o ABSOLUTE
    ../clib/armsys.c                         0x00000000   Number         0  argv_veneer.o ABSOLUTE
    ../clib/armsys.c                         0x00000000   Number         0  argv_veneer.o ABSOLUTE
    ../clib/armsys.c                         0x00000000   Number         0  _get_argv_nomalloc.o ABSOLUTE
    ../clib/armsys.c                         0x00000000   Number         0  no_argv.o ABSOLUTE
    ../clib/bigflt.c                         0x00000000   Number         0  bigflt0.o ABSOLUTE
    ../clib/btod.s                           0x00000000   Number         0  btod.o ABSOLUTE
    ../clib/btod_accurate.c                  0x00000000   Number         0  btod_accurate.o ABSOLUTE
    ../clib/btod_accurate.c                  0x00000000   Number         0  btod_accurate_common.o ABSOLUTE
    ../clib/fenv.c                           0x00000000   Number         0  _rserrno.o ABSOLUTE
    ../clib/heapalloc.c                      0x00000000   Number         0  hrguard.o ABSOLUTE
    ../clib/heapaux.c                        0x00000000   Number         0  heapauxi.o ABSOLUTE
    ../clib/libinit.s                        0x00000000   Number         0  libinit.o ABSOLUTE
    ../clib/libinit.s                        0x00000000   Number         0  libinit2.o ABSOLUTE
    ../clib/libinit.s                        0x00000000   Number         0  libshutdown.o ABSOLUTE
    ../clib/libinit.s                        0x00000000   Number         0  libshutdown2.o ABSOLUTE
    ../clib/locale.c                         0x00000000   Number         0  _c16rtomb.o ABSOLUTE
    ../clib/locale.s                         0x00000000   Number         0  lc_numeric_c.o ABSOLUTE
    ../clib/locale.s                         0x00000000   Number         0  lc_ctype_c.o ABSOLUTE
    ../clib/longlong.s                       0x00000000   Number         0  lludivv7m.o ABSOLUTE
    ../clib/longlong.s                       0x00000000   Number         0  lludiv10.o ABSOLUTE
    ../clib/longlong.s                       0x00000000   Number         0  llushr.o ABSOLUTE
    ../clib/memcpset.s                       0x00000000   Number         0  rt_memcpy_v6.o ABSOLUTE
    ../clib/memcpset.s                       0x00000000   Number         0  rt_memcpy_w.o ABSOLUTE
    ../clib/memcpset.s                       0x00000000   Number         0  rt_memclr_w.o ABSOLUTE
    ../clib/memcpset.s                       0x00000000   Number         0  strcmpv7em.o ABSOLUTE
    ../clib/misc.s                           0x00000000   Number         0  printf_stubs.o ABSOLUTE
    ../clib/printf.c                         0x00000000   Number         0  vsprintf.o ABSOLUTE
    ../clib/printf.c                         0x00000000   Number         0  vsnprintf.o ABSOLUTE
    ../clib/printf.c                         0x00000000   Number         0  __printf.o ABSOLUTE
    ../clib/printf.c                         0x00000000   Number         0  _printf_pad.o ABSOLUTE
    ../clib/printf.c                         0x00000000   Number         0  _printf_truncate.o ABSOLUTE
    ../clib/printf.c                         0x00000000   Number         0  _printf_str.o ABSOLUTE
    ../clib/printf.c                         0x00000000   Number         0  _printf_dec.o ABSOLUTE
    ../clib/printf.c                         0x00000000   Number         0  _printf_charcount.o ABSOLUTE
    ../clib/printf.c                         0x00000000   Number         0  _printf_char_common.o ABSOLUTE
    ../clib/printf.c                         0x00000000   Number         0  _sputc.o ABSOLUTE
    ../clib/printf.c                         0x00000000   Number         0  _snputc.o ABSOLUTE
    ../clib/printf.c                         0x00000000   Number         0  _printf_wctomb.o ABSOLUTE
    ../clib/printf.c                         0x00000000   Number         0  _printf_longlong_dec.o ABSOLUTE
    ../clib/printf.c                         0x00000000   Number         0  _printf_oct_ll.o ABSOLUTE
    ../clib/printf.c                         0x00000000   Number         0  _printf_oct_int.o ABSOLUTE
    ../clib/printf.c                         0x00000000   Number         0  _printf_oct_int_ll.o ABSOLUTE
    ../clib/printf.c                         0x00000000   Number         0  _printf_hex_ll.o ABSOLUTE
    ../clib/printf.c                         0x00000000   Number         0  _printf_hex_int.o ABSOLUTE
    ../clib/printf.c                         0x00000000   Number         0  _printf_hex_int_ll.o ABSOLUTE
    ../clib/printf.c                         0x00000000   Number         0  _printf_hex_ptr.o ABSOLUTE
    ../clib/printf.c                         0x00000000   Number         0  _printf_hex_int_ptr.o ABSOLUTE
    ../clib/printf.c                         0x00000000   Number         0  _printf_hex_ll_ptr.o ABSOLUTE
    ../clib/printf.c                         0x00000000   Number         0  _printf_hex_int_ll_ptr.o ABSOLUTE
    ../clib/printf.c                         0x00000000   Number         0  __printf_flags.o ABSOLUTE
    ../clib/printf.c                         0x00000000   Number         0  __printf_ss.o ABSOLUTE
    ../clib/printf.c                         0x00000000   Number         0  __printf_flags_ss.o ABSOLUTE
    ../clib/printf.c                         0x00000000   Number         0  __printf_wp.o ABSOLUTE
    ../clib/printf.c                         0x00000000   Number         0  __printf_flags_wp.o ABSOLUTE
    ../clib/printf.c                         0x00000000   Number         0  __printf_ss_wp.o ABSOLUTE
    ../clib/printf.c                         0x00000000   Number         0  __printf_flags_ss_wp.o ABSOLUTE
    ../clib/printf.c                         0x00000000   Number         0  _printf_intcommon.o ABSOLUTE
    ../clib/printf.c                         0x00000000   Number         0  _printf_fp_dec.o ABSOLUTE
    ../clib/printf.c                         0x00000000   Number         0  _printf_fp_dec_accurate.o ABSOLUTE
    ../clib/printf.c                         0x00000000   Number         0  _printf_fp_hex.o ABSOLUTE
    ../clib/printf.c                         0x00000000   Number         0  __printf_nopercent.o ABSOLUTE
    ../clib/printf.c                         0x00000000   Number         0  _printf_char.o ABSOLUTE
    ../clib/printf.c                         0x00000000   Number         0  _printf_wchar.o ABSOLUTE
    ../clib/printf.c                         0x00000000   Number         0  _printf_fp_infnan.o ABSOLUTE
    ../clib/printf_percent.s                 0x00000000   Number         0  _printf_c.o ABSOLUTE
    ../clib/printf_percent.s                 0x00000000   Number         0  _printf_s.o ABSOLUTE
    ../clib/printf_percent.s                 0x00000000   Number         0  _printf_n.o ABSOLUTE
    ../clib/printf_percent.s                 0x00000000   Number         0  _printf_x.o ABSOLUTE
    ../clib/printf_percent.s                 0x00000000   Number         0  _printf_p.o ABSOLUTE
    ../clib/printf_percent.s                 0x00000000   Number         0  _printf_o.o ABSOLUTE
    ../clib/printf_percent.s                 0x00000000   Number         0  _printf_i.o ABSOLUTE
    ../clib/printf_percent.s                 0x00000000   Number         0  _printf_d.o ABSOLUTE
    ../clib/printf_percent.s                 0x00000000   Number         0  _printf_u.o ABSOLUTE
    ../clib/printf_percent.s                 0x00000000   Number         0  _printf_f.o ABSOLUTE
    ../clib/printf_percent.s                 0x00000000   Number         0  _printf_e.o ABSOLUTE
    ../clib/printf_percent.s                 0x00000000   Number         0  _printf_g.o ABSOLUTE
    ../clib/printf_percent.s                 0x00000000   Number         0  _printf_a.o ABSOLUTE
    ../clib/printf_percent.s                 0x00000000   Number         0  _printf_percent.o ABSOLUTE
    ../clib/printf_percent.s                 0x00000000   Number         0  _printf_lli.o ABSOLUTE
    ../clib/printf_percent.s                 0x00000000   Number         0  _printf_lld.o ABSOLUTE
    ../clib/printf_percent.s                 0x00000000   Number         0  _printf_llu.o ABSOLUTE
    ../clib/printf_percent.s                 0x00000000   Number         0  _printf_ll.o ABSOLUTE
    ../clib/printf_percent.s                 0x00000000   Number         0  _printf_l.o ABSOLUTE
    ../clib/printf_percent.s                 0x00000000   Number         0  _printf_lc.o ABSOLUTE
    ../clib/printf_percent.s                 0x00000000   Number         0  _printf_ls.o ABSOLUTE
    ../clib/printf_percent.s                 0x00000000   Number         0  _printf_llo.o ABSOLUTE
    ../clib/printf_percent.s                 0x00000000   Number         0  _printf_llx.o ABSOLUTE
    ../clib/printf_percent.s                 0x00000000   Number         0  _printf_percent_end.o ABSOLUTE
    ../clib/signal.c                         0x00000000   Number         0  defsig_fpe_outer.o ABSOLUTE
    ../clib/signal.c                         0x00000000   Number         0  defsig_fpe_formal.o ABSOLUTE
    ../clib/signal.c                         0x00000000   Number         0  defsig_exit.o ABSOLUTE
    ../clib/signal.c                         0x00000000   Number         0  defsig_fpe_inner.o ABSOLUTE
    ../clib/signal.c                         0x00000000   Number         0  __raise.o ABSOLUTE
    ../clib/signal.c                         0x00000000   Number         0  defsig_general.o ABSOLUTE
    ../clib/signal.c                         0x00000000   Number         0  defsig_abrt_inner.o ABSOLUTE
    ../clib/signal.c                         0x00000000   Number         0  defsig_rtred_inner.o ABSOLUTE
    ../clib/signal.c                         0x00000000   Number         0  defsig_rtmem_inner.o ABSOLUTE
    ../clib/signal.c                         0x00000000   Number         0  defsig_rtmem_outer.o ABSOLUTE
    ../clib/signal.c                         0x00000000   Number         0  defsig_rtmem_formal.o ABSOLUTE
    ../clib/signal.c                         0x00000000   Number         0  defsig_stak_inner.o ABSOLUTE
    ../clib/signal.c                         0x00000000   Number         0  defsig_pvfn_inner.o ABSOLUTE
    ../clib/signal.c                         0x00000000   Number         0  defsig_cppl_inner.o ABSOLUTE
    ../clib/signal.c                         0x00000000   Number         0  defsig_segv_inner.o ABSOLUTE
    ../clib/signal.c                         0x00000000   Number         0  defsig_other.o ABSOLUTE
    ../clib/signal.s                         0x00000000   Number         0  defsig.o ABSOLUTE
    ../clib/stdlib.c                         0x00000000   Number         0  exit.o ABSOLUTE
    ../fplib/basic.s                         0x00000000   Number         0  basic.o ABSOLUTE
    ../fplib/d2f.s                           0x00000000   Number         0  d2f.o ABSOLUTE
    ../fplib/daddsub.s                       0x00000000   Number         0  daddsub_clz.o ABSOLUTE
    ../fplib/dcmp.s                          0x00000000   Number         0  dcmp.o ABSOLUTE
    ../fplib/dcmpi.s                         0x00000000   Number         0  dcmpi.o ABSOLUTE
    ../fplib/ddiv.s                          0x00000000   Number         0  ddiv.o ABSOLUTE
    ../fplib/deqf.s                          0x00000000   Number         0  deqf.o ABSOLUTE
    ../fplib/dfix.s                          0x00000000   Number         0  dfix.o ABSOLUTE
    ../fplib/dfixu.s                         0x00000000   Number         0  dfixu.o ABSOLUTE
    ../fplib/dflt.s                          0x00000000   Number         0  dflt_clz.o ABSOLUTE
    ../fplib/dgeqf.s                         0x00000000   Number         0  dgeqf.o ABSOLUTE
    ../fplib/dleqf.s                         0x00000000   Number         0  dleqf.o ABSOLUTE
    ../fplib/dmul.s                          0x00000000   Number         0  dmul.o ABSOLUTE
    ../fplib/dnaninf.s                       0x00000000   Number         0  dnaninf.o ABSOLUTE
    ../fplib/dretinf.s                       0x00000000   Number         0  dretinf.o ABSOLUTE
    ../fplib/drleqf.s                        0x00000000   Number         0  drleqf.o ABSOLUTE
    ../fplib/drnd.s                          0x00000000   Number         0  drnd.o ABSOLUTE
    ../fplib/f2d.s                           0x00000000   Number         0  f2d.o ABSOLUTE
    ../fplib/fnaninf.s                       0x00000000   Number         0  fnaninf.o ABSOLUTE
    ../fplib/fpinit.s                        0x00000000   Number         0  fpinit.o ABSOLUTE
    ../fplib/fretinf.s                       0x00000000   Number         0  fretinf.o ABSOLUTE
    ../fplib/istatus.s                       0x00000000   Number         0  istatus.o ABSOLUTE
    ../fplib/printf1.s                       0x00000000   Number         0  printf1.o ABSOLUTE
    ../fplib/printf2.s                       0x00000000   Number         0  printf2.o ABSOLUTE
    ../fplib/printf2a.s                      0x00000000   Number         0  printf2a.o ABSOLUTE
    ../fplib/printf2b.s                      0x00000000   Number         0  printf2b.o ABSOLUTE
    ../fplib/usenofp.s                       0x00000000   Number         0  usenofp.o ABSOLUTE
    ../mathlib/atan.c                        0x00000000   Number         0  atan.o ABSOLUTE
    ../mathlib/atan.c                        0x00000000   Number         0  atan_x.o ABSOLUTE
    ../mathlib/atan2.c                       0x00000000   Number         0  atan2.o ABSOLUTE
    ../mathlib/atan2.c                       0x00000000   Number         0  atan2_x.o ABSOLUTE
    ../mathlib/ceil.c                        0x00000000   Number         0  ceil.o ABSOLUTE
    ../mathlib/dunder.c                      0x00000000   Number         0  dunder.o ABSOLUTE
    ../mathlib/fabs.c                        0x00000000   Number         0  fabs.o ABSOLUTE
    ../mathlib/fpclassify.c                  0x00000000   Number         0  fpclassify.o ABSOLUTE
    ../mathlib/poly.c                        0x00000000   Number         0  poly.o ABSOLUTE
    ../mathlib/qnan.c                        0x00000000   Number         0  qnan.o ABSOLUTE
    ../mathlib/round.c                       0x00000000   Number         0  round.o ABSOLUTE
    OLED.c                                   0x00000000   Number         0  oled.o ABSOLUTE
    OLED_UI.c                                0x00000000   Number         0  oled_ui.o ABSOLUTE
    OLED_UI_Driver.c                         0x00000000   Number         0  oled_ui_driver.o ABSOLUTE
    OLED_UI_MenuData.c                       0x00000000   Number         0  oled_ui_menudata.o ABSOLUTE
    OLED_driver.c                            0x00000000   Number         0  oled_driver.o ABSOLUTE
    dc.s                                     0x00000000   Number         0  dc.o ABSOLUTE
    dma.c                                    0x00000000   Number         0  dma.o ABSOLUTE
    gpio.c                                   0x00000000   Number         0  gpio.o ABSOLUTE
    main.c                                   0x00000000   Number         0  main.o ABSOLUTE
    oled_fonts.c                             0x00000000   Number         0  oled_fonts.o ABSOLUTE
    spi.c                                    0x00000000   Number         0  spi.o ABSOLUTE
    startup_stm32f407xx.s                    0x00000000   Number         0  startup_stm32f407xx.o ABSOLUTE
    stm32f4xx_hal.c                          0x00000000   Number         0  stm32f4xx_hal.o ABSOLUTE
    stm32f4xx_hal_cortex.c                   0x00000000   Number         0  stm32f4xx_hal_cortex.o ABSOLUTE
    stm32f4xx_hal_dma.c                      0x00000000   Number         0  stm32f4xx_hal_dma.o ABSOLUTE
    stm32f4xx_hal_dma_ex.c                   0x00000000   Number         0  stm32f4xx_hal_dma_ex.o ABSOLUTE
    stm32f4xx_hal_exti.c                     0x00000000   Number         0  stm32f4xx_hal_exti.o ABSOLUTE
    stm32f4xx_hal_flash.c                    0x00000000   Number         0  stm32f4xx_hal_flash.o ABSOLUTE
    stm32f4xx_hal_flash_ex.c                 0x00000000   Number         0  stm32f4xx_hal_flash_ex.o ABSOLUTE
    stm32f4xx_hal_flash_ramfunc.c            0x00000000   Number         0  stm32f4xx_hal_flash_ramfunc.o ABSOLUTE
    stm32f4xx_hal_gpio.c                     0x00000000   Number         0  stm32f4xx_hal_gpio.o ABSOLUTE
    stm32f4xx_hal_msp.c                      0x00000000   Number         0  stm32f4xx_hal_msp.o ABSOLUTE
    stm32f4xx_hal_pwr.c                      0x00000000   Number         0  stm32f4xx_hal_pwr.o ABSOLUTE
    stm32f4xx_hal_pwr_ex.c                   0x00000000   Number         0  stm32f4xx_hal_pwr_ex.o ABSOLUTE
    stm32f4xx_hal_rcc.c                      0x00000000   Number         0  stm32f4xx_hal_rcc.o ABSOLUTE
    stm32f4xx_hal_rcc_ex.c                   0x00000000   Number         0  stm32f4xx_hal_rcc_ex.o ABSOLUTE
    stm32f4xx_hal_spi.c                      0x00000000   Number         0  stm32f4xx_hal_spi.o ABSOLUTE
    stm32f4xx_hal_tim.c                      0x00000000   Number         0  stm32f4xx_hal_tim.o ABSOLUTE
    stm32f4xx_hal_tim_ex.c                   0x00000000   Number         0  stm32f4xx_hal_tim_ex.o ABSOLUTE
    stm32f4xx_it.c                           0x00000000   Number         0  stm32f4xx_it.o ABSOLUTE
    system_stm32f4xx.c                       0x00000000   Number         0  system_stm32f4xx.o ABSOLUTE
    tim.c                                    0x00000000   Number         0  tim.o ABSOLUTE
    RESET                                    0x08000000   Section      392  startup_stm32f407xx.o(RESET)
    !!!main                                  0x08000188   Section        8  __main.o(!!!main)
    !!!scatter                               0x08000190   Section       52  __scatter.o(!!!scatter)
    !!handler_copy                           0x080001c4   Section       26  __scatter_copy.o(!!handler_copy)
    !!handler_zi                             0x080001e0   Section       28  __scatter_zi.o(!!handler_zi)
    .ARM.Collect$$libinit$$00000000          0x080001fc   Section        2  libinit.o(.ARM.Collect$$libinit$$00000000)
    .ARM.Collect$$libinit$$00000001          0x080001fe   Section        4  libinit2.o(.ARM.Collect$$libinit$$00000001)
    .ARM.Collect$$libinit$$00000004          0x08000202   Section        0  libinit2.o(.ARM.Collect$$libinit$$00000004)
    .ARM.Collect$$libinit$$0000000A          0x08000202   Section        0  libinit2.o(.ARM.Collect$$libinit$$0000000A)
    .ARM.Collect$$libinit$$0000000C          0x08000202   Section        0  libinit2.o(.ARM.Collect$$libinit$$0000000C)
    .ARM.Collect$$libinit$$0000000E          0x08000202   Section        0  libinit2.o(.ARM.Collect$$libinit$$0000000E)
    .ARM.Collect$$libinit$$00000011          0x08000202   Section        0  libinit2.o(.ARM.Collect$$libinit$$00000011)
    .ARM.Collect$$libinit$$00000013          0x08000202   Section        0  libinit2.o(.ARM.Collect$$libinit$$00000013)
    .ARM.Collect$$libinit$$00000015          0x08000202   Section        0  libinit2.o(.ARM.Collect$$libinit$$00000015)
    .ARM.Collect$$libinit$$00000017          0x08000202   Section        0  libinit2.o(.ARM.Collect$$libinit$$00000017)
    .ARM.Collect$$libinit$$00000019          0x08000202   Section        0  libinit2.o(.ARM.Collect$$libinit$$00000019)
    .ARM.Collect$$libinit$$0000001B          0x08000202   Section        0  libinit2.o(.ARM.Collect$$libinit$$0000001B)
    .ARM.Collect$$libinit$$0000001D          0x08000202   Section        0  libinit2.o(.ARM.Collect$$libinit$$0000001D)
    .ARM.Collect$$libinit$$0000001F          0x08000202   Section        0  libinit2.o(.ARM.Collect$$libinit$$0000001F)
    .ARM.Collect$$libinit$$00000021          0x08000202   Section        0  libinit2.o(.ARM.Collect$$libinit$$00000021)
    .ARM.Collect$$libinit$$00000023          0x08000202   Section        0  libinit2.o(.ARM.Collect$$libinit$$00000023)
    .ARM.Collect$$libinit$$00000025          0x08000202   Section        0  libinit2.o(.ARM.Collect$$libinit$$00000025)
    .ARM.Collect$$libinit$$00000027          0x08000202   Section        8  libinit2.o(.ARM.Collect$$libinit$$00000027)
    .ARM.Collect$$libinit$$0000002E          0x0800020a   Section        0  libinit2.o(.ARM.Collect$$libinit$$0000002E)
    .ARM.Collect$$libinit$$00000030          0x0800020a   Section        0  libinit2.o(.ARM.Collect$$libinit$$00000030)
    .ARM.Collect$$libinit$$00000032          0x0800020a   Section        0  libinit2.o(.ARM.Collect$$libinit$$00000032)
    .ARM.Collect$$libinit$$00000033          0x0800020a   Section        2  libinit2.o(.ARM.Collect$$libinit$$00000033)
    .ARM.Collect$$libshutdown$$00000000      0x0800020c   Section        2  libshutdown.o(.ARM.Collect$$libshutdown$$00000000)
    .ARM.Collect$$libshutdown$$00000002      0x0800020e   Section        0  libshutdown2.o(.ARM.Collect$$libshutdown$$00000002)
    .ARM.Collect$$libshutdown$$00000004      0x0800020e   Section        0  libshutdown2.o(.ARM.Collect$$libshutdown$$00000004)
    .ARM.Collect$$libshutdown$$00000007      0x0800020e   Section        0  libshutdown2.o(.ARM.Collect$$libshutdown$$00000007)
    .ARM.Collect$$libshutdown$$0000000A      0x0800020e   Section        0  libshutdown2.o(.ARM.Collect$$libshutdown$$0000000A)
    .ARM.Collect$$libshutdown$$0000000C      0x0800020e   Section        0  libshutdown2.o(.ARM.Collect$$libshutdown$$0000000C)
    .ARM.Collect$$libshutdown$$0000000F      0x0800020e   Section        0  libshutdown2.o(.ARM.Collect$$libshutdown$$0000000F)
    .ARM.Collect$$libshutdown$$00000010      0x0800020e   Section        2  libshutdown2.o(.ARM.Collect$$libshutdown$$00000010)
    .ARM.Collect$$rtentry$$00000000          0x08000210   Section        0  __rtentry.o(.ARM.Collect$$rtentry$$00000000)
    .ARM.Collect$$rtentry$$00000002          0x08000210   Section        0  __rtentry2.o(.ARM.Collect$$rtentry$$00000002)
    .ARM.Collect$$rtentry$$00000004          0x08000210   Section        6  __rtentry4.o(.ARM.Collect$$rtentry$$00000004)
    .ARM.Collect$$rtentry$$00000009          0x08000216   Section        0  __rtentry2.o(.ARM.Collect$$rtentry$$00000009)
    .ARM.Collect$$rtentry$$0000000A          0x08000216   Section        4  __rtentry2.o(.ARM.Collect$$rtentry$$0000000A)
    .ARM.Collect$$rtentry$$0000000C          0x0800021a   Section        0  __rtentry2.o(.ARM.Collect$$rtentry$$0000000C)
    .ARM.Collect$$rtentry$$0000000D          0x0800021a   Section        8  __rtentry2.o(.ARM.Collect$$rtentry$$0000000D)
    .ARM.Collect$$rtexit$$00000000           0x08000222   Section        2  rtexit.o(.ARM.Collect$$rtexit$$00000000)
    .ARM.Collect$$rtexit$$00000002           0x08000224   Section        0  rtexit2.o(.ARM.Collect$$rtexit$$00000002)
    .ARM.Collect$$rtexit$$00000003           0x08000224   Section        4  rtexit2.o(.ARM.Collect$$rtexit$$00000003)
    .ARM.Collect$$rtexit$$00000004           0x08000228   Section        6  rtexit2.o(.ARM.Collect$$rtexit$$00000004)
    .emb_text                                0x08000230   Section        4  argv_veneer.o(.emb_text)
    $v0                                      0x08000234   Number         0  startup_stm32f407xx.o(.text)
    .text                                    0x08000234   Section       64  startup_stm32f407xx.o(.text)
    .text                                    0x08000274   Section      240  lludivv7m.o(.text)
    .text                                    0x08000364   Section       78  rt_memclr_w.o(.text)
    .text                                    0x080003b2   Section        0  heapauxi.o(.text)
    .text                                    0x080003b8   Section        8  libspace.o(.text)
    .text                                    0x080003c0   Section       74  sys_stackheap_outer.o(.text)
    .text                                    0x0800040a   Section        0  exit.o(.text)
    .text                                    0x0800041c   Section        0  defsig_exit.o(.text)
    .text                                    0x08000428   Section        0  sys_exit.o(.text)
    .text                                    0x08000434   Section        0  defsig_general.o(.text)
    .text                                    0x08000466   Section        0  sys_wrch.o(.text)
    .text                                    0x08000474   Section        2  use_no_semi.o(.text)
    .text                                    0x08000476   Section        0  indicate_semi.o(.text)
    .text                                    0x08000476   Section        0  _get_argv_nomalloc.o(.text)
    .text                                    0x080005a4   Section        0  sys_command.o(.text)
    .text                                    0x080005bc   Section        0  hrguard.o(.text)
    .text                                    0x080005c0   Section        0  defsig_rtmem_inner.o(.text)
    .text                                    0x08000610   Section        0  defsig_rtmem_outer.o(.text)
    [Anonymous Symbol]                       0x08000620   Section        0  stm32f4xx_it.o(.text.BusFault_Handler)
    [Anonymous Symbol]                       0x08000624   Section        0  stm32f4xx_it.o(.text.DMA1_Stream4_IRQHandler)
    DMA_CalcBaseAndBitshift                  0x08000635   Thumb Code    86  stm32f4xx_hal_dma.o(.text.DMA_CalcBaseAndBitshift)
    [Anonymous Symbol]                       0x08000634   Section        0  stm32f4xx_hal_dma.o(.text.DMA_CalcBaseAndBitshift)
    DMA_CheckFifoParam                       0x0800068d   Thumb Code   248  stm32f4xx_hal_dma.o(.text.DMA_CheckFifoParam)
    [Anonymous Symbol]                       0x0800068c   Section        0  stm32f4xx_hal_dma.o(.text.DMA_CheckFifoParam)
    [Anonymous Symbol]                       0x08000784   Section        0  stm32f4xx_it.o(.text.DebugMon_Handler)
    [Anonymous Symbol]                       0x08000788   Section        0  main.o(.text.Error_Handler)
    [Anonymous Symbol]                       0x08000798   Section        0  stm32f4xx_hal_dma.o(.text.HAL_DMA_IRQHandler)
    [Anonymous Symbol]                       0x08000adc   Section        0  stm32f4xx_hal_dma.o(.text.HAL_DMA_Init)
    [Anonymous Symbol]                       0x08000c54   Section        0  stm32f4xx_hal_gpio.o(.text.HAL_GPIO_Init)
    [Anonymous Symbol]                       0x08001018   Section        0  stm32f4xx_hal_gpio.o(.text.HAL_GPIO_WritePin)
    [Anonymous Symbol]                       0x0800104c   Section        0  stm32f4xx_hal.o(.text.HAL_GetTick)
    [Anonymous Symbol]                       0x08001058   Section        0  stm32f4xx_hal.o(.text.HAL_IncTick)
    [Anonymous Symbol]                       0x08001074   Section        0  stm32f4xx_hal.o(.text.HAL_Init)
    [Anonymous Symbol]                       0x080010b0   Section        0  stm32f4xx_hal.o(.text.HAL_InitTick)
    [Anonymous Symbol]                       0x08001124   Section        0  stm32f4xx_hal_msp.o(.text.HAL_MspInit)
    [Anonymous Symbol]                       0x08001170   Section        0  stm32f4xx_hal_cortex.o(.text.HAL_NVIC_EnableIRQ)
    [Anonymous Symbol]                       0x08001188   Section        0  stm32f4xx_hal_cortex.o(.text.HAL_NVIC_SetPriority)
    [Anonymous Symbol]                       0x080011c8   Section        0  stm32f4xx_hal_cortex.o(.text.HAL_NVIC_SetPriorityGrouping)
    [Anonymous Symbol]                       0x080011d8   Section        0  stm32f4xx_hal_rcc.o(.text.HAL_RCC_ClockConfig)
    [Anonymous Symbol]                       0x0800143c   Section        0  stm32f4xx_hal_rcc.o(.text.HAL_RCC_GetSysClockFreq)
    [Anonymous Symbol]                       0x08001524   Section        0  stm32f4xx_hal_rcc.o(.text.HAL_RCC_OscConfig)
    [Anonymous Symbol]                       0x08001bf0   Section        0  stm32f4xx_hal_spi.o(.text.HAL_SPI_Init)
    [Anonymous Symbol]                       0x08001cf4   Section        0  spi.o(.text.HAL_SPI_MspInit)
    [Anonymous Symbol]                       0x08001ddc   Section        0  stm32f4xx_hal_cortex.o(.text.HAL_SYSTICK_Config)
    [Anonymous Symbol]                       0x08001dec   Section        0  stm32f4xx_hal_tim.o(.text.HAL_TIM_Base_Init)
    [Anonymous Symbol]                       0x08001e94   Section        0  tim.o(.text.HAL_TIM_Base_MspInit)
    [Anonymous Symbol]                       0x08001ed4   Section        0  stm32f4xx_it.o(.text.HardFault_Handler)
    [Anonymous Symbol]                       0x08001ed8   Section        0  dma.o(.text.MX_DMA_Init)
    [Anonymous Symbol]                       0x08001f18   Section        0  gpio.o(.text.MX_GPIO_Init)
    [Anonymous Symbol]                       0x08001fe4   Section        0  spi.o(.text.MX_SPI2_Init)
    [Anonymous Symbol]                       0x08002030   Section        0  tim.o(.text.MX_TIM14_Init)
    [Anonymous Symbol]                       0x0800206c   Section        0  stm32f4xx_it.o(.text.MemManage_Handler)
    [Anonymous Symbol]                       0x08002070   Section        0  stm32f4xx_it.o(.text.NMI_Handler)
    NVIC_EncodePriority                      0x08002075   Thumb Code   110  stm32f4xx_hal_cortex.o(.text.NVIC_EncodePriority)
    [Anonymous Symbol]                       0x08002074   Section        0  stm32f4xx_hal_cortex.o(.text.NVIC_EncodePriority)
    [Anonymous Symbol]                       0x080020e4   Section        0  stm32f4xx_it.o(.text.PendSV_Handler)
    [Anonymous Symbol]                       0x080020e8   Section        0  stm32f4xx_it.o(.text.SVC_Handler)
    SysTick_Config                           0x080020ed   Thumb Code    82  stm32f4xx_hal_cortex.o(.text.SysTick_Config)
    [Anonymous Symbol]                       0x080020ec   Section        0  stm32f4xx_hal_cortex.o(.text.SysTick_Config)
    [Anonymous Symbol]                       0x08002140   Section        0  stm32f4xx_it.o(.text.SysTick_Handler)
    [Anonymous Symbol]                       0x08002148   Section        0  main.o(.text.SystemClock_Config)
    [Anonymous Symbol]                       0x08002208   Section        0  system_stm32f4xx.o(.text.SystemInit)
    [Anonymous Symbol]                       0x0800221c   Section        0  stm32f4xx_hal_tim.o(.text.TIM_Base_SetConfig)
    [Anonymous Symbol]                       0x080023b8   Section        0  stm32f4xx_it.o(.text.UsageFault_Handler)
    __NVIC_EnableIRQ                         0x080023bd   Thumb Code    52  stm32f4xx_hal_cortex.o(.text.__NVIC_EnableIRQ)
    [Anonymous Symbol]                       0x080023bc   Section        0  stm32f4xx_hal_cortex.o(.text.__NVIC_EnableIRQ)
    __NVIC_GetPriorityGrouping               0x080023f1   Thumb Code    16  stm32f4xx_hal_cortex.o(.text.__NVIC_GetPriorityGrouping)
    [Anonymous Symbol]                       0x080023f0   Section        0  stm32f4xx_hal_cortex.o(.text.__NVIC_GetPriorityGrouping)
    __NVIC_SetPriority                       0x08002401   Thumb Code    68  stm32f4xx_hal_cortex.o(.text.__NVIC_SetPriority)
    [Anonymous Symbol]                       0x08002400   Section        0  stm32f4xx_hal_cortex.o(.text.__NVIC_SetPriority)
    __NVIC_SetPriorityGrouping               0x08002445   Thumb Code    60  stm32f4xx_hal_cortex.o(.text.__NVIC_SetPriorityGrouping)
    [Anonymous Symbol]                       0x08002444   Section        0  stm32f4xx_hal_cortex.o(.text.__NVIC_SetPriorityGrouping)
    [Anonymous Symbol]                       0x08002480   Section        0  main.o(.text.main)
    $v0                                      0x080024a6   Number         0  fpinit.o(x$fpl$fpinit)
    x$fpl$fpinit                             0x080024a6   Section       26  fpinit.o(x$fpl$fpinit)
    DMA_CalcBaseAndBitshift.flagBitshiftOffset 0x080024d0   Data           8  stm32f4xx_hal_dma.o(.rodata.DMA_CalcBaseAndBitshift.flagBitshiftOffset)
    [Anonymous Symbol]                       0x080024d0   Section        0  stm32f4xx_hal_dma.o(.rodata.DMA_CalcBaseAndBitshift.flagBitshiftOffset)
    .bss                                     0x20000010   Section       96  libspace.o(.bss)
    Heap_Mem                                 0x20000178   Data        8192  startup_stm32f407xx.o(HEAP)
    HEAP                                     0x20000178   Section     8192  startup_stm32f407xx.o(HEAP)
    Stack_Mem                                0x20002178   Data        4096  startup_stm32f407xx.o(STACK)
    STACK                                    0x20002178   Section     4096  startup_stm32f407xx.o(STACK)
    __initial_sp                             0x20003178   Data           0  startup_stm32f407xx.o(STACK)

    Global Symbols

    Symbol Name                              Value     Ov Type        Size  Object(Section)

    BuildAttributes$$THM_ISAv4$E$P$D$K$B$S$7EM$VFPi3$EXTD16$VFPS$VFMA$PE$A:L22UL41UL21$X:L11$S22US41US21$IEEE1$IW$~IW$USESV6$~STKCKD$USESV7$~SHL$OTIME$ROPI$IEEEX$EBA8$UX$STANDARDLIB$REQ8$PRES8$EABIv2 0x00000000   Number         0  anon$$obj.o ABSOLUTE
    _printf_flags                            0x00000000   Number         0  printf_stubs.o ABSOLUTE
    _printf_return_value                     0x00000000   Number         0  printf_stubs.o ABSOLUTE
    _printf_sizespec                         0x00000000   Number         0  printf_stubs.o ABSOLUTE
    _printf_widthprec                        0x00000000   Number         0  printf_stubs.o ABSOLUTE
    __ARM_exceptions_init                     - Undefined Weak Reference
    __alloca_initialize                       - Undefined Weak Reference
    __arm_preinit_                            - Undefined Weak Reference
    __cpp_initialize__aeabi_                  - Undefined Weak Reference
    __cxa_finalize                            - Undefined Weak Reference
    __sigvec_lookup                           - Undefined Weak Reference
    _atexit_init                              - Undefined Weak Reference
    _call_atexit_fns                          - Undefined Weak Reference
    _clock_init                               - Undefined Weak Reference
    _fp_trap_init                             - Undefined Weak Reference
    _fp_trap_shutdown                         - Undefined Weak Reference
    _get_lc_collate                           - Undefined Weak Reference
    _get_lc_monetary                          - Undefined Weak Reference
    _get_lc_time                              - Undefined Weak Reference
    _getenv_init                              - Undefined Weak Reference
    _handle_redirection                       - Undefined Weak Reference
    _init_alloc                               - Undefined Weak Reference
    _init_user_alloc                          - Undefined Weak Reference
    _initio                                   - Undefined Weak Reference
    _printf_mbtowc                            - Undefined Weak Reference
    _printf_wc                                - Undefined Weak Reference
    _rand_init                                - Undefined Weak Reference
    _signal_finish                            - Undefined Weak Reference
    _signal_init                              - Undefined Weak Reference
    _terminate_alloc                          - Undefined Weak Reference
    _terminate_user_alloc                     - Undefined Weak Reference
    _terminateio                              - Undefined Weak Reference
    __Vectors_Size                           0x00000188   Number         0  startup_stm32f407xx.o ABSOLUTE
    __Vectors                                0x08000000   Data           4  startup_stm32f407xx.o(RESET)
    __Vectors_End                            0x08000188   Data           0  startup_stm32f407xx.o(RESET)
    __main                                   0x08000189   Thumb Code     8  __main.o(!!!main)
    __scatterload                            0x08000191   Thumb Code     0  __scatter.o(!!!scatter)
    __scatterload_rt2                        0x08000191   Thumb Code    44  __scatter.o(!!!scatter)
    __scatterload_rt2_thumb_only             0x08000191   Thumb Code     0  __scatter.o(!!!scatter)
    __scatterload_null                       0x0800019f   Thumb Code     0  __scatter.o(!!!scatter)
    __scatterload_copy                       0x080001c5   Thumb Code    26  __scatter_copy.o(!!handler_copy)
    __scatterload_zeroinit                   0x080001e1   Thumb Code    28  __scatter_zi.o(!!handler_zi)
    __rt_lib_init                            0x080001fd   Thumb Code     0  libinit.o(.ARM.Collect$$libinit$$00000000)
    __rt_lib_init_fp_1                       0x080001ff   Thumb Code     0  libinit2.o(.ARM.Collect$$libinit$$00000001)
    __rt_lib_init_argv_1                     0x08000203   Thumb Code     0  libinit2.o(.ARM.Collect$$libinit$$00000027)
    __rt_lib_init_atexit_1                   0x08000203   Thumb Code     0  libinit2.o(.ARM.Collect$$libinit$$0000001B)
    __rt_lib_init_clock_1                    0x08000203   Thumb Code     0  libinit2.o(.ARM.Collect$$libinit$$00000021)
    __rt_lib_init_fp_trap_1                  0x08000203   Thumb Code     0  libinit2.o(.ARM.Collect$$libinit$$0000001F)
    __rt_lib_init_getenv_1                   0x08000203   Thumb Code     0  libinit2.o(.ARM.Collect$$libinit$$00000023)
    __rt_lib_init_heap_1                     0x08000203   Thumb Code     0  libinit2.o(.ARM.Collect$$libinit$$0000000A)
    __rt_lib_init_heapregion_libspace_used   0x08000203   Thumb Code     0  libinit2.o(.ARM.Collect$$libinit$$00000027)
    __rt_lib_init_lc_collate_1               0x08000203   Thumb Code     0  libinit2.o(.ARM.Collect$$libinit$$00000011)
    __rt_lib_init_lc_ctype_1                 0x08000203   Thumb Code     0  libinit2.o(.ARM.Collect$$libinit$$00000013)
    __rt_lib_init_lc_monetary_1              0x08000203   Thumb Code     0  libinit2.o(.ARM.Collect$$libinit$$00000015)
    __rt_lib_init_lc_numeric_1               0x08000203   Thumb Code     0  libinit2.o(.ARM.Collect$$libinit$$00000017)
    __rt_lib_init_lc_time_1                  0x08000203   Thumb Code     0  libinit2.o(.ARM.Collect$$libinit$$00000019)
    __rt_lib_init_preinit_1                  0x08000203   Thumb Code     0  libinit2.o(.ARM.Collect$$libinit$$00000004)
    __rt_lib_init_rand_1                     0x08000203   Thumb Code     0  libinit2.o(.ARM.Collect$$libinit$$0000000E)
    __rt_lib_init_signal_1                   0x08000203   Thumb Code     0  libinit2.o(.ARM.Collect$$libinit$$0000001D)
    __rt_lib_init_stdio_1                    0x08000203   Thumb Code     0  libinit2.o(.ARM.Collect$$libinit$$00000025)
    __rt_lib_init_user_alloc_1               0x08000203   Thumb Code     0  libinit2.o(.ARM.Collect$$libinit$$0000000C)
    __rt_lib_init_alloca_1                   0x0800020b   Thumb Code     0  libinit2.o(.ARM.Collect$$libinit$$0000002E)
    __rt_lib_init_cpp_1                      0x0800020b   Thumb Code     0  libinit2.o(.ARM.Collect$$libinit$$00000032)
    __rt_lib_init_exceptions_1               0x0800020b   Thumb Code     0  libinit2.o(.ARM.Collect$$libinit$$00000030)
    __rt_lib_init_return                     0x0800020b   Thumb Code     0  libinit2.o(.ARM.Collect$$libinit$$00000033)
    __rt_lib_shutdown                        0x0800020d   Thumb Code     0  libshutdown.o(.ARM.Collect$$libshutdown$$00000000)
    __rt_lib_shutdown_cpp_1                  0x0800020f   Thumb Code     0  libshutdown2.o(.ARM.Collect$$libshutdown$$00000002)
    __rt_lib_shutdown_fp_trap_1              0x0800020f   Thumb Code     0  libshutdown2.o(.ARM.Collect$$libshutdown$$00000007)
    __rt_lib_shutdown_heap_1                 0x0800020f   Thumb Code     0  libshutdown2.o(.ARM.Collect$$libshutdown$$0000000F)
    __rt_lib_shutdown_return                 0x0800020f   Thumb Code     0  libshutdown2.o(.ARM.Collect$$libshutdown$$00000010)
    __rt_lib_shutdown_signal_1               0x0800020f   Thumb Code     0  libshutdown2.o(.ARM.Collect$$libshutdown$$0000000A)
    __rt_lib_shutdown_stdio_1                0x0800020f   Thumb Code     0  libshutdown2.o(.ARM.Collect$$libshutdown$$00000004)
    __rt_lib_shutdown_user_alloc_1           0x0800020f   Thumb Code     0  libshutdown2.o(.ARM.Collect$$libshutdown$$0000000C)
    __rt_entry                               0x08000211   Thumb Code     0  __rtentry.o(.ARM.Collect$$rtentry$$00000000)
    __rt_entry_presh_1                       0x08000211   Thumb Code     0  __rtentry2.o(.ARM.Collect$$rtentry$$00000002)
    __rt_entry_sh                            0x08000211   Thumb Code     0  __rtentry4.o(.ARM.Collect$$rtentry$$00000004)
    __rt_entry_li                            0x08000217   Thumb Code     0  __rtentry2.o(.ARM.Collect$$rtentry$$0000000A)
    __rt_entry_postsh_1                      0x08000217   Thumb Code     0  __rtentry2.o(.ARM.Collect$$rtentry$$00000009)
    __rt_entry_main                          0x0800021b   Thumb Code     0  __rtentry2.o(.ARM.Collect$$rtentry$$0000000D)
    __rt_entry_postli_1                      0x0800021b   Thumb Code     0  __rtentry2.o(.ARM.Collect$$rtentry$$0000000C)
    __rt_exit                                0x08000223   Thumb Code     0  rtexit.o(.ARM.Collect$$rtexit$$00000000)
    __rt_exit_ls                             0x08000225   Thumb Code     0  rtexit2.o(.ARM.Collect$$rtexit$$00000003)
    __rt_exit_prels_1                        0x08000225   Thumb Code     0  rtexit2.o(.ARM.Collect$$rtexit$$00000002)
    __rt_exit_exit                           0x08000229   Thumb Code     0  rtexit2.o(.ARM.Collect$$rtexit$$00000004)
    __ARM_argv_veneer                        0x08000231   Thumb Code     4  argv_veneer.o(.emb_text)
    Reset_Handler                            0x08000235   Thumb Code     8  startup_stm32f407xx.o(.text)
    ADC_IRQHandler                           0x0800024f   Thumb Code     0  startup_stm32f407xx.o(.text)
    CAN1_RX0_IRQHandler                      0x0800024f   Thumb Code     0  startup_stm32f407xx.o(.text)
    CAN1_RX1_IRQHandler                      0x0800024f   Thumb Code     0  startup_stm32f407xx.o(.text)
    CAN1_SCE_IRQHandler                      0x0800024f   Thumb Code     0  startup_stm32f407xx.o(.text)
    CAN1_TX_IRQHandler                       0x0800024f   Thumb Code     0  startup_stm32f407xx.o(.text)
    CAN2_RX0_IRQHandler                      0x0800024f   Thumb Code     0  startup_stm32f407xx.o(.text)
    CAN2_RX1_IRQHandler                      0x0800024f   Thumb Code     0  startup_stm32f407xx.o(.text)
    CAN2_SCE_IRQHandler                      0x0800024f   Thumb Code     0  startup_stm32f407xx.o(.text)
    CAN2_TX_IRQHandler                       0x0800024f   Thumb Code     0  startup_stm32f407xx.o(.text)
    DCMI_IRQHandler                          0x0800024f   Thumb Code     0  startup_stm32f407xx.o(.text)
    DMA1_Stream0_IRQHandler                  0x0800024f   Thumb Code     0  startup_stm32f407xx.o(.text)
    DMA1_Stream1_IRQHandler                  0x0800024f   Thumb Code     0  startup_stm32f407xx.o(.text)
    DMA1_Stream2_IRQHandler                  0x0800024f   Thumb Code     0  startup_stm32f407xx.o(.text)
    DMA1_Stream3_IRQHandler                  0x0800024f   Thumb Code     0  startup_stm32f407xx.o(.text)
    DMA1_Stream5_IRQHandler                  0x0800024f   Thumb Code     0  startup_stm32f407xx.o(.text)
    DMA1_Stream6_IRQHandler                  0x0800024f   Thumb Code     0  startup_stm32f407xx.o(.text)
    DMA1_Stream7_IRQHandler                  0x0800024f   Thumb Code     0  startup_stm32f407xx.o(.text)
    DMA2_Stream0_IRQHandler                  0x0800024f   Thumb Code     0  startup_stm32f407xx.o(.text)
    DMA2_Stream1_IRQHandler                  0x0800024f   Thumb Code     0  startup_stm32f407xx.o(.text)
    DMA2_Stream2_IRQHandler                  0x0800024f   Thumb Code     0  startup_stm32f407xx.o(.text)
    DMA2_Stream3_IRQHandler                  0x0800024f   Thumb Code     0  startup_stm32f407xx.o(.text)
    DMA2_Stream4_IRQHandler                  0x0800024f   Thumb Code     0  startup_stm32f407xx.o(.text)
    DMA2_Stream5_IRQHandler                  0x0800024f   Thumb Code     0  startup_stm32f407xx.o(.text)
    DMA2_Stream6_IRQHandler                  0x0800024f   Thumb Code     0  startup_stm32f407xx.o(.text)
    DMA2_Stream7_IRQHandler                  0x0800024f   Thumb Code     0  startup_stm32f407xx.o(.text)
    ETH_IRQHandler                           0x0800024f   Thumb Code     0  startup_stm32f407xx.o(.text)
    ETH_WKUP_IRQHandler                      0x0800024f   Thumb Code     0  startup_stm32f407xx.o(.text)
    EXTI0_IRQHandler                         0x0800024f   Thumb Code     0  startup_stm32f407xx.o(.text)
    EXTI15_10_IRQHandler                     0x0800024f   Thumb Code     0  startup_stm32f407xx.o(.text)
    EXTI1_IRQHandler                         0x0800024f   Thumb Code     0  startup_stm32f407xx.o(.text)
    EXTI2_IRQHandler                         0x0800024f   Thumb Code     0  startup_stm32f407xx.o(.text)
    EXTI3_IRQHandler                         0x0800024f   Thumb Code     0  startup_stm32f407xx.o(.text)
    EXTI4_IRQHandler                         0x0800024f   Thumb Code     0  startup_stm32f407xx.o(.text)
    EXTI9_5_IRQHandler                       0x0800024f   Thumb Code     0  startup_stm32f407xx.o(.text)
    FLASH_IRQHandler                         0x0800024f   Thumb Code     0  startup_stm32f407xx.o(.text)
    FMC_IRQHandler                           0x0800024f   Thumb Code     0  startup_stm32f407xx.o(.text)
    FPU_IRQHandler                           0x0800024f   Thumb Code     0  startup_stm32f407xx.o(.text)
    HASH_RNG_IRQHandler                      0x0800024f   Thumb Code     0  startup_stm32f407xx.o(.text)
    I2C1_ER_IRQHandler                       0x0800024f   Thumb Code     0  startup_stm32f407xx.o(.text)
    I2C1_EV_IRQHandler                       0x0800024f   Thumb Code     0  startup_stm32f407xx.o(.text)
    I2C2_ER_IRQHandler                       0x0800024f   Thumb Code     0  startup_stm32f407xx.o(.text)
    I2C2_EV_IRQHandler                       0x0800024f   Thumb Code     0  startup_stm32f407xx.o(.text)
    I2C3_ER_IRQHandler                       0x0800024f   Thumb Code     0  startup_stm32f407xx.o(.text)
    I2C3_EV_IRQHandler                       0x0800024f   Thumb Code     0  startup_stm32f407xx.o(.text)
    OTG_FS_IRQHandler                        0x0800024f   Thumb Code     0  startup_stm32f407xx.o(.text)
    OTG_FS_WKUP_IRQHandler                   0x0800024f   Thumb Code     0  startup_stm32f407xx.o(.text)
    OTG_HS_EP1_IN_IRQHandler                 0x0800024f   Thumb Code     0  startup_stm32f407xx.o(.text)
    OTG_HS_EP1_OUT_IRQHandler                0x0800024f   Thumb Code     0  startup_stm32f407xx.o(.text)
    OTG_HS_IRQHandler                        0x0800024f   Thumb Code     0  startup_stm32f407xx.o(.text)
    OTG_HS_WKUP_IRQHandler                   0x0800024f   Thumb Code     0  startup_stm32f407xx.o(.text)
    PVD_IRQHandler                           0x0800024f   Thumb Code     0  startup_stm32f407xx.o(.text)
    RCC_IRQHandler                           0x0800024f   Thumb Code     0  startup_stm32f407xx.o(.text)
    RTC_Alarm_IRQHandler                     0x0800024f   Thumb Code     0  startup_stm32f407xx.o(.text)
    RTC_WKUP_IRQHandler                      0x0800024f   Thumb Code     0  startup_stm32f407xx.o(.text)
    SDIO_IRQHandler                          0x0800024f   Thumb Code     0  startup_stm32f407xx.o(.text)
    SPI1_IRQHandler                          0x0800024f   Thumb Code     0  startup_stm32f407xx.o(.text)
    SPI2_IRQHandler                          0x0800024f   Thumb Code     0  startup_stm32f407xx.o(.text)
    SPI3_IRQHandler                          0x0800024f   Thumb Code     0  startup_stm32f407xx.o(.text)
    TAMP_STAMP_IRQHandler                    0x0800024f   Thumb Code     0  startup_stm32f407xx.o(.text)
    TIM1_BRK_TIM9_IRQHandler                 0x0800024f   Thumb Code     0  startup_stm32f407xx.o(.text)
    TIM1_CC_IRQHandler                       0x0800024f   Thumb Code     0  startup_stm32f407xx.o(.text)
    TIM1_TRG_COM_TIM11_IRQHandler            0x0800024f   Thumb Code     0  startup_stm32f407xx.o(.text)
    TIM1_UP_TIM10_IRQHandler                 0x0800024f   Thumb Code     0  startup_stm32f407xx.o(.text)
    TIM2_IRQHandler                          0x0800024f   Thumb Code     0  startup_stm32f407xx.o(.text)
    TIM3_IRQHandler                          0x0800024f   Thumb Code     0  startup_stm32f407xx.o(.text)
    TIM4_IRQHandler                          0x0800024f   Thumb Code     0  startup_stm32f407xx.o(.text)
    TIM5_IRQHandler                          0x0800024f   Thumb Code     0  startup_stm32f407xx.o(.text)
    TIM6_DAC_IRQHandler                      0x0800024f   Thumb Code     0  startup_stm32f407xx.o(.text)
    TIM7_IRQHandler                          0x0800024f   Thumb Code     0  startup_stm32f407xx.o(.text)
    TIM8_BRK_TIM12_IRQHandler                0x0800024f   Thumb Code     0  startup_stm32f407xx.o(.text)
    TIM8_CC_IRQHandler                       0x0800024f   Thumb Code     0  startup_stm32f407xx.o(.text)
    TIM8_TRG_COM_TIM14_IRQHandler            0x0800024f   Thumb Code     0  startup_stm32f407xx.o(.text)
    TIM8_UP_TIM13_IRQHandler                 0x0800024f   Thumb Code     0  startup_stm32f407xx.o(.text)
    UART4_IRQHandler                         0x0800024f   Thumb Code     0  startup_stm32f407xx.o(.text)
    UART5_IRQHandler                         0x0800024f   Thumb Code     0  startup_stm32f407xx.o(.text)
    USART1_IRQHandler                        0x0800024f   Thumb Code     0  startup_stm32f407xx.o(.text)
    USART2_IRQHandler                        0x0800024f   Thumb Code     0  startup_stm32f407xx.o(.text)
    USART3_IRQHandler                        0x0800024f   Thumb Code     0  startup_stm32f407xx.o(.text)
    USART6_IRQHandler                        0x0800024f   Thumb Code     0  startup_stm32f407xx.o(.text)
    WWDG_IRQHandler                          0x0800024f   Thumb Code     0  startup_stm32f407xx.o(.text)
    __user_initial_stackheap                 0x08000251   Thumb Code     0  startup_stm32f407xx.o(.text)
    __aeabi_uldivmod                         0x08000275   Thumb Code     0  lludivv7m.o(.text)
    _ll_udiv                                 0x08000275   Thumb Code   240  lludivv7m.o(.text)
    __aeabi_memclr4                          0x08000365   Thumb Code     0  rt_memclr_w.o(.text)
    __aeabi_memclr8                          0x08000365   Thumb Code     0  rt_memclr_w.o(.text)
    __rt_memclr_w                            0x08000365   Thumb Code    78  rt_memclr_w.o(.text)
    _memset_w                                0x08000369   Thumb Code     0  rt_memclr_w.o(.text)
    __use_two_region_memory                  0x080003b3   Thumb Code     2  heapauxi.o(.text)
    __rt_heap_escrow$2region                 0x080003b5   Thumb Code     2  heapauxi.o(.text)
    __rt_heap_expand$2region                 0x080003b7   Thumb Code     2  heapauxi.o(.text)
    __user_libspace                          0x080003b9   Thumb Code     8  libspace.o(.text)
    __user_perproc_libspace                  0x080003b9   Thumb Code     0  libspace.o(.text)
    __user_perthread_libspace                0x080003b9   Thumb Code     0  libspace.o(.text)
    __user_setup_stackheap                   0x080003c1   Thumb Code    74  sys_stackheap_outer.o(.text)
    exit                                     0x0800040b   Thumb Code    18  exit.o(.text)
    __sig_exit                               0x0800041d   Thumb Code    10  defsig_exit.o(.text)
    _sys_exit                                0x08000429   Thumb Code     8  sys_exit.o(.text)
    __default_signal_display                 0x08000435   Thumb Code    50  defsig_general.o(.text)
    _ttywrch                                 0x08000467   Thumb Code    14  sys_wrch.o(.text)
    __I$use$semihosting                      0x08000475   Thumb Code     0  use_no_semi.o(.text)
    __use_no_semihosting_swi                 0x08000475   Thumb Code     2  use_no_semi.o(.text)
    __argv_alloc                             0x08000477   Thumb Code    34  _get_argv_nomalloc.o(.text)
    __semihosting_library_function           0x08000477   Thumb Code     0  indicate_semi.o(.text)
    __ARM_get_argv                           0x08000499   Thumb Code   268  _get_argv_nomalloc.o(.text)
    _sys_command_string                      0x080005a5   Thumb Code    24  sys_command.o(.text)
    __use_no_heap_region                     0x080005bd   Thumb Code     2  hrguard.o(.text)
    __heap_region$guard                      0x080005bf   Thumb Code     2  hrguard.o(.text)
    __rt_SIGRTMEM_inner                      0x080005c1   Thumb Code    22  defsig_rtmem_inner.o(.text)
    __rt_SIGRTMEM                            0x08000611   Thumb Code    14  defsig_rtmem_outer.o(.text)
    BusFault_Handler                         0x08000621   Thumb Code     4  stm32f4xx_it.o(.text.BusFault_Handler)
    DMA1_Stream4_IRQHandler                  0x08000625   Thumb Code    16  stm32f4xx_it.o(.text.DMA1_Stream4_IRQHandler)
    DebugMon_Handler                         0x08000785   Thumb Code     2  stm32f4xx_it.o(.text.DebugMon_Handler)
    Error_Handler                            0x08000789   Thumb Code    14  main.o(.text.Error_Handler)
    HAL_DMA_IRQHandler                       0x08000799   Thumb Code   836  stm32f4xx_hal_dma.o(.text.HAL_DMA_IRQHandler)
    HAL_DMA_Init                             0x08000add   Thumb Code   376  stm32f4xx_hal_dma.o(.text.HAL_DMA_Init)
    HAL_GPIO_Init                            0x08000c55   Thumb Code   962  stm32f4xx_hal_gpio.o(.text.HAL_GPIO_Init)
    HAL_GPIO_WritePin                        0x08001019   Thumb Code    52  stm32f4xx_hal_gpio.o(.text.HAL_GPIO_WritePin)
    HAL_GetTick                              0x0800104d   Thumb Code    12  stm32f4xx_hal.o(.text.HAL_GetTick)
    HAL_IncTick                              0x08001059   Thumb Code    26  stm32f4xx_hal.o(.text.HAL_IncTick)
    HAL_Init                                 0x08001075   Thumb Code    60  stm32f4xx_hal.o(.text.HAL_Init)
    HAL_InitTick                             0x080010b1   Thumb Code   114  stm32f4xx_hal.o(.text.HAL_InitTick)
    HAL_MspInit                              0x08001125   Thumb Code    74  stm32f4xx_hal_msp.o(.text.HAL_MspInit)
    HAL_NVIC_EnableIRQ                       0x08001171   Thumb Code    24  stm32f4xx_hal_cortex.o(.text.HAL_NVIC_EnableIRQ)
    HAL_NVIC_SetPriority                     0x08001189   Thumb Code    64  stm32f4xx_hal_cortex.o(.text.HAL_NVIC_SetPriority)
    HAL_NVIC_SetPriorityGrouping             0x080011c9   Thumb Code    16  stm32f4xx_hal_cortex.o(.text.HAL_NVIC_SetPriorityGrouping)
    HAL_RCC_ClockConfig                      0x080011d9   Thumb Code   612  stm32f4xx_hal_rcc.o(.text.HAL_RCC_ClockConfig)
    HAL_RCC_GetSysClockFreq                  0x0800143d   Thumb Code   232  stm32f4xx_hal_rcc.o(.text.HAL_RCC_GetSysClockFreq)
    HAL_RCC_OscConfig                        0x08001525   Thumb Code  1738  stm32f4xx_hal_rcc.o(.text.HAL_RCC_OscConfig)
    HAL_SPI_Init                             0x08001bf1   Thumb Code   260  stm32f4xx_hal_spi.o(.text.HAL_SPI_Init)
    HAL_SPI_MspInit                          0x08001cf5   Thumb Code   230  spi.o(.text.HAL_SPI_MspInit)
    HAL_SYSTICK_Config                       0x08001ddd   Thumb Code    16  stm32f4xx_hal_cortex.o(.text.HAL_SYSTICK_Config)
    HAL_TIM_Base_Init                        0x08001ded   Thumb Code   166  stm32f4xx_hal_tim.o(.text.HAL_TIM_Base_Init)
    HAL_TIM_Base_MspInit                     0x08001e95   Thumb Code    62  tim.o(.text.HAL_TIM_Base_MspInit)
    HardFault_Handler                        0x08001ed5   Thumb Code     4  stm32f4xx_it.o(.text.HardFault_Handler)
    MX_DMA_Init                              0x08001ed9   Thumb Code    62  dma.o(.text.MX_DMA_Init)
    MX_GPIO_Init                             0x08001f19   Thumb Code   202  gpio.o(.text.MX_GPIO_Init)
    MX_SPI2_Init                             0x08001fe5   Thumb Code    74  spi.o(.text.MX_SPI2_Init)
    MX_TIM14_Init                            0x08002031   Thumb Code    58  tim.o(.text.MX_TIM14_Init)
    MemManage_Handler                        0x0800206d   Thumb Code     4  stm32f4xx_it.o(.text.MemManage_Handler)
    NMI_Handler                              0x08002071   Thumb Code     4  stm32f4xx_it.o(.text.NMI_Handler)
    PendSV_Handler                           0x080020e5   Thumb Code     2  stm32f4xx_it.o(.text.PendSV_Handler)
    SVC_Handler                              0x080020e9   Thumb Code     2  stm32f4xx_it.o(.text.SVC_Handler)
    SysTick_Handler                          0x08002141   Thumb Code     8  stm32f4xx_it.o(.text.SysTick_Handler)
    SystemClock_Config                       0x08002149   Thumb Code   190  main.o(.text.SystemClock_Config)
    SystemInit                               0x08002209   Thumb Code    18  system_stm32f4xx.o(.text.SystemInit)
    TIM_Base_SetConfig                       0x0800221d   Thumb Code   410  stm32f4xx_hal_tim.o(.text.TIM_Base_SetConfig)
    UsageFault_Handler                       0x080023b9   Thumb Code     4  stm32f4xx_it.o(.text.UsageFault_Handler)
    main                                     0x08002481   Thumb Code    38  main.o(.text.main)
    _fp_init                                 0x080024a7   Thumb Code    26  fpinit.o(x$fpl$fpinit)
    __fplib_config_fpu_vfp                   0x080024bf   Thumb Code     0  fpinit.o(x$fpl$fpinit)
    __fplib_config_pureend_doubles           0x080024bf   Thumb Code     0  fpinit.o(x$fpl$fpinit)
    AHBPrescTable                            0x080024c0   Data          16  system_stm32f4xx.o(.rodata.AHBPrescTable)
    Region$$Table$$Base                      0x080024d8   Number         0  anon$$obj.o(Region$$Table)
    Region$$Table$$Limit                     0x080024f8   Number         0  anon$$obj.o(Region$$Table)
    SystemCoreClock                          0x20000000   Data           4  system_stm32f4xx.o(.data.SystemCoreClock)
    uwTickFreq                               0x20000004   Data           1  stm32f4xx_hal.o(.data.uwTickFreq)
    uwTickPrio                               0x20000008   Data           4  stm32f4xx_hal.o(.data.uwTickPrio)
    __libspace_start                         0x20000010   Data          96  libspace.o(.bss)
    __temporary_stack_top$libspace           0x20000070   Data           0  libspace.o(.bss)
    hdma_spi2_tx                             0x20000070   Data          96  spi.o(.bss.hdma_spi2_tx)
    hspi2                                    0x200000d0   Data          88  spi.o(.bss.hspi2)
    htim14                                   0x20000128   Data          72  tim.o(.bss.htim14)
    uwTick                                   0x20000170   Data           4  stm32f4xx_hal.o(.bss.uwTick)



==============================================================================

Memory Map of the image

  Image Entry point : 0x08000189

  Load Region LR_IROM1 (Base: 0x08000000, Size: 0x00002508, Max: 0x00100000, ABSOLUTE)

    Execution Region ER_IROM1 (Exec base: 0x08000000, Load base: 0x08000000, Size: 0x000024f8, Max: 0x00100000, ABSOLUTE)

    Exec Addr    Load Addr    Size         Type   Attr      Idx    E Section Name        Object

    0x08000000   0x08000000   0x00000188   Data   RO          368    RESET               startup_stm32f407xx.o
    0x08000188   0x08000188   0x00000008   Code   RO         1385  * !!!main             c_w.l(__main.o)
    0x08000190   0x08000190   0x00000034   Code   RO         1850    !!!scatter          c_w.l(__scatter.o)
    0x080001c4   0x080001c4   0x0000001a   Code   RO         1852    !!handler_copy      c_w.l(__scatter_copy.o)
    0x080001de   0x080001de   0x00000002   PAD
    0x080001e0   0x080001e0   0x0000001c   Code   RO         1854    !!handler_zi        c_w.l(__scatter_zi.o)
    0x080001fc   0x080001fc   0x00000002   Code   RO         1708    .ARM.Collect$$libinit$$00000000  c_w.l(libinit.o)
    0x080001fe   0x080001fe   0x00000004   Code   RO         1724    .ARM.Collect$$libinit$$00000001  c_w.l(libinit2.o)
    0x08000202   0x08000202   0x00000000   Code   RO         1727    .ARM.Collect$$libinit$$00000004  c_w.l(libinit2.o)
    0x08000202   0x08000202   0x00000000   Code   RO         1730    .ARM.Collect$$libinit$$0000000A  c_w.l(libinit2.o)
    0x08000202   0x08000202   0x00000000   Code   RO         1732    .ARM.Collect$$libinit$$0000000C  c_w.l(libinit2.o)
    0x08000202   0x08000202   0x00000000   Code   RO         1734    .ARM.Collect$$libinit$$0000000E  c_w.l(libinit2.o)
    0x08000202   0x08000202   0x00000000   Code   RO         1737    .ARM.Collect$$libinit$$00000011  c_w.l(libinit2.o)
    0x08000202   0x08000202   0x00000000   Code   RO         1739    .ARM.Collect$$libinit$$00000013  c_w.l(libinit2.o)
    0x08000202   0x08000202   0x00000000   Code   RO         1741    .ARM.Collect$$libinit$$00000015  c_w.l(libinit2.o)
    0x08000202   0x08000202   0x00000000   Code   RO         1743    .ARM.Collect$$libinit$$00000017  c_w.l(libinit2.o)
    0x08000202   0x08000202   0x00000000   Code   RO         1745    .ARM.Collect$$libinit$$00000019  c_w.l(libinit2.o)
    0x08000202   0x08000202   0x00000000   Code   RO         1747    .ARM.Collect$$libinit$$0000001B  c_w.l(libinit2.o)
    0x08000202   0x08000202   0x00000000   Code   RO         1749    .ARM.Collect$$libinit$$0000001D  c_w.l(libinit2.o)
    0x08000202   0x08000202   0x00000000   Code   RO         1751    .ARM.Collect$$libinit$$0000001F  c_w.l(libinit2.o)
    0x08000202   0x08000202   0x00000000   Code   RO         1753    .ARM.Collect$$libinit$$00000021  c_w.l(libinit2.o)
    0x08000202   0x08000202   0x00000000   Code   RO         1755    .ARM.Collect$$libinit$$00000023  c_w.l(libinit2.o)
    0x08000202   0x08000202   0x00000000   Code   RO         1757    .ARM.Collect$$libinit$$00000025  c_w.l(libinit2.o)
    0x08000202   0x08000202   0x00000008   Code   RO         1759    .ARM.Collect$$libinit$$00000027  c_w.l(libinit2.o)
    0x0800020a   0x0800020a   0x00000000   Code   RO         1763    .ARM.Collect$$libinit$$0000002E  c_w.l(libinit2.o)
    0x0800020a   0x0800020a   0x00000000   Code   RO         1765    .ARM.Collect$$libinit$$00000030  c_w.l(libinit2.o)
    0x0800020a   0x0800020a   0x00000000   Code   RO         1767    .ARM.Collect$$libinit$$00000032  c_w.l(libinit2.o)
    0x0800020a   0x0800020a   0x00000002   Code   RO         1768    .ARM.Collect$$libinit$$00000033  c_w.l(libinit2.o)
    0x0800020c   0x0800020c   0x00000002   Code   RO         1805    .ARM.Collect$$libshutdown$$00000000  c_w.l(libshutdown.o)
    0x0800020e   0x0800020e   0x00000000   Code   RO         1833    .ARM.Collect$$libshutdown$$00000002  c_w.l(libshutdown2.o)
    0x0800020e   0x0800020e   0x00000000   Code   RO         1835    .ARM.Collect$$libshutdown$$00000004  c_w.l(libshutdown2.o)
    0x0800020e   0x0800020e   0x00000000   Code   RO         1838    .ARM.Collect$$libshutdown$$00000007  c_w.l(libshutdown2.o)
    0x0800020e   0x0800020e   0x00000000   Code   RO         1841    .ARM.Collect$$libshutdown$$0000000A  c_w.l(libshutdown2.o)
    0x0800020e   0x0800020e   0x00000000   Code   RO         1843    .ARM.Collect$$libshutdown$$0000000C  c_w.l(libshutdown2.o)
    0x0800020e   0x0800020e   0x00000000   Code   RO         1846    .ARM.Collect$$libshutdown$$0000000F  c_w.l(libshutdown2.o)
    0x0800020e   0x0800020e   0x00000002   Code   RO         1847    .ARM.Collect$$libshutdown$$00000010  c_w.l(libshutdown2.o)
    0x08000210   0x08000210   0x00000000   Code   RO         1441    .ARM.Collect$$rtentry$$00000000  c_w.l(__rtentry.o)
    0x08000210   0x08000210   0x00000000   Code   RO         1606    .ARM.Collect$$rtentry$$00000002  c_w.l(__rtentry2.o)
    0x08000210   0x08000210   0x00000006   Code   RO         1618    .ARM.Collect$$rtentry$$00000004  c_w.l(__rtentry4.o)
    0x08000216   0x08000216   0x00000000   Code   RO         1608    .ARM.Collect$$rtentry$$00000009  c_w.l(__rtentry2.o)
    0x08000216   0x08000216   0x00000004   Code   RO         1609    .ARM.Collect$$rtentry$$0000000A  c_w.l(__rtentry2.o)
    0x0800021a   0x0800021a   0x00000000   Code   RO         1611    .ARM.Collect$$rtentry$$0000000C  c_w.l(__rtentry2.o)
    0x0800021a   0x0800021a   0x00000008   Code   RO         1612    .ARM.Collect$$rtentry$$0000000D  c_w.l(__rtentry2.o)
    0x08000222   0x08000222   0x00000002   Code   RO         1711    .ARM.Collect$$rtexit$$00000000  c_w.l(rtexit.o)
    0x08000224   0x08000224   0x00000000   Code   RO         1774    .ARM.Collect$$rtexit$$00000002  c_w.l(rtexit2.o)
    0x08000224   0x08000224   0x00000004   Code   RO         1775    .ARM.Collect$$rtexit$$00000003  c_w.l(rtexit2.o)
    0x08000228   0x08000228   0x00000006   Code   RO         1776    .ARM.Collect$$rtexit$$00000004  c_w.l(rtexit2.o)
    0x0800022e   0x0800022e   0x00000002   PAD
    0x08000230   0x08000230   0x00000004   Code   RO         1786    .emb_text           c_w.l(argv_veneer.o)
    0x08000234   0x08000234   0x00000040   Code   RO          369    .text               startup_stm32f407xx.o
    0x08000274   0x08000274   0x000000f0   Code   RO         1369    .text               c_w.l(lludivv7m.o)
    0x08000364   0x08000364   0x0000004e   Code   RO         1379    .text               c_w.l(rt_memclr_w.o)
    0x080003b2   0x080003b2   0x00000006   Code   RO         1383    .text               c_w.l(heapauxi.o)
    0x080003b8   0x080003b8   0x00000008   Code   RO         1653    .text               c_w.l(libspace.o)
    0x080003c0   0x080003c0   0x0000004a   Code   RO         1656    .text               c_w.l(sys_stackheap_outer.o)
    0x0800040a   0x0800040a   0x00000012   Code   RO         1697    .text               c_w.l(exit.o)
    0x0800041c   0x0800041c   0x0000000a   Code   RO         1720    .text               c_w.l(defsig_exit.o)
    0x08000426   0x08000426   0x00000002   PAD
    0x08000428   0x08000428   0x0000000c   Code   RO         1769    .text               c_w.l(sys_exit.o)
    0x08000434   0x08000434   0x00000032   Code   RO         1784    .text               c_w.l(defsig_general.o)
    0x08000466   0x08000466   0x0000000e   Code   RO         1790    .text               c_w.l(sys_wrch.o)
    0x08000474   0x08000474   0x00000002   Code   RO         1794    .text               c_w.l(use_no_semi.o)
    0x08000476   0x08000476   0x00000000   Code   RO         1796    .text               c_w.l(indicate_semi.o)
    0x08000476   0x08000476   0x0000012e   Code   RO         1801    .text               c_w.l(_get_argv_nomalloc.o)
    0x080005a4   0x080005a4   0x00000018   Code   RO         1806    .text               c_w.l(sys_command.o)
    0x080005bc   0x080005bc   0x00000004   Code   RO         1810    .text               c_w.l(hrguard.o)
    0x080005c0   0x080005c0   0x00000050   Code   RO         1816    .text               c_w.l(defsig_rtmem_inner.o)
    0x08000610   0x08000610   0x0000000e   Code   RO         1818    .text               c_w.l(defsig_rtmem_outer.o)
    0x0800061e   0x0800061e   0x00000002   PAD
    0x08000620   0x08000620   0x00000004   Code   RO          440    .text.BusFault_Handler  stm32f4xx_it.o
    0x08000624   0x08000624   0x00000010   Code   RO          452    .text.DMA1_Stream4_IRQHandler  stm32f4xx_it.o
    0x08000634   0x08000634   0x00000056   Code   RO          764    .text.DMA_CalcBaseAndBitshift  stm32f4xx_hal_dma.o
    0x0800068a   0x0800068a   0x00000002   PAD
    0x0800068c   0x0800068c   0x000000f8   Code   RO          762    .text.DMA_CheckFifoParam  stm32f4xx_hal_dma.o
    0x08000784   0x08000784   0x00000002   Code   RO          446    .text.DebugMon_Handler  stm32f4xx_it.o
    0x08000786   0x08000786   0x00000002   PAD
    0x08000788   0x08000788   0x0000000e   Code   RO          380    .text.Error_Handler  main.o
    0x08000796   0x08000796   0x00000002   PAD
    0x08000798   0x08000798   0x00000344   Code   RO          780    .text.HAL_DMA_IRQHandler  stm32f4xx_hal_dma.o
    0x08000adc   0x08000adc   0x00000178   Code   RO          760    .text.HAL_DMA_Init  stm32f4xx_hal_dma.o
    0x08000c54   0x08000c54   0x000003c2   Code   RO          722    .text.HAL_GPIO_Init  stm32f4xx_hal_gpio.o
    0x08001016   0x08001016   0x00000002   PAD
    0x08001018   0x08001018   0x00000034   Code   RO          728    .text.HAL_GPIO_WritePin  stm32f4xx_hal_gpio.o
    0x0800104c   0x0800104c   0x0000000c   Code   RO          941    .text.HAL_GetTick   stm32f4xx_hal.o
    0x08001058   0x08001058   0x0000001a   Code   RO          939    .text.HAL_IncTick   stm32f4xx_hal.o
    0x08001072   0x08001072   0x00000002   PAD
    0x08001074   0x08001074   0x0000003c   Code   RO          929    .text.HAL_Init      stm32f4xx_hal.o
    0x080010b0   0x080010b0   0x00000072   Code   RO          931    .text.HAL_InitTick  stm32f4xx_hal.o
    0x08001122   0x08001122   0x00000002   PAD
    0x08001124   0x08001124   0x0000004a   Code   RO          461    .text.HAL_MspInit   stm32f4xx_hal_msp.o
    0x0800116e   0x0800116e   0x00000002   PAD
    0x08001170   0x08001170   0x00000018   Code   RO          870    .text.HAL_NVIC_EnableIRQ  stm32f4xx_hal_cortex.o
    0x08001188   0x08001188   0x00000040   Code   RO          862    .text.HAL_NVIC_SetPriority  stm32f4xx_hal_cortex.o
    0x080011c8   0x080011c8   0x00000010   Code   RO          858    .text.HAL_NVIC_SetPriorityGrouping  stm32f4xx_hal_cortex.o
    0x080011d8   0x080011d8   0x00000264   Code   RO          590    .text.HAL_RCC_ClockConfig  stm32f4xx_hal_rcc.o
    0x0800143c   0x0800143c   0x000000e8   Code   RO          592    .text.HAL_RCC_GetSysClockFreq  stm32f4xx_hal_rcc.o
    0x08001524   0x08001524   0x000006ca   Code   RO          588    .text.HAL_RCC_OscConfig  stm32f4xx_hal_rcc.o
    0x08001bee   0x08001bee   0x00000002   PAD
    0x08001bf0   0x08001bf0   0x00000104   Code   RO          469    .text.HAL_SPI_Init  stm32f4xx_hal_spi.o
    0x08001cf4   0x08001cf4   0x000000e6   Code   RO          407    .text.HAL_SPI_MspInit  spi.o
    0x08001dda   0x08001dda   0x00000002   PAD
    0x08001ddc   0x08001ddc   0x00000010   Code   RO          882    .text.HAL_SYSTICK_Config  stm32f4xx_hal_cortex.o
    0x08001dec   0x08001dec   0x000000a6   Code   RO         1018    .text.HAL_TIM_Base_Init  stm32f4xx_hal_tim.o
    0x08001e92   0x08001e92   0x00000002   PAD
    0x08001e94   0x08001e94   0x0000003e   Code   RO          422    .text.HAL_TIM_Base_MspInit  tim.o
    0x08001ed2   0x08001ed2   0x00000002   PAD
    0x08001ed4   0x08001ed4   0x00000004   Code   RO          436    .text.HardFault_Handler  stm32f4xx_it.o
    0x08001ed8   0x08001ed8   0x0000003e   Code   RO          397    .text.MX_DMA_Init   dma.o
    0x08001f16   0x08001f16   0x00000002   PAD
    0x08001f18   0x08001f18   0x000000ca   Code   RO          389    .text.MX_GPIO_Init  gpio.o
    0x08001fe2   0x08001fe2   0x00000002   PAD
    0x08001fe4   0x08001fe4   0x0000004a   Code   RO          405    .text.MX_SPI2_Init  spi.o
    0x0800202e   0x0800202e   0x00000002   PAD
    0x08002030   0x08002030   0x0000003a   Code   RO          420    .text.MX_TIM14_Init  tim.o
    0x0800206a   0x0800206a   0x00000002   PAD
    0x0800206c   0x0800206c   0x00000004   Code   RO          438    .text.MemManage_Handler  stm32f4xx_it.o
    0x08002070   0x08002070   0x00000004   Code   RO          434    .text.NMI_Handler   stm32f4xx_it.o
    0x08002074   0x08002074   0x0000006e   Code   RO          868    .text.NVIC_EncodePriority  stm32f4xx_hal_cortex.o
    0x080020e2   0x080020e2   0x00000002   PAD
    0x080020e4   0x080020e4   0x00000002   Code   RO          448    .text.PendSV_Handler  stm32f4xx_it.o
    0x080020e6   0x080020e6   0x00000002   PAD
    0x080020e8   0x080020e8   0x00000002   Code   RO          444    .text.SVC_Handler   stm32f4xx_it.o
    0x080020ea   0x080020ea   0x00000002   PAD
    0x080020ec   0x080020ec   0x00000052   Code   RO          884    .text.SysTick_Config  stm32f4xx_hal_cortex.o
    0x0800213e   0x0800213e   0x00000002   PAD
    0x08002140   0x08002140   0x00000008   Code   RO          450    .text.SysTick_Handler  stm32f4xx_it.o
    0x08002148   0x08002148   0x000000be   Code   RO          378    .text.SystemClock_Config  main.o
    0x08002206   0x08002206   0x00000002   PAD
    0x08002208   0x08002208   0x00000012   Code   RO         1354    .text.SystemInit    system_stm32f4xx.o
    0x0800221a   0x0800221a   0x00000002   PAD
    0x0800221c   0x0800221c   0x0000019a   Code   RO         1022    .text.TIM_Base_SetConfig  stm32f4xx_hal_tim.o
    0x080023b6   0x080023b6   0x00000002   PAD
    0x080023b8   0x080023b8   0x00000004   Code   RO          442    .text.UsageFault_Handler  stm32f4xx_it.o
    0x080023bc   0x080023bc   0x00000034   Code   RO          872    .text.__NVIC_EnableIRQ  stm32f4xx_hal_cortex.o
    0x080023f0   0x080023f0   0x00000010   Code   RO          864    .text.__NVIC_GetPriorityGrouping  stm32f4xx_hal_cortex.o
    0x08002400   0x08002400   0x00000044   Code   RO          866    .text.__NVIC_SetPriority  stm32f4xx_hal_cortex.o
    0x08002444   0x08002444   0x0000003c   Code   RO          860    .text.__NVIC_SetPriorityGrouping  stm32f4xx_hal_cortex.o
    0x08002480   0x08002480   0x00000026   Code   RO          376    .text.main          main.o
    0x080024a6   0x080024a6   0x0000001a   Code   RO         1788    x$fpl$fpinit        fz_wm.l(fpinit.o)
    0x080024c0   0x080024c0   0x00000010   Data   RO         1359    .rodata.AHBPrescTable  system_stm32f4xx.o
    0x080024d0   0x080024d0   0x00000008   Data   RO          790    .rodata.DMA_CalcBaseAndBitshift.flagBitshiftOffset  stm32f4xx_hal_dma.o
    0x080024d8   0x080024d8   0x00000020   Data   RO         1849    Region$$Table       anon$$obj.o


    Execution Region RW_IRAM1 (Exec base: 0x20000000, Load base: 0x080024f8, Size: 0x00003178, Max: 0x0001c000, ABSOLUTE)

    Exec Addr    Load Addr    Size         Type   Attr      Idx    E Section Name        Object

    0x20000000   0x080024f8   0x00000004   Data   RW         1358    .data.SystemCoreClock  system_stm32f4xx.o
    0x20000004   0x080024fc   0x00000001   Data   RW          984    .data.uwTickFreq    stm32f4xx_hal.o
    0x20000005   0x080024fd   0x00000003   PAD
    0x20000008   0x08002500   0x00000004   Data   RW          983    .data.uwTickPrio    stm32f4xx_hal.o
    0x2000000c   0x08002504   0x00000004   PAD
    0x20000010        -       0x00000060   Zero   RW         1654    .bss                c_w.l(libspace.o)
    0x20000070        -       0x00000060   Zero   RW          412    .bss.hdma_spi2_tx   spi.o
    0x200000d0        -       0x00000058   Zero   RW          411    .bss.hspi2          spi.o
    0x20000128        -       0x00000048   Zero   RW          426    .bss.htim14         tim.o
    0x20000170        -       0x00000004   Zero   RW          985    .bss.uwTick         stm32f4xx_hal.o
    0x20000174   0x08002504   0x00000004   PAD
    0x20000178        -       0x00002000   Zero   RW          367    HEAP                startup_stm32f407xx.o
    0x20002178        -       0x00001000   Zero   RW          366    STACK               startup_stm32f407xx.o


    Execution Region RW_IRAM2 (Exec base: 0x2001c000, Load base: 0x08002508, Size: 0x00000000, Max: 0x00004000, ABSOLUTE)

    **** No section assigned to this execution region ****


==============================================================================

Image component sizes


      Code (inc. data)   RO Data    RW Data    ZI Data      Debug   Object Name

        62          0          0          0          0       3260   dma.o
       202          0          0          0          0       2104   gpio.o
       242          0          0          0          0       2654   main.o
       304          0          0          0        184       4921   spi.o
        64         26        392          0      12288        824   startup_stm32f407xx.o
       212          0          0          5          4       7138   stm32f4xx_hal.o
       508          0          0          0          0       9447   stm32f4xx_hal_cortex.o
      1546          8          8          0          0       8466   stm32f4xx_hal_dma.o
      1014          0          0          0          0       5082   stm32f4xx_hal_gpio.o
        74          0          0          0          0       1448   stm32f4xx_hal_msp.o
      2582          0          0          0          0       7575   stm32f4xx_hal_rcc.o
       260          0          0          0          0      19722   stm32f4xx_hal_spi.o
       576          0          0          0          0      35969   stm32f4xx_hal_tim.o
        50          0          0          0          0       1111   stm32f4xx_it.o
        18          0         16          4          0       2500   system_stm32f4xx.o
       120          0          0          0         72       4742   tim.o

    ----------------------------------------------------------------------
      7878         34        448         12      12556     116963   Object Totals
         0          0         32          0          0          0   (incl. Generated)
        44          0          0          3          8          0   (incl. Padding)

    ----------------------------------------------------------------------

      Code (inc. data)   RO Data    RW Data    ZI Data      Debug   Library Member Name

         8          0          0          0          0         68   __main.o
         0          0          0          0          0          0   __rtentry.o
        12          0          0          0          0          0   __rtentry2.o
         6          0          0          0          0          0   __rtentry4.o
        52          8          0          0          0          0   __scatter.o
        26          0          0          0          0          0   __scatter_copy.o
        28          0          0          0          0          0   __scatter_zi.o
       302          0          0          0          0        168   _get_argv_nomalloc.o
         4          0          0          0          0         68   argv_veneer.o
        10          0          0          0          0         68   defsig_exit.o
        50          0          0          0          0         88   defsig_general.o
        80         58          0          0          0         76   defsig_rtmem_inner.o
        14          0          0          0          0         80   defsig_rtmem_outer.o
        18          0          0          0          0         80   exit.o
         6          0          0          0          0        152   heapauxi.o
         4          0          0          0          0        136   hrguard.o
         0          0          0          0          0          0   indicate_semi.o
         2          0          0          0          0          0   libinit.o
        14          0          0          0          0          0   libinit2.o
         2          0          0          0          0          0   libshutdown.o
         2          0          0          0          0          0   libshutdown2.o
         8          4          0          0         96         68   libspace.o
       240          0          0          0          0        100   lludivv7m.o
        78          0          0          0          0         80   rt_memclr_w.o
         2          0          0          0          0          0   rtexit.o
        10          0          0          0          0          0   rtexit2.o
        24          0          0          0          0         76   sys_command.o
        12          4          0          0          0         68   sys_exit.o
        74          0          0          0          0         80   sys_stackheap_outer.o
        14          0          0          0          0         76   sys_wrch.o
         2          0          0          0          0         68   use_no_semi.o
        26          0          0          0          0        116   fpinit.o

    ----------------------------------------------------------------------
      1138         74          0          0         96       1716   Library Totals
         8          0          0          0          0          0   (incl. Padding)

    ----------------------------------------------------------------------

      Code (inc. data)   RO Data    RW Data    ZI Data      Debug   Library Name

      1104         74          0          0         96       1600   c_w.l
        26          0          0          0          0        116   fz_wm.l

    ----------------------------------------------------------------------
      1138         74          0          0         96       1716   Library Totals

    ----------------------------------------------------------------------

==============================================================================


      Code (inc. data)   RO Data    RW Data    ZI Data      Debug   

      9016        108        448         12      12652     117675   Grand Totals
      9016        108        448         12      12652     117675   ELF Image Totals
      9016        108        448         12          0          0   ROM Totals

==============================================================================

    Total RO  Size (Code + RO Data)                 9464 (   9.24kB)
    Total RW  Size (RW Data + ZI Data)             12664 (  12.37kB)
    Total ROM Size (Code + RO Data + RW Data)       9476 (   9.25kB)

==============================================================================

