Component: ARM Compiler 5.06 update 6 (build 750) Tool: armlink [4d35ed]

==============================================================================

Section Cross References

    oled_ui_menudata.o(i.AboutOLED_UIAuxFunc) refers to oled_ui.o(i.ChangePoint) for ChangePoint
    oled_ui_menudata.o(i.AboutOLED_UIAuxFunc) refers to oled.o(i.OLED_ShowImageArea) for OLED_ShowImageArea
    oled_ui_menudata.o(i.AboutOLED_UIAuxFunc) refers to f2d.o(.text) for __aeabi_f2d
    oled_ui_menudata.o(i.AboutOLED_UIAuxFunc) refers to fabs.o(i.__hardfp_fabs) for __hardfp_fabs
    oled_ui_menudata.o(i.AboutOLED_UIAuxFunc) refers to cdcmple.o(.text) for __aeabi_cdcmple
    oled_ui_menudata.o(i.AboutOLED_UIAuxFunc) refers to oled_ui_menudata.o(.bss) for LogoMove
    oled_ui_menudata.o(i.AboutOLED_UIAuxFunc) refers to oled_fonts.o(.constdata) for OLED_UI_SettingsLogo
    oled_ui_menudata.o(i.AboutOLED_UIAuxFunc) refers to oled_ui.o(.bss) for OLED_UI_PageStartPoint
    oled_ui_menudata.o(i.AboutThisDeviceAuxFunc) refers to oled_ui.o(i.ChangePoint) for ChangePoint
    oled_ui_menudata.o(i.AboutThisDeviceAuxFunc) refers to oled.o(i.OLED_ShowImageArea) for OLED_ShowImageArea
    oled_ui_menudata.o(i.AboutThisDeviceAuxFunc) refers to f2d.o(.text) for __aeabi_f2d
    oled_ui_menudata.o(i.AboutThisDeviceAuxFunc) refers to fabs.o(i.__hardfp_fabs) for __hardfp_fabs
    oled_ui_menudata.o(i.AboutThisDeviceAuxFunc) refers to cdcmple.o(.text) for __aeabi_cdcmple
    oled_ui_menudata.o(i.AboutThisDeviceAuxFunc) refers to oled_ui_menudata.o(.bss) for LogoMove
    oled_ui_menudata.o(i.AboutThisDeviceAuxFunc) refers to oled_fonts.o(.constdata) for OLED_UI_SettingsLogo
    oled_ui_menudata.o(i.AboutThisDeviceAuxFunc) refers to oled_ui.o(.bss) for OLED_UI_PageStartPoint
    oled_ui_menudata.o(i.BrightnessWindow) refers to oled_ui.o(i.OLED_UI_CreateWindow) for OLED_UI_CreateWindow
    oled_ui_menudata.o(i.BrightnessWindow) refers to oled_ui_menudata.o(.data) for SetBrightnessWindow
    oled_ui_menudata.o(i.EmptyWindow) refers to oled_ui.o(i.OLED_UI_CreateWindow) for OLED_UI_CreateWindow
    oled_ui_menudata.o(i.EmptyWindow) refers to oled_ui_menudata.o(.data) for NullWindow
    oled_ui_menudata.o(i.MainAuxFunc) refers to oled_ui_menudata.o(.bss) for LogoMove
    oled_ui_menudata.o(i.SettingAuxFunc) refers to f2d.o(.text) for __aeabi_f2d
    oled_ui_menudata.o(i.SettingAuxFunc) refers to fabs.o(i.__hardfp_fabs) for __hardfp_fabs
    oled_ui_menudata.o(i.SettingAuxFunc) refers to cdcmple.o(.text) for __aeabi_cdcmple
    oled_ui_menudata.o(i.SettingAuxFunc) refers to oled_ui.o(i.ChangePoint) for ChangePoint
    oled_ui_menudata.o(i.SettingAuxFunc) refers to oled.o(i.OLED_ShowImageArea) for OLED_ShowImageArea
    oled_ui_menudata.o(i.SettingAuxFunc) refers to oled_ui.o(.bss) for OLED_UI_PageStartPoint
    oled_ui_menudata.o(i.SettingAuxFunc) refers to oled_ui_menudata.o(.bss) for LogoMove
    oled_ui_menudata.o(i.SettingAuxFunc) refers to oled_fonts.o(.constdata) for OLED_UI_SettingsLogo
    oled_ui_menudata.o(i.ShowFloatDataWindow) refers to oled_ui.o(i.OLED_UI_CreateWindow) for OLED_UI_CreateWindow
    oled_ui_menudata.o(i.ShowFloatDataWindow) refers to oled_ui_menudata.o(.data) for FloatDataWindow
    oled_ui_menudata.o(i.ShowIntDataWindow) refers to oled_ui.o(i.OLED_UI_CreateWindow) for OLED_UI_CreateWindow
    oled_ui_menudata.o(i.ShowIntDataWindow) refers to oled_ui_menudata.o(.data) for IntDataWindow
    oled_ui_menudata.o(i.ShowTextWindow) refers to oled_ui.o(i.OLED_UI_CreateWindow) for OLED_UI_CreateWindow
    oled_ui_menudata.o(i.ShowTextWindow) refers to oled_ui_menudata.o(.data) for TextWindow
    oled_ui_menudata.o(.data) refers to oled_ui_menudata.o(.conststring) for .conststring
    oled_ui_menudata.o(.data) refers to oled_ui.o(.data) for OLED_UI_Brightness
    oled_ui_menudata.o(.data) refers to oled_fonts.o(.constdata) for Image_setings
    oled_ui_menudata.o(.data) refers to oled_ui_menudata.o(i.BrightnessWindow) for BrightnessWindow
    oled_ui_menudata.o(.data) refers to oled_ui.o(i.OLED_UI_Back) for OLED_UI_Back
    oled_ui_menudata.o(.data) refers to oled_ui_menudata.o(i.EmptyWindow) for EmptyWindow
    oled_ui_menudata.o(.data) refers to oled_ui_menudata.o(i.ShowTextWindow) for ShowTextWindow
    oled_ui_menudata.o(.data) refers to oled_ui_menudata.o(i.ShowFloatDataWindow) for ShowFloatDataWindow
    oled_ui_menudata.o(.data) refers to oled_ui_menudata.o(i.ShowIntDataWindow) for ShowIntDataWindow
    oled_ui_menudata.o(.data) refers to oled_ui_menudata.o(i.MainAuxFunc) for MainAuxFunc
    oled_ui_menudata.o(.data) refers to oled_ui_menudata.o(i.SettingAuxFunc) for SettingAuxFunc
    oled_ui_menudata.o(.data) refers to oled_ui_menudata.o(i.AboutThisDeviceAuxFunc) for AboutThisDeviceAuxFunc
    oled_ui_menudata.o(.data) refers to oled_ui_menudata.o(i.AboutOLED_UIAuxFunc) for AboutOLED_UIAuxFunc
    oled.o(i.OLED_Clear) refers to oled_driver.o(.bss) for OLED_DisplayBuf
[...]
    HASH_RNG_IRQHandler                      0x080001b7   Thumb Code     0  startup_stm32f407xx.o(.text)
    I2C1_ER_IRQHandler                       0x080001b7   Thumb Code     0  startup_stm32f407xx.o(.text)
    I2C1_EV_IRQHandler                       0x080001b7   Thumb Code     0  startup_stm32f407xx.o(.text)
    I2C2_ER_IRQHandler                       0x080001b7   Thumb Code     0  startup_stm32f407xx.o(.text)
    I2C2_EV_IRQHandler                       0x080001b7   Thumb Code     0  startup_stm32f407xx.o(.text)
    I2C3_ER_IRQHandler                       0x080001b7   Thumb Code     0  startup_stm32f407xx.o(.text)
    I2C3_EV_IRQHandler                       0x080001b7   Thumb Code     0  startup_stm32f407xx.o(.text)
    OTG_FS_IRQHandler                        0x080001b7   Thumb Code     0  startup_stm32f407xx.o(.text)
    OTG_FS_WKUP_IRQHandler                   0x080001b7   Thumb Code     0  startup_stm32f407xx.o(.text)
    OTG_HS_EP1_IN_IRQHandler                 0x080001b7   Thumb Code     0  startup_stm32f407xx.o(.text)
    OTG_HS_EP1_OUT_IRQHandler                0x080001b7   Thumb Code     0  startup_stm32f407xx.o(.text)
    OTG_HS_IRQHandler                        0x080001b7   Thumb Code     0  startup_stm32f407xx.o(.text)
    OTG_HS_WKUP_IRQHandler                   0x080001b7   Thumb Code     0  startup_stm32f407xx.o(.text)
    PVD_IRQHandler                           0x080001b7   Thumb Code     0  startup_stm32f407xx.o(.text)
    RCC_IRQHandler                           0x080001b7   Thumb Code     0  startup_stm32f407xx.o(.text)
    RTC_Alarm_IRQHandler                     0x080001b7   Thumb Code     0  startup_stm32f407xx.o(.text)
    RTC_WKUP_IRQHandler                      0x080001b7   Thumb Code     0  startup_stm32f407xx.o(.text)
    SDIO_IRQHandler                          0x080001b7   Thumb Code     0  startup_stm32f407xx.o(.text)
    SPI1_IRQHandler                          0x080001b7   Thumb Code     0  startup_stm32f407xx.o(.text)
    SPI2_IRQHandler                          0x080001b7   Thumb Code     0  startup_stm32f407xx.o(.text)
    SPI3_IRQHandler                          0x080001b7   Thumb Code     0  startup_stm32f407xx.o(.text)
    TAMP_STAMP_IRQHandler                    0x080001b7   Thumb Code     0  startup_stm32f407xx.o(.text)
    TIM1_BRK_TIM9_IRQHandler                 0x080001b7   Thumb Code     0  startup_stm32f407xx.o(.text)
    TIM1_CC_IRQHandler                       0x080001b7   Thumb Code     0  startup_stm32f407xx.o(.text)
    TIM1_TRG_COM_TIM11_IRQHandler            0x080001b7   Thumb Code     0  startup_stm32f407xx.o(.text)
    TIM1_UP_TIM10_IRQHandler                 0x080001b7   Thumb Code     0  startup_stm32f407xx.o(.text)
    TIM2_IRQHandler                          0x080001b7   Thumb Code     0  startup_stm32f407xx.o(.text)
    TIM3_IRQHandler                          0x080001b7   Thumb Code     0  startup_stm32f407xx.o(.text)
    TIM4_IRQHandler                          0x080001b7   Thumb Code     0  startup_stm32f407xx.o(.text)
    TIM5_IRQHandler                          0x080001b7   Thumb Code     0  startup_stm32f407xx.o(.text)
    TIM6_DAC_IRQHandler                      0x080001b7   Thumb Code     0  startup_stm32f407xx.o(.text)
    TIM7_IRQHandler                          0x080001b7   Thumb Code     0  startup_stm32f407xx.o(.text)
    TIM8_BRK_TIM12_IRQHandler                0x080001b7   Thumb Code     0  startup_stm32f407xx.o(.text)
    TIM8_CC_IRQHandler                       0x080001b7   Thumb Code     0  startup_stm32f407xx.o(.text)
    TIM8_UP_TIM13_IRQHandler                 0x080001b7   Thumb Code     0  startup_stm32f407xx.o(.text)
    UART4_IRQHandler                         0x080001b7   Thumb Code     0  startup_stm32f407xx.o(.text)
    UART5_IRQHandler                         0x080001b7   Thumb Code     0  startup_stm32f407xx.o(.text)
    USART2_IRQHandler                        0x080001b7   Thumb Code     0  startup_stm32f407xx.o(.text)
    USART3_IRQHandler                        0x080001b7   Thumb Code     0  startup_stm32f407xx.o(.text)
    USART6_IRQHandler                        0x080001b7   Thumb Code     0  startup_stm32f407xx.o(.text)
    WWDG_IRQHandler                          0x080001b7   Thumb Code     0  startup_stm32f407xx.o(.text)
    __aeabi_uldivmod                         0x080001c1   Thumb Code    98  uldiv.o(.text)
    __aeabi_memcpy                           0x08000223   Thumb Code    36  memcpya.o(.text)
    __aeabi_memcpy4                          0x08000223   Thumb Code     0  memcpya.o(.text)
    __aeabi_memcpy8                          0x08000223   Thumb Code     0  memcpya.o(.text)
    __aeabi_memset                           0x08000247   Thumb Code    14  memseta.o(.text)
    __aeabi_memset4                          0x08000247   Thumb Code     0  memseta.o(.text)
    __aeabi_memset8                          0x08000247   Thumb Code     0  memseta.o(.text)
    __aeabi_memclr                           0x08000255   Thumb Code     4  memseta.o(.text)
    __aeabi_memclr4                          0x08000255   Thumb Code     0  memseta.o(.text)
    __aeabi_memclr8                          0x08000255   Thumb Code     0  memseta.o(.text)
    _memset$wrapper                          0x08000259   Thumb Code    18  memseta.o(.text)
    strcmp                                   0x0800026b   Thumb Code    28  strcmp.o(.text)
    __aeabi_dadd                             0x08000287   Thumb Code   322  dadd.o(.text)
    __aeabi_dsub                             0x080003c9   Thumb Code     6  dadd.o(.text)
    __aeabi_drsub                            0x080003cf   Thumb Code     6  dadd.o(.text)
    __aeabi_dmul                             0x080003d5   Thumb Code   228  dmul.o(.text)
    __aeabi_ddiv                             0x080004b9   Thumb Code   222  ddiv.o(.text)
    __aeabi_i2d                              0x08000597   Thumb Code    34  dflti.o(.text)
    __aeabi_d2iz                             0x080005b9   Thumb Code    62  dfixi.o(.text)
    __aeabi_f2d                              0x080005f7   Thumb Code    38  f2d.o(.text)
    __aeabi_cdcmpeq                          0x0800061d   Thumb Code     0  cdcmple.o(.text)
    __aeabi_cdcmple                          0x0800061d   Thumb Code    48  cdcmple.o(.text)
    __aeabi_cdrcmple                         0x0800064d   Thumb Code    48  cdrcmple.o(.text)
    __aeabi_d2f                              0x0800067d   Thumb Code    56  d2f.o(.text)
    __aeabi_uidiv                            0x080006b5   Thumb Code     0  uidiv.o(.text)
    __aeabi_uidivmod                         0x080006b5   Thumb Code    44  uidiv.o(.text)
    __aeabi_llsl                             0x080006e1   Thumb Code    30  llshl.o(.text)
    _ll_shift_l                              0x080006e1   Thumb Code     0  llshl.o(.text)
    __aeabi_llsr                             0x080006ff   Thumb Code    32  llushr.o(.text)
    _ll_ushift_r                             0x080006ff   Thumb Code     0  llushr.o(.text)
    __aeabi_lasr                             0x0800071f   Thumb Code    36  llsshr.o(.text)
    _ll_sshift_r                             0x0800071f   Thumb Code     0  llsshr.o(.text)
    __I$use$fp                               0x08000743   Thumb Code     0  iusefp.o(.text)
    _float_round                             0x08000743   Thumb Code    18  fepilogue.o(.text)
    _float_epilogue                          0x08000755   Thumb Code    92  fepilogue.o(.text)
    _double_round                            0x080007b1   Thumb Code    30  depilogue.o(.text)
    _double_epilogue                         0x080007cf   Thumb Code   156  depilogue.o(.text)
    __aeabi_d2ulz                            0x0800086b   Thumb Code    48  dfixul.o(.text)
    __ARM_dcmp4                              0x0800089b   Thumb Code    96  dcmp4.o(.text)
    _dcmp4                                   0x0800089b   Thumb Code     0  dcmp4.o(.text)
    __scatterload                            0x080008fd   Thumb Code    28  init.o(.text)
    __scatterload_rt2                        0x080008fd   Thumb Code     0  init.o(.text)
    __decompress                             0x08000921   Thumb Code     0  __dczerorl2.o(.text)
    __decompress1                            0x08000921   Thumb Code    86  __dczerorl2.o(.text)
    AboutOLED_UIAuxFunc                      0x08000979   Thumb Code   240  oled_ui_menudata.o(i.AboutOLED_UIAuxFunc)
    AboutThisDeviceAuxFunc                   0x08000a91   Thumb Code   240  oled_ui_menudata.o(i.AboutThisDeviceAuxFunc)
    BSP_SD_GetCardInfo                       0x08000ba9   Thumb Code    14  bsp_driver_sd.o(i.BSP_SD_GetCardInfo)
    BSP_SD_GetCardState                      0x08000bbd   Thumb Code    20  bsp_driver_sd.o(i.BSP_SD_GetCardState)
    BSP_SD_Init                              0x08000bd5   Thumb Code    44  bsp_driver_sd.o(i.BSP_SD_Init)
    BSP_SD_IsDetected                        0x08000c05   Thumb Code    12  bsp_driver_sd.o(i.BSP_SD_IsDetected)
    BSP_SD_ReadBlocks_DMA                    0x08000c11   Thumb Code    34  bsp_driver_sd.o(i.BSP_SD_ReadBlocks_DMA)
    BSP_SD_ReadCpltCallback                  0x08000c39   Thumb Code     8  sd_diskio.o(i.BSP_SD_ReadCpltCallback)
    BSP_SD_WriteBlocks_DMA                   0x08000c45   Thumb Code    34  bsp_driver_sd.o(i.BSP_SD_WriteBlocks_DMA)
    BackEventMenuItem                        0x08000c6d   Thumb Code    18  oled_ui.o(i.BackEventMenuItem)
    BrightnessWindow                         0x08000c85   Thumb Code    10  oled_ui_menudata.o(i.BrightnessWindow)
    BspKeyInit                               0x08000c95   Thumb Code    40  key_bsp.o(i.BspKeyInit)
    BspKeyInstantiation                      0x08000cc1   Thumb Code    28  key_bsp.o(i.BspKeyInstantiation)
    BusFault_Handler                         0x08000cf5   Thumb Code     4  stm32f4xx_it.o(i.BusFault_Handler)
    CalcStringWidth                          0x08000cf9   Thumb Code    74  oled_ui.o(i.CalcStringWidth)
    ChangeArea                               0x08000d43   Thumb Code   118  oled_ui.o(i.ChangeArea)
    ChangeDistance                           0x08000db9   Thumb Code    28  oled_ui.o(i.ChangeDistance)
    ChangeFloatNum                           0x08000dd5   Thumb Code   688  oled_ui.o(i.ChangeFloatNum)
    ChangePoint                              0x080010b1   Thumb Code    62  oled_ui.o(i.ChangePoint)
    CurrentMenuPageBackUp                    0x080010f1   Thumb Code   288  oled_ui.o(i.CurrentMenuPageBackUp)
    CurrentMenuPageInit                      0x08001225   Thumb Code   396  oled_ui.o(i.CurrentMenuPageInit)
    DMA1_Stream4_IRQHandler                  0x080013c9   Thumb Code    10  stm32f4xx_it.o(i.DMA1_Stream4_IRQHandler)
    DMA2_Stream2_IRQHandler                  0x080013d9   Thumb Code    10  stm32f4xx_it.o(i.DMA2_Stream2_IRQHandler)
    DMA2_Stream3_IRQHandler                  0x080013e9   Thumb Code    10  stm32f4xx_it.o(i.DMA2_Stream3_IRQHandler)
    DMA2_Stream7_IRQHandler                  0x080013f9   Thumb Code    10  stm32f4xx_it.o(i.DMA2_Stream7_IRQHandler)
    DebugMon_Handler                         0x08001513   Thumb Code     2  stm32f4xx_it.o(i.DebugMon_Handler)
    DrawLinePermix                           0x08001515   Thumb Code   338  oled_ui.o(i.DrawLinePermix)
    EmptyWindow                              0x08001685   Thumb Code    10  oled_ui_menudata.o(i.EmptyWindow)
    Encoder_Disable                          0x08001695   Thumb Code     2  oled_ui_driver.o(i.Encoder_Disable)
    Encoder_Enable                           0x08001697   Thumb Code     2  oled_ui_driver.o(i.Encoder_Enable)
    Encoder_Get                              0x08001699   Thumb Code     4  oled_ui_driver.o(i.Encoder_Get)
    EnterEventMenuItem                       0x0800169d   Thumb Code   118  oled_ui.o(i.EnterEventMenuItem)
    Error_Handler                            0x08001719   Thumb Code     6  main.o(i.Error_Handler)
    FATFS_LinkDriver                         0x0800171f   Thumb Code    18  ff_gen_drv.o(i.FATFS_LinkDriver)
    FATFS_LinkDriverEx                       0x08001731   Thumb Code    78  ff_gen_drv.o(i.FATFS_LinkDriverEx)
    FunGetData                               0x08001785   Thumb Code     8  qthezg.o(i.FunGetData)
    FunGetFlg                                0x0800178d   Thumb Code     6  qthezg.o(i.FunGetFlg)
    FunSetData                               0x08001793   Thumb Code     4  qthezg.o(i.FunSetData)
    FunSetFlg                                0x08001797   Thumb Code     4  qthezg.o(i.FunSetFlg)
    GetCurrentMenuPageMaxSlotNum             0x0800179d   Thumb Code   106  oled_ui.o(i.GetCurrentMenuPageMaxSlotNum)
    GetEnterFlag                             0x08001811   Thumb Code    14  oled_ui.o(i.GetEnterFlag)
    GetFPS                                   0x08001825   Thumb Code    42  oled_ui.o(i.GetFPS)
    GetFadeoutFlag                           0x08001855   Thumb Code    14  oled_ui.o(i.GetFadeoutFlag)
    GetKey1Gpio                              0x08001869   Thumb Code    12  key_bsp.o(i.GetKey1Gpio)
    GetKey2Gpio                              0x08001879   Thumb Code    12  key_bsp.o(i.GetKey2Gpio)
    GetKey3Gpio                              0x08001889   Thumb Code    14  key_bsp.o(i.GetKey3Gpio)
    GetMenuItemNum                           0x0800189d   Thumb Code    24  oled_ui.o(i.GetMenuItemNum)
    GetOLED_Font                             0x080018b5   Thumb Code    66  oled_ui.o(i.GetOLED_Font)
    GetWindowDataStyle                       0x080018f9   Thumb Code    32  oled_ui.o(i.GetWindowDataStyle)
    HAL_DMA_Abort                            0x0800191d   Thumb Code   172  stm32f4xx_hal_dma.o(i.HAL_DMA_Abort)
    HAL_DMA_Abort_IT                         0x080019c9   Thumb Code    40  stm32f4xx_hal_dma.o(i.HAL_DMA_Abort_IT)
    HAL_DMA_GetError                         0x080019f1   Thumb Code     6  stm32f4xx_hal_dma.o(i.HAL_DMA_GetError)
    HAL_DMA_IRQHandler                       0x080019f9   Thumb Code   570  stm32f4xx_hal_dma.o(i.HAL_DMA_IRQHandler)
    HAL_DMA_Init                             0x08001c39   Thumb Code   232  stm32f4xx_hal_dma.o(i.HAL_DMA_Init)
    HAL_DMA_Start_IT                         0x08001d25   Thumb Code   146  stm32f4xx_hal_dma.o(i.HAL_DMA_Start_IT)
    HAL_Delay                                0x08001db9   Thumb Code    36  stm32f4xx_hal.o(i.HAL_Delay)
    HAL_GPIO_Init                            0x08001de1   Thumb Code   454  stm32f4xx_hal_gpio.o(i.HAL_GPIO_Init)
    HAL_GPIO_ReadPin                         0x08001fd5   Thumb Code    16  stm32f4xx_hal_gpio.o(i.HAL_GPIO_ReadPin)
    HAL_GPIO_WritePin                        0x08001fe5   Thumb Code    12  stm32f4xx_hal_gpio.o(i.HAL_GPIO_WritePin)
    HAL_GetTick                              0x08001ff1   Thumb Code     6  stm32f4xx_hal.o(i.HAL_GetTick)
    HAL_IncTick                              0x08001ffd   Thumb Code    16  stm32f4xx_hal.o(i.HAL_IncTick)
    HAL_Init                                 0x08002015   Thumb Code    54  stm32f4xx_hal.o(i.HAL_Init)
    HAL_InitTick                             0x08002051   Thumb Code    64  stm32f4xx_hal.o(i.HAL_InitTick)
    HAL_MspInit                              0x0800209d   Thumb Code    68  stm32f4xx_hal_msp.o(i.HAL_MspInit)
    HAL_NVIC_EnableIRQ                       0x080020e5   Thumb Code    32  stm32f4xx_hal_cortex.o(i.HAL_NVIC_EnableIRQ)
    HAL_NVIC_SetPriority                     0x08002105   Thumb Code   124  stm32f4xx_hal_cortex.o(i.HAL_NVIC_SetPriority)
    HAL_NVIC_SetPriorityGrouping             0x08002181   Thumb Code    32  stm32f4xx_hal_cortex.o(i.HAL_NVIC_SetPriorityGrouping)
    HAL_RCC_ClockConfig                      0x080021a9   Thumb Code   368  stm32f4xx_hal_rcc.o(i.HAL_RCC_ClockConfig)
    HAL_RCC_GetHCLKFreq                      0x0800232d   Thumb Code     6  stm32f4xx_hal_rcc.o(i.HAL_RCC_GetHCLKFreq)
    HAL_RCC_GetPCLK1Freq                     0x08002339   Thumb Code    22  stm32f4xx_hal_rcc.o(i.HAL_RCC_GetPCLK1Freq)
    HAL_RCC_GetPCLK2Freq                     0x08002359   Thumb Code    22  stm32f4xx_hal_rcc.o(i.HAL_RCC_GetPCLK2Freq)
    HAL_RCC_GetSysClockFreq                  0x08002379   Thumb Code   162  stm32f4xx_hal_rcc.o(i.HAL_RCC_GetSysClockFreq)
    HAL_RCC_OscConfig                        0x08002429   Thumb Code  1176  stm32f4xx_hal_rcc.o(i.HAL_RCC_OscConfig)
    HAL_SD_ConfigWideBusOperation            0x080028c9   Thumb Code   196  stm32f4xx_hal_sd.o(i.HAL_SD_ConfigWideBusOperation)
    HAL_SD_ErrorCallback                     0x08002991   Thumb Code     2  stm32f4xx_hal_sd.o(i.HAL_SD_ErrorCallback)
    HAL_SD_GetCardCSD                        0x08002995   Thumb Code   450  stm32f4xx_hal_sd.o(i.HAL_SD_GetCardCSD)
    HAL_SD_GetCardInfo                       0x08002b5d   Thumb Code    38  stm32f4xx_hal_sd.o(i.HAL_SD_GetCardInfo)
    HAL_SD_GetCardState                      0x08002b83   Thumb Code    36  stm32f4xx_hal_sd.o(i.HAL_SD_GetCardState)
    HAL_SD_Init                              0x08002ba7   Thumb Code    60  stm32f4xx_hal_sd.o(i.HAL_SD_Init)
    HAL_SD_InitCard                          0x08002be5   Thumb Code   168  stm32f4xx_hal_sd.o(i.HAL_SD_InitCard)
    HAL_SD_MspInit                           0x08002c95   Thumb Code   270  sdio.o(i.HAL_SD_MspInit)
    HAL_SD_ReadBlocks_DMA                    0x08002dbd   Thumb Code   318  stm32f4xx_hal_sd.o(i.HAL_SD_ReadBlocks_DMA)
    HAL_SD_RxCpltCallback                    0x08002f0d   Thumb Code    10  bsp_driver_sd.o(i.HAL_SD_RxCpltCallback)
    HAL_SD_WriteBlocks_DMA                   0x08002f19   Thumb Code   322  stm32f4xx_hal_sd.o(i.HAL_SD_WriteBlocks_DMA)
    HAL_SPI_Init                             0x0800306d   Thumb Code   200  stm32f4xx_hal_spi.o(i.HAL_SPI_Init)
    HAL_SPI_MspInit                          0x08003135   Thumb Code   188  spi.o(i.HAL_SPI_MspInit)
    HAL_SYSTICK_Config                       0x08003205   Thumb Code    52  stm32f4xx_hal_cortex.o(i.HAL_SYSTICK_Config)
    HAL_TIMEx_BreakCallback                  0x08003239   Thumb Code     2  stm32f4xx_hal_tim_ex.o(i.HAL_TIMEx_BreakCallback)
    HAL_TIMEx_CommutCallback                 0x0800323b   Thumb Code     2  stm32f4xx_hal_tim_ex.o(i.HAL_TIMEx_CommutCallback)
    HAL_TIM_Base_Init                        0x0800323d   Thumb Code   102  stm32f4xx_hal_tim.o(i.HAL_TIM_Base_Init)
    HAL_TIM_Base_MspInit                     0x080032a5   Thumb Code    62  tim.o(i.HAL_TIM_Base_MspInit)
    HAL_TIM_Base_Start_IT                    0x080032ed   Thumb Code   138  stm32f4xx_hal_tim.o(i.HAL_TIM_Base_Start_IT)
    HAL_TIM_IC_CaptureCallback               0x08003395   Thumb Code     2  stm32f4xx_hal_tim.o(i.HAL_TIM_IC_CaptureCallback)
    HAL_TIM_IRQHandler                       0x08003397   Thumb Code   406  stm32f4xx_hal_tim.o(i.HAL_TIM_IRQHandler)
    HAL_TIM_OC_DelayElapsedCallback          0x0800352d   Thumb Code     2  stm32f4xx_hal_tim.o(i.HAL_TIM_OC_DelayElapsedCallback)
    HAL_TIM_PWM_PulseFinishedCallback        0x0800352f   Thumb Code     2  stm32f4xx_hal_tim.o(i.HAL_TIM_PWM_PulseFinishedCallback)
    HAL_TIM_PeriodElapsedCallback            0x08003531   Thumb Code    28  stm32f4xx_it.o(i.HAL_TIM_PeriodElapsedCallback)
    HAL_TIM_TriggerCallback                  0x08003555   Thumb Code     2  stm32f4xx_hal_tim.o(i.HAL_TIM_TriggerCallback)
    HAL_UARTEx_RxEventCallback               0x08003557   Thumb Code     2  stm32f4xx_hal_uart.o(i.HAL_UARTEx_RxEventCallback)
    HAL_UART_ErrorCallback                   0x08003559   Thumb Code     2  stm32f4xx_hal_uart.o(i.HAL_UART_ErrorCallback)
    HAL_UART_IRQHandler                      0x0800355d   Thumb Code   732  stm32f4xx_hal_uart.o(i.HAL_UART_IRQHandler)
    HAL_UART_Init                            0x0800383d   Thumb Code   114  stm32f4xx_hal_uart.o(i.HAL_UART_Init)
    HAL_UART_MspInit                         0x080038b1   Thumb Code   274  usart.o(i.HAL_UART_MspInit)
    HAL_UART_RxCpltCallback                  0x080039dd   Thumb Code     2  stm32f4xx_hal_uart.o(i.HAL_UART_RxCpltCallback)
    HAL_UART_TxCpltCallback                  0x080039df   Thumb Code     2  stm32f4xx_hal_uart.o(i.HAL_UART_TxCpltCallback)
    HardFault_Handler                        0x080039e1   Thumb Code     4  stm32f4xx_it.o(i.HardFault_Handler)
    Key1Handler                              0x080039e5   Thumb Code    38  key_bsp.o(i.Key1Handler)
    Key2Handler                              0x08003a11   Thumb Code    32  key_bsp.o(i.Key2Handler)
    Key3Handler                              0x08003a35   Thumb Code    32  key_bsp.o(i.Key3Handler)
    KeyLoop                                  0x08003a59   Thumb Code   336  key_mod.o(i.KeyLoop)
    KeyStateComparison                       0x08003bb1   Thumb Code    44  key_mod.o(i.KeyStateComparison)
    MX_DMA_Init                              0x08003bdd   Thumb Code   130  dma.o(i.MX_DMA_Init)
    MX_FATFS_Init                            0x08003c65   Thumb Code    16  fatfs.o(i.MX_FATFS_Init)
    MX_GPIO_Init                             0x08003c81   Thumb Code   314  gpio.o(i.MX_GPIO_Init)
    MX_SDIO_SD_Init                          0x08003dcd   Thumb Code    32  sdio.o(i.MX_SDIO_SD_Init)
    MX_SPI2_Init                             0x08003df5   Thumb Code    60  spi.o(i.MX_SPI2_Init)
    MX_TIM14_Init                            0x08003e39   Thumb Code    50  tim.o(i.MX_TIM14_Init)
    MX_USART1_UART_Init                      0x08003e75   Thumb Code    44  usart.o(i.MX_USART1_UART_Init)
    MainAuxFunc                              0x08003ead   Thumb Code   104  oled_ui_menudata.o(i.MainAuxFunc)
    MemManage_Handler                        0x08003f31   Thumb Code     4  stm32f4xx_it.o(i.MemManage_Handler)
    MenuItemsMoveDown                        0x08003f35   Thumb Code    42  oled_ui.o(i.MenuItemsMoveDown)
    MenuItemsMoveLeft                        0x08003f6d   Thumb Code    42  oled_ui.o(i.MenuItemsMoveLeft)
    MenuItemsMoveRight                       0x08003fa5   Thumb Code    42  oled_ui.o(i.MenuItemsMoveRight)
    MenuItemsMoveUp                          0x08003fdd   Thumb Code    42  oled_ui.o(i.MenuItemsMoveUp)
    MoveMenuElements                         0x08004015   Thumb Code   164  oled_ui.o(i.MoveMenuElements)
    NMI_Handler                              0x080040e1   Thumb Code     4  stm32f4xx_it.o(i.NMI_Handler)
    OLED_Brightness                          0x080040e5   Thumb Code    48  oled_driver.o(i.OLED_Brightness)
    OLED_Clear                               0x08004119   Thumb Code    36  oled.o(i.OLED_Clear)
    OLED_ClearArea                           0x08004141   Thumb Code   210  oled.o(i.OLED_ClearArea)
    OLED_DrawArc                             0x08004219   Thumb Code   632  oled.o(i.OLED_DrawArc)
    OLED_DrawLine                            0x08004491   Thumb Code   374  oled.o(i.OLED_DrawLine)
    OLED_DrawPoint                           0x08004609   Thumb Code    80  oled.o(i.OLED_DrawPoint)
    OLED_DrawRectangle                       0x0800465d   Thumb Code   336  oled.o(i.OLED_DrawRectangle)
    OLED_DrawRoundedRectangle                0x080047b1   Thumb Code   526  oled.o(i.OLED_DrawRoundedRectangle)
    OLED_DrawWindow                          0x080049c1   Thumb Code  2342  oled_ui.o(i.OLED_DrawWindow)
    OLED_Init                                0x080052f1   Thumb Code   208  oled_driver.o(i.OLED_Init)
    OLED_IsInAngle                           0x080053c5   Thumb Code   144  oled.o(i.OLED_IsInAngle)
    OLED_KeyAndEncoderRecord                 0x08005465   Thumb Code   542  oled_ui.o(i.OLED_KeyAndEncoderRecord)
    OLED_Printf                              0x080056bd   Thumb Code    50  oled.o(i.OLED_Printf)
    OLED_PrintfMixArea                       0x080056ef   Thumb Code    70  oled.o(i.OLED_PrintfMixArea)
    OLED_ReverseArea                         0x08005735   Thumb Code   210  oled.o(i.OLED_ReverseArea)
    OLED_SetColorMode                        0x0800580d   Thumb Code     6  oled_driver.o(i.OLED_SetColorMode)
    OLED_SetCursor                           0x08005819   Thumb Code    34  oled_driver.o(i.OLED_SetCursor)
    OLED_ShowChar                            0x0800583d   Thumb Code   142  oled.o(i.OLED_ShowChar)
    OLED_ShowCharArea                        0x080058dd   Thumb Code   182  oled.o(i.OLED_ShowCharArea)
    OLED_ShowChineseArea                     0x080059a5   Thumb Code   518  oled.o(i.OLED_ShowChineseArea)
    OLED_ShowImage                           0x08005bc1   Thumb Code   490  oled.o(i.OLED_ShowImage)
    OLED_ShowImageArea                       0x08005db1   Thumb Code   422  oled.o(i.OLED_ShowImageArea)
    OLED_ShowMixStringArea                   0x08005f5d   Thumb Code   128  oled.o(i.OLED_ShowMixStringArea)
    OLED_ShowString                          0x08005fdd   Thumb Code    46  oled.o(i.OLED_ShowString)
    OLED_UI_Back                             0x0800600b   Thumb Code     8  oled_ui.o(i.OLED_UI_Back)
    OLED_UI_CreateWindow                     0x08006015   Thumb Code   126  oled_ui.o(i.OLED_UI_CreateWindow)
    OLED_UI_FadeOut_Masking                  0x080060a9   Thumb Code   252  oled_ui.o(i.OLED_UI_FadeOut_Masking)
    OLED_UI_Init                             0x080061ad   Thumb Code    18  oled_ui.o(i.OLED_UI_Init)
    OLED_UI_InterruptHandler                 0x080061c5   Thumb Code   950  oled_ui.o(i.OLED_UI_InterruptHandler)
    OLED_UI_MainLoop                         0x08006595   Thumb Code    28  oled_ui.o(i.OLED_UI_MainLoop)
    OLED_UI_ShowFPS                          0x080065b1   Thumb Code    42  oled_ui.o(i.OLED_UI_ShowFPS)
    OLED_Update                              0x080065e9   Thumb Code    36  oled_driver.o(i.OLED_Update)
    OLED_WriteDataArr                        0x08006611   Thumb Code    44  oled_driver.o(i.OLED_WriteDataArr)
    OLED_Write_CMD                           0x08006641   Thumb Code    72  oled_driver.o(i.OLED_Write_CMD)
    OLED_Write_DATA                          0x0800668d   Thumb Code    70  oled_driver.o(i.OLED_Write_DATA)
    PendSV_Handler                           0x080066d9   Thumb Code     2  stm32f4xx_it.o(i.PendSV_Handler)
    PrintMenuElements                        0x080066dd   Thumb Code  2218  oled_ui.o(i.PrintMenuElements)
    ResetEnterFlag                           0x08006f89   Thumb Code     8  oled_ui.o(i.ResetEnterFlag)
    ResetFadeOutFlag                         0x08006f95   Thumb Code     8  oled_ui.o(i.ResetFadeOutFlag)
    ReverseCoordinate                        0x08006fa1   Thumb Code   328  oled_ui.o(i.ReverseCoordinate)
    RummyFunction                            0x080070ed   Thumb Code    32  key_mod.o(i.RummyFunction)
    RunCurrentCallBackFunction               0x0800710d   Thumb Code    72  oled_ui.o(i.RunCurrentCallBackFunction)
    RunFadeOut                               0x0800715d   Thumb Code   824  oled_ui.o(i.RunFadeOut)
    SDIO_ConfigData                          0x080074c1   Thumb Code    44  stm32f4xx_ll_sdmmc.o(i.SDIO_ConfigData)
    SDIO_GetCommandResponse                  0x080074ed   Thumb Code     8  stm32f4xx_ll_sdmmc.o(i.SDIO_GetCommandResponse)
    SDIO_GetPowerState                       0x080074f5   Thumb Code    10  stm32f4xx_ll_sdmmc.o(i.SDIO_GetPowerState)
    SDIO_GetResponse                         0x080074ff   Thumb Code    12  stm32f4xx_ll_sdmmc.o(i.SDIO_GetResponse)
    SDIO_Init                                0x0800750b   Thumb Code    52  stm32f4xx_ll_sdmmc.o(i.SDIO_Init)
    SDIO_PowerState_ON                       0x0800753f   Thumb Code    10  stm32f4xx_ll_sdmmc.o(i.SDIO_PowerState_ON)
    SDIO_ReadFIFO                            0x08007549   Thumb Code     8  stm32f4xx_ll_sdmmc.o(i.SDIO_ReadFIFO)
    SDIO_SendCommand                         0x08007551   Thumb Code    40  stm32f4xx_ll_sdmmc.o(i.SDIO_SendCommand)
    SDMMC_CmdAppCommand                      0x08007579   Thumb Code    56  stm32f4xx_ll_sdmmc.o(i.SDMMC_CmdAppCommand)
    SDMMC_CmdAppOperCommand                  0x080075b1   Thumb Code    54  stm32f4xx_ll_sdmmc.o(i.SDMMC_CmdAppOperCommand)
    SDMMC_CmdBlockLength                     0x080075ed   Thumb Code    56  stm32f4xx_ll_sdmmc.o(i.SDMMC_CmdBlockLength)
    SDMMC_CmdBusWidth                        0x08007625   Thumb Code    56  stm32f4xx_ll_sdmmc.o(i.SDMMC_CmdBusWidth)
    SDMMC_CmdGoIdleState                     0x0800765d   Thumb Code    44  stm32f4xx_ll_sdmmc.o(i.SDMMC_CmdGoIdleState)
    SDMMC_CmdOperCond                        0x08007689   Thumb Code    52  stm32f4xx_ll_sdmmc.o(i.SDMMC_CmdOperCond)
    SDMMC_CmdReadMultiBlock                  0x080076bd   Thumb Code    56  stm32f4xx_ll_sdmmc.o(i.SDMMC_CmdReadMultiBlock)
    SDMMC_CmdReadSingleBlock                 0x080076f5   Thumb Code    56  stm32f4xx_ll_sdmmc.o(i.SDMMC_CmdReadSingleBlock)
    SDMMC_CmdSelDesel                        0x0800772d   Thumb Code    58  stm32f4xx_ll_sdmmc.o(i.SDMMC_CmdSelDesel)
    SDMMC_CmdSendCID                         0x08007767   Thumb Code    50  stm32f4xx_ll_sdmmc.o(i.SDMMC_CmdSendCID)
    SDMMC_CmdSendCSD                         0x08007799   Thumb Code    50  stm32f4xx_ll_sdmmc.o(i.SDMMC_CmdSendCSD)
    SDMMC_CmdSendSCR                         0x080077cb   Thumb Code    56  stm32f4xx_ll_sdmmc.o(i.SDMMC_CmdSendSCR)
    SDMMC_CmdSendStatus                      0x08007803   Thumb Code    56  stm32f4xx_ll_sdmmc.o(i.SDMMC_CmdSendStatus)
    SDMMC_CmdSetRelAdd                       0x0800783b   Thumb Code    56  stm32f4xx_ll_sdmmc.o(i.SDMMC_CmdSetRelAdd)
    SDMMC_CmdStopTransfer                    0x08007875   Thumb Code    54  stm32f4xx_ll_sdmmc.o(i.SDMMC_CmdStopTransfer)
    SDMMC_CmdWriteMultiBlock                 0x080078b1   Thumb Code    56  stm32f4xx_ll_sdmmc.o(i.SDMMC_CmdWriteMultiBlock)
    SDMMC_CmdWriteSingleBlock                0x080078e9   Thumb Code    56  stm32f4xx_ll_sdmmc.o(i.SDMMC_CmdWriteSingleBlock)
    SDMMC_GetCmdResp1                        0x08007961   Thumb Code   418  stm32f4xx_ll_sdmmc.o(i.SDMMC_GetCmdResp1)
    SDMMC_GetCmdResp2                        0x08007b0d   Thumb Code    96  stm32f4xx_ll_sdmmc.o(i.SDMMC_GetCmdResp2)
    SDMMC_GetCmdResp3                        0x08007b71   Thumb Code    82  stm32f4xx_ll_sdmmc.o(i.SDMMC_GetCmdResp3)
    SDMMC_GetCmdResp6                        0x08007bc9   Thumb Code   180  stm32f4xx_ll_sdmmc.o(i.SDMMC_GetCmdResp6)
    SDMMC_GetCmdResp7                        0x08007c81   Thumb Code   104  stm32f4xx_ll_sdmmc.o(i.SDMMC_GetCmdResp7)
    SD_initialize                            0x0800821d   Thumb Code    26  sd_diskio.o(i.SD_initialize)
    SD_ioctl                                 0x0800823d   Thumb Code   102  sd_diskio.o(i.SD_ioctl)
    SD_read                                  0x080082a9   Thumb Code   138  sd_diskio.o(i.SD_read)
    SD_status                                0x08008339   Thumb Code    12  sd_diskio.o(i.SD_status)
    SD_write                                 0x08008345   Thumb Code   138  sd_diskio.o(i.SD_write)
    SVC_Handler                              0x080083d5   Thumb Code     2  stm32f4xx_it.o(i.SVC_Handler)
    SetCursorZero                            0x080083d9   Thumb Code    68  oled_ui.o(i.SetCursorZero)
    SetEnterFlag                             0x08008425   Thumb Code    14  oled_ui.o(i.SetEnterFlag)
    SetFadeOutFlag                           0x08008439   Thumb Code    14  oled_ui.o(i.SetFadeOutFlag)
    SetLineSplitZero                         0x0800844d   Thumb Code    44  oled_ui.o(i.SetLineSplitZero)
    SetTargetCursor                          0x08008481   Thumb Code   688  oled_ui.o(i.SetTargetCursor)
    SetTargetMenuFrame                       0x08008741   Thumb Code    58  oled_ui.o(i.SetTargetMenuFrame)
    SetTargetProbWidth                       0x08008785   Thumb Code   226  oled_ui.o(i.SetTargetProbWidth)
    SetTargetScrollBarHeight                 0x08008875   Thumb Code   130  oled_ui.o(i.SetTargetScrollBarHeight)
    SettingAuxFunc                           0x08008901   Thumb Code   322  oled_ui_menudata.o(i.SettingAuxFunc)
    ShowFloatDataWindow                      0x08008a75   Thumb Code    10  oled_ui_menudata.o(i.ShowFloatDataWindow)
    ShowIntDataWindow                        0x08008a85   Thumb Code    10  oled_ui_menudata.o(i.ShowIntDataWindow)
    ShowTextWindow                           0x08008a95   Thumb Code    10  oled_ui_menudata.o(i.ShowTextWindow)
    SysTick_Handler                          0x08008aa5   Thumb Code     8  stm32f4xx_it.o(i.SysTick_Handler)
    SystemClock_Config                       0x08008aad   Thumb Code   174  main.o(i.SystemClock_Config)
    SystemInit                               0x08008b65   Thumb Code    14  system_stm32f4xx.o(i.SystemInit)
    TIM8_TRG_COM_TIM14_IRQHandler            0x08008b79   Thumb Code    10  stm32f4xx_it.o(i.TIM8_TRG_COM_TIM14_IRQHandler)
    TIM_Base_SetConfig                       0x08008b89   Thumb Code   170  stm32f4xx_hal_tim.o(i.TIM_Base_SetConfig)
    TimeCounter                              0x08008c61   Thumb Code    58  qthezg.o(i.TimeCounter)
    USART1_IRQHandler                        0x080090c5   Thumb Code    10  stm32f4xx_it.o(i.USART1_IRQHandler)
    UsageFault_Handler                       0x080090d5   Thumb Code     4  stm32f4xx_it.o(i.UsageFault_Handler)
    __0vsnprintf                             0x080090d9   Thumb Code    40  printfa.o(i.__0vsnprintf)
    __1vsnprintf                             0x080090d9   Thumb Code     0  printfa.o(i.__0vsnprintf)
    __2vsnprintf                             0x080090d9   Thumb Code     0  printfa.o(i.__0vsnprintf)
    __c89vsnprintf                           0x080090d9   Thumb Code     0  printfa.o(i.__0vsnprintf)
    vsnprintf                                0x080090d9   Thumb Code     0  printfa.o(i.__0vsnprintf)
    __0vsprintf                              0x08009105   Thumb Code    30  printfa.o(i.__0vsprintf)
    __1vsprintf                              0x08009105   Thumb Code     0  printfa.o(i.__0vsprintf)
    __2vsprintf                              0x08009105   Thumb Code     0  printfa.o(i.__0vsprintf)
    __c89vsprintf                            0x08009105   Thumb Code     0  printfa.o(i.__0vsprintf)
    vsprintf                                 0x08009105   Thumb Code     0  printfa.o(i.__0vsprintf)
    __ARM_fpclassify                         0x08009129   Thumb Code    48  fpclassify.o(i.__ARM_fpclassify)
    __hardfp_atan                            0x08009191   Thumb Code   622  atan.o(i.__hardfp_atan)
    __hardfp_atan2                           0x08009469   Thumb Code   432  atan2.o(i.__hardfp_atan2)
    __hardfp_ceil                            0x08009659   Thumb Code   252  ceil.o(i.__hardfp_ceil)
    __hardfp_fabs                            0x08009771   Thumb Code    20  fabs.o(i.__hardfp_fabs)
    __hardfp_fmin                            0x08009785   Thumb Code   116  fmin.o(i.__hardfp_fmin)
    __kernel_poly                            0x080097f9   Thumb Code   248  poly.o(i.__kernel_poly)
    __mathlib_dbl_infnan                     0x080098f1   Thumb Code    20  dunder.o(i.__mathlib_dbl_infnan)
    __mathlib_dbl_infnan2                    0x08009905   Thumb Code    20  dunder.o(i.__mathlib_dbl_infnan2)
    __mathlib_dbl_underflow                  0x08009919   Thumb Code    24  dunder.o(i.__mathlib_dbl_underflow)
    __scatterload_copy                       0x08009939   Thumb Code    14  handlers.o(i.__scatterload_copy)
    __scatterload_null                       0x08009947   Thumb Code     2  handlers.o(i.__scatterload_null)
    __scatterload_zeroinit                   0x08009949   Thumb Code    14  handlers.o(i.__scatterload_zeroinit)
    atan                                     0x0800a22b   Thumb Code    16  atan.o(i.atan)
    fabs                                     0x0800a23b   Thumb Code    24  fabs.o(i.fabs)
    main                                     0x0800a253   Thumb Code    48  main.o(i.main)
    system_bsp_init                          0x0800a285   Thumb Code    14  system_bsp.o(i.system_bsp_init)
    system_bsp_test_loop                     0x0800a299   Thumb Code   106  system_bsp.o(i.system_bsp_test_loop)
    OLED_F10x20                              0x0800a330   Data        2850  oled_fonts.o(.constdata)
    OLED_F8x16                               0x0800ae52   Data        1520  oled_fonts.o(.constdata)
    OLED_F7x12                               0x0800b442   Data        1330  oled_fonts.o(.constdata)
    OLED_F6x8                                0x0800b974   Data         570  oled_fonts.o(.constdata)
    OLED_CF20x20                             0x0800bbae   Data        3276  oled_fonts.o(.constdata)
    OLED_CF16x16                             0x0800c87a   Data        3220  oled_fonts.o(.constdata)
    OLED_CF12x12                             0x0800d50e   Data        2754  oled_fonts.o(.constdata)
    OLED_CF8x8                               0x0800dfd0   Data         594  oled_fonts.o(.constdata)
    Arrow                                    0x0800e222   Data           6  oled_fonts.o(.constdata)
    UnKnown                                  0x0800e228   Data         656  oled_fonts.o(.constdata)
    Image_setings                            0x0800e4b8   Data         128  oled_fonts.o(.constdata)
    Image_window                             0x0800e538   Data         128  oled_fonts.o(.constdata)
    Image_wechat                             0x0800e5b8   Data         128  oled_fonts.o(.constdata)
    Image_qq                                 0x0800e638   Data         128  oled_fonts.o(.constdata)
    Image_alipay                             0x0800e6b8   Data         128  oled_fonts.o(.constdata)
    Image_more                               0x0800e738   Data         128  oled_fonts.o(.constdata)
    Image_calc                               0x0800e7b8   Data         128  oled_fonts.o(.constdata)
    Image_night                              0x0800e838   Data         128  oled_fonts.o(.constdata)
    Image_sleep                              0x0800e8b8   Data         128  oled_fonts.o(.constdata)
    Image_calc_64                            0x0800e938   Data         512  oled_fonts.o(.constdata)
    Image_more_64                            0x0800eb38   Data         512  oled_fonts.o(.constdata)
    Image_night_64                           0x0800ed38   Data         512  oled_fonts.o(.constdata)
    Image_wechat_64                          0x0800ef38   Data         512  oled_fonts.o(.constdata)
    Image_alipay_64                          0x0800f138   Data         512  oled_fonts.o(.constdata)
    Image_settings_64                        0x0800f338   Data         512  oled_fonts.o(.constdata)
    Image_alipay_QR_Code                     0x0800f538   Data        1984  oled_fonts.o(.constdata)
    OLED_UI_LOGO                             0x0800fcf8   Data        1024  oled_fonts.o(.constdata)
    OLED_UI_LOGOTEXT                         0x080100f8   Data         400  oled_fonts.o(.constdata)
    OLED_UI_LOGOGithub                       0x08010288   Data         128  oled_fonts.o(.constdata)
    OLED_UI_LOGOTEXT64                       0x08010308   Data         208  oled_fonts.o(.constdata)
    OLED_UI_SettingsLogo                     0x080103d8   Data         256  oled_fonts.o(.constdata)
    AHBPrescTable                            0x080104e0   Data          16  system_stm32f4xx.o(.constdata)
    APBPrescTable                            0x080104f0   Data           8  system_stm32f4xx.o(.constdata)
    SD_Driver                                0x080104f8   Data          20  sd_diskio.o(.constdata)
    __mathlib_zero                           0x080105a8   Data           8  qnan.o(.constdata)
    Region$$Table$$Base                      0x08010964   Number         0  anon$$obj.o(Region$$Table)
    Region$$Table$$Limit                     0x08010984   Number         0  anon$$obj.o(Region$$Table)
    testfloatnum                             0x20000000   Data           4  oled_ui_menudata.o(.data)
    testintnum                               0x20000004   Data           2  oled_ui_menudata.o(.data)
    SetBrightnessWindow                      0x20000008   Data          56  oled_ui_menudata.o(.data)
    NullWindow                               0x20000040   Data          56  oled_ui_menudata.o(.data)
    TextWindow                               0x20000078   Data          56  oled_ui_menudata.o(.data)
    FloatDataWindow                          0x200000b0   Data          56  oled_ui_menudata.o(.data)
    IntDataWindow                            0x200000e8   Data          56  oled_ui_menudata.o(.data)
    MainMenuItems                            0x20000120   Data         168  oled_ui_menudata.o(.data)
    SettingsMenuItems                        0x200001c8   Data         192  oled_ui_menudata.o(.data)
    AboutThisDeviceMenuItems                 0x20000288   Data         240  oled_ui_menudata.o(.data)
    AboutOLED_UIMenuItems                    0x20000378   Data         144  oled_ui_menudata.o(.data)
    MoreMenuItems                            0x20000408   Data         336  oled_ui_menudata.o(.data)
    Font8MenuItems                           0x20000558   Data         192  oled_ui_menudata.o(.data)
    Font12MenuItems                          0x20000618   Data         192  oled_ui_menudata.o(.data)
    Font16MenuItems                          0x200006d8   Data         192  oled_ui_menudata.o(.data)
    Font20MenuItems                          0x20000798   Data         336  oled_ui_menudata.o(.data)
    LongMenuItems                            0x200008e8   Data         144  oled_ui_menudata.o(.data)
    SpringMenuItems                          0x20000978   Data         336  oled_ui_menudata.o(.data)
    LongListMenuItems                        0x20000ac8   Data         192  oled_ui_menudata.o(.data)
    SmallAreaMenuItems                       0x20000b88   Data         336  oled_ui_menudata.o(.data)
    MainMenuPage                             0x20000cd8   Data          72  oled_ui_menudata.o(.data)
    SettingsMenuPage                         0x20000d20   Data          72  oled_ui_menudata.o(.data)
    AboutThisDeviceMenuPage                  0x20000d68   Data          72  oled_ui_menudata.o(.data)
    AboutOLED_UIMenuPage                     0x20000db0   Data          72  oled_ui_menudata.o(.data)
    MoreMenuPage                             0x20000df8   Data          72  oled_ui_menudata.o(.data)
    Font8MenuPage                            0x20000e40   Data          72  oled_ui_menudata.o(.data)
    Font12MenuPage                           0x20000e88   Data          72  oled_ui_menudata.o(.data)
    Font16MenuPage                           0x20000ed0   Data          72  oled_ui_menudata.o(.data)
    Font20MenuPage                           0x20000f18   Data          72  oled_ui_menudata.o(.data)
    LongMenuPage                             0x20000f60   Data          72  oled_ui_menudata.o(.data)
    SpringMenuPage                           0x20000fa8   Data          72  oled_ui_menudata.o(.data)
    LongListMenuPage                         0x20000ff0   Data          72  oled_ui_menudata.o(.data)
    SmallAreaMenuPage                        0x20001038   Data          72  oled_ui_menudata.o(.data)
    OLED_FPS                                 0x20001080   Data           6  oled_ui.o(.data)
    OLED_UI_Key                              0x20001086   Data           4  oled_ui.o(.data)
    OLED_UI_LastKey                          0x2000108a   Data           4  oled_ui.o(.data)
    CurrentMenuPage                          0x20001090   Data           4  oled_ui.o(.data)
    CurrentWindow                            0x20001094   Data           4  oled_ui.o(.data)
    KeyEnterFlag                             0x20001098   Data           1  oled_ui.o(.data)
    FadeOutFlag                              0x20001099   Data           1  oled_ui.o(.data)
    ColorMode                                0x2000109a   Data           1  oled_ui.o(.data)
    OLED_UI_ShowFps                          0x2000109b   Data           1  oled_ui.o(.data)
    OLED_UI_Brightness                       0x2000109c   Data           2  oled_ui.o(.data)
    OLED_SustainCounter                      0x2000109e   Data           4  oled_ui.o(.data)
    THEZG                                    0x200010bc   Data          16  qthezg.o(.data)
    KeyStateTable                            0x200010cd   Data          28  key_mod.o(.data)
    KeyStateTableLength                      0x200010e9   Data           1  key_mod.o(.data)
    OLED_ColorMode                           0x200010ea   Data           1  oled_driver.o(.data)
    spi_busy                                 0x200010eb   Data           1  oled_driver.o(.data)
    TIM14_Cnt1                               0x200010ee   Data           2  stm32f4xx_it.o(.data)
    uwTick                                   0x200010f0   Data           4  stm32f4xx_hal.o(.data)
    uwTickPrio                               0x200010f4   Data           4  stm32f4xx_hal.o(.data)
    uwTickFreq                               0x200010f8   Data           1  stm32f4xx_hal.o(.data)
    SystemCoreClock                          0x200010fc   Data           4  system_stm32f4xx.o(.data)
    retSD                                    0x2000110c   Data           1  fatfs.o(.data)
    SDPath                                   0x2000110d   Data           4  fatfs.o(.data)
    LogoMove                                 0x20001114   Data          48  oled_ui_menudata.o(.bss)
    LogoTextMove                             0x20001144   Data          48  oled_ui_menudata.o(.bss)
    WelcomeTextMove                          0x20001174   Data          48  oled_ui_menudata.o(.bss)
    OLED_UI_Cursor                           0x200011a4   Data          96  oled_ui.o(.bss)
    OLED_UI_MenuFrame                        0x20001204   Data          96  oled_ui.o(.bss)
    OLED_UI_Window                           0x20001264   Data          96  oled_ui.o(.bss)
    OLED_UI_ScrollBarHeight                  0x200012c4   Data          24  oled_ui.o(.bss)
    OLED_UI_ProbWidth                        0x200012dc   Data          24  oled_ui.o(.bss)
    OLED_UI_PageStartPoint                   0x200012f4   Data          48  oled_ui.o(.bss)
    OLED_UI_LineStep                         0x20001324   Data          24  oled_ui.o(.bss)
    OLED_DisplayBuf                          0x2000133c   Data        1024  oled_driver.o(.bss)
    systick_counter_8ms                      0x20001740   Data          16  system_bsp.o(.bss)
    systick_counter_20ms                     0x20001750   Data          16  system_bsp.o(.bss)
    zzarc_vf07                               0x20001760   Data          12  system_bsp.o(.bss)
    vf07_key1                                0x2000176c   Data          40  key_bsp.o(.bss)
    vf07_key2                                0x20001794   Data          40  key_bsp.o(.bss)
    vf07_key3                                0x200017bc   Data          40  key_bsp.o(.bss)
    hsd                                      0x200017e4   Data         132  sdio.o(.bss)
    hdma_sdio                                0x20001868   Data          96  sdio.o(.bss)
    hspi2                                    0x200018c8   Data          88  spi.o(.bss)
    hdma_spi2_tx                             0x20001920   Data          96  spi.o(.bss)
    htim14                                   0x20001980   Data          72  tim.o(.bss)
    huart1                                   0x200019c8   Data          68  usart.o(.bss)
    hdma_usart1_rx                           0x20001a0c   Data          96  usart.o(.bss)
    hdma_usart1_tx                           0x20001a6c   Data          96  usart.o(.bss)
    disk                                     0x20001acc   Data          12  ff_gen_drv.o(.bss)
    __initial_sp                             0x20002ad8   Data           0  startup_stm32f407xx.o(STACK)



==============================================================================

Memory Map of the image

  Image Entry point : 0x08000189

  Load Region LR_IROM1 (Base: 0x08000000, Size: 0x00011a98, Max: 0x00100000, ABSOLUTE, COMPRESSED[0x00010c8c])

    Execution Region ER_IROM1 (Exec base: 0x08000000, Load base: 0x08000000, Size: 0x00010984, Max: 0x00100000, ABSOLUTE)

    Exec Addr    Load Addr    Size         Type   Attr      Idx    E Section Name        Object

    0x08000000   0x08000000   0x00000188   Data   RO         1333    RESET               startup_stm32f407xx.o
    0x08000188   0x08000188   0x00000000   Code   RO         5943  * .ARM.Collect$$$$00000000  mc_w.l(entry.o)
    0x08000188   0x08000188   0x00000004   Code   RO         6270    .ARM.Collect$$$$00000001  mc_w.l(entry2.o)
    0x0800018c   0x0800018c   0x00000004   Code   RO         6273    .ARM.Collect$$$$00000004  mc_w.l(entry5.o)
    0x08000190   0x08000190   0x00000000   Code   RO         6275    .ARM.Collect$$$$00000008  mc_w.l(entry7b.o)
    0x08000190   0x08000190   0x00000000   Code   RO         6277    .ARM.Collect$$$$0000000A  mc_w.l(entry8b.o)
    0x08000190   0x08000190   0x00000008   Code   RO         6278    .ARM.Collect$$$$0000000B  mc_w.l(entry9a.o)
    0x08000198   0x08000198   0x00000000   Code   RO         6280    .ARM.Collect$$$$0000000D  mc_w.l(entry10a.o)
    0x08000198   0x08000198   0x00000000   Code   RO         6282    .ARM.Collect$$$$0000000F  mc_w.l(entry11a.o)
    0x08000198   0x08000198   0x00000004   Code   RO         6271    .ARM.Collect$$$$00002712  mc_w.l(entry2.o)
    0x0800019c   0x0800019c   0x00000024   Code   RO         1334    .text               startup_stm32f407xx.o
    0x080001c0   0x080001c0   0x00000062   Code   RO         5946    .text               mc_w.l(uldiv.o)
    0x08000222   0x08000222   0x00000024   Code   RO         5948    .text               mc_w.l(memcpya.o)
    0x08000246   0x08000246   0x00000024   Code   RO         5950    .text               mc_w.l(memseta.o)
    0x0800026a   0x0800026a   0x0000001c   Code   RO         5952    .text               mc_w.l(strcmp.o)
    0x08000286   0x08000286   0x0000014e   Code   RO         6217    .text               mf_w.l(dadd.o)
    0x080003d4   0x080003d4   0x000000e4   Code   RO         6219    .text               mf_w.l(dmul.o)
    0x080004b8   0x080004b8   0x000000de   Code   RO         6221    .text               mf_w.l(ddiv.o)
    0x08000596   0x08000596   0x00000022   Code   RO         6225    .text               mf_w.l(dflti.o)
    0x080005b8   0x080005b8   0x0000003e   Code   RO         6229    .text               mf_w.l(dfixi.o)
    0x080005f6   0x080005f6   0x00000026   Code   RO         6233    .text               mf_w.l(f2d.o)
    0x0800061c   0x0800061c   0x00000030   Code   RO         6235    .text               mf_w.l(cdcmple.o)
    0x0800064c   0x0800064c   0x00000030   Code   RO         6237    .text               mf_w.l(cdrcmple.o)
    0x0800067c   0x0800067c   0x00000038   Code   RO         6239    .text               mf_w.l(d2f.o)
    0x080006b4   0x080006b4   0x0000002c   Code   RO         6287    .text               mc_w.l(uidiv.o)
    0x080006e0   0x080006e0   0x0000001e   Code   RO         6289    .text               mc_w.l(llshl.o)
    0x080006fe   0x080006fe   0x00000020   Code   RO         6291    .text               mc_w.l(llushr.o)
    0x0800071e   0x0800071e   0x00000024   Code   RO         6293    .text               mc_w.l(llsshr.o)
    0x08000742   0x08000742   0x00000000   Code   RO         6302    .text               mc_w.l(iusefp.o)
    0x08000742   0x08000742   0x0000006e   Code   RO         6303    .text               mf_w.l(fepilogue.o)
    0x080007b0   0x080007b0   0x000000ba   Code   RO         6305    .text               mf_w.l(depilogue.o)
    0x0800086a   0x0800086a   0x00000030   Code   RO         6309    .text               mf_w.l(dfixul.o)
    0x0800089a   0x0800089a   0x00000060   Code   RO         6311    .text               mf_w.l(dcmp4.o)
    0x080008fa   0x080008fa   0x00000002   PAD
    0x080008fc   0x080008fc   0x00000024   Code   RO         6317    .text               mc_w.l(init.o)
    0x08000920   0x08000920   0x00000056   Code   RO         6329    .text               mc_w.l(__dczerorl2.o)
    0x08000976   0x08000976   0x00000002   PAD
    0x08000978   0x08000978   0x00000118   Code   RO            4    i.AboutOLED_UIAuxFunc  oled_ui_menudata.o
    0x08000a90   0x08000a90   0x00000118   Code   RO            5    i.AboutThisDeviceAuxFunc  oled_ui_menudata.o
    0x08000ba8   0x08000ba8   0x00000014   Code   RO         5199    i.BSP_SD_GetCardInfo  bsp_driver_sd.o
    0x08000bbc   0x08000bbc   0x00000018   Code   RO         5200    i.BSP_SD_GetCardState  bsp_driver_sd.o
    0x08000bd4   0x08000bd4   0x00000030   Code   RO         5202    i.BSP_SD_Init       bsp_driver_sd.o
    0x08000c04   0x08000c04   0x0000000c   Code   RO         5203    i.BSP_SD_IsDetected  bsp_driver_sd.o
    0x08000c10   0x08000c10   0x00000028   Code   RO         5205    i.BSP_SD_ReadBlocks_DMA  bsp_driver_sd.o
    0x08000c38   0x08000c38   0x0000000c   Code   RO         5317    i.BSP_SD_ReadCpltCallback  sd_diskio.o
    0x08000c44   0x08000c44   0x00000028   Code   RO         5208    i.BSP_SD_WriteBlocks_DMA  bsp_driver_sd.o
    0x08000c6c   0x08000c6c   0x00000018   Code   RO          489    i.BackEventMenuItem  oled_ui.o
    0x08000c84   0x08000c84   0x00000010   Code   RO            6    i.BrightnessWindow  oled_ui_menudata.o
    0x08000c94   0x08000c94   0x0000002c   Code   RO         1163    i.BspKeyInit        key_bsp.o
    0x08000cc0   0x08000cc0   0x00000034   Code   RO         1164    i.BspKeyInstantiation  key_bsp.o
    0x08000cf4   0x08000cf4   0x00000004   Code   RO         1611    i.BusFault_Handler  stm32f4xx_it.o
    0x08000cf8   0x08000cf8   0x0000004a   Code   RO          490    i.CalcStringWidth   oled_ui.o
    0x08000d42   0x08000d42   0x00000076   Code   RO          491    i.ChangeArea        oled_ui.o
    0x08000db8   0x08000db8   0x0000001c   Code   RO          492    i.ChangeDistance    oled_ui.o
    0x08000dd4   0x08000dd4   0x000002dc   Code   RO          493    i.ChangeFloatNum    oled_ui.o
    0x080010b0   0x080010b0   0x0000003e   Code   RO          494    i.ChangePoint       oled_ui.o
    0x080010ee   0x080010ee   0x00000002   PAD
    0x080010f0   0x080010f0   0x00000134   Code   RO          495    i.CurrentMenuPageBackUp  oled_ui.o
    0x08001224   0x08001224   0x000001a4   Code   RO          496    i.CurrentMenuPageInit  oled_ui.o
    0x080013c8   0x080013c8   0x00000010   Code   RO         1612    i.DMA1_Stream4_IRQHandler  stm32f4xx_it.o
    0x080013d8   0x080013d8   0x00000010   Code   RO         1613    i.DMA2_Stream2_IRQHandler  stm32f4xx_it.o
    0x080013e8   0x080013e8   0x00000010   Code   RO         1614    i.DMA2_Stream3_IRQHandler  stm32f4xx_it.o
    0x080013f8   0x080013f8   0x00000010   Code   RO         1615    i.DMA2_Stream7_IRQHandler  stm32f4xx_it.o
    0x08001408   0x08001408   0x00000034   Code   RO         2260    i.DMA_CalcBaseAndBitshift  stm32f4xx_hal_dma.o
    0x0800143c   0x0800143c   0x000000aa   Code   RO         2261    i.DMA_CheckFifoParam  stm32f4xx_hal_dma.o
    0x080014e6   0x080014e6   0x0000002c   Code   RO         2262    i.DMA_SetConfig     stm32f4xx_hal_dma.o
    0x08001512   0x08001512   0x00000002   Code   RO         1616    i.DebugMon_Handler  stm32f4xx_it.o
    0x08001514   0x08001514   0x00000170   Code   RO          497    i.DrawLinePermix    oled_ui.o
    0x08001684   0x08001684   0x00000010   Code   RO            7    i.EmptyWindow       oled_ui_menudata.o
    0x08001694   0x08001694   0x00000002   Code   RO         1028    i.Encoder_Disable   oled_ui_driver.o
    0x08001696   0x08001696   0x00000002   Code   RO         1029    i.Encoder_Enable    oled_ui_driver.o
    0x08001698   0x08001698   0x00000004   Code   RO         1030    i.Encoder_Get       oled_ui_driver.o
    0x0800169c   0x0800169c   0x0000007c   Code   RO          498    i.EnterEventMenuItem  oled_ui.o
    0x08001718   0x08001718   0x00000006   Code   RO         1341    i.Error_Handler     main.o
    0x0800171e   0x0800171e   0x00000012   Code   RO         5840    i.FATFS_LinkDriver  ff_gen_drv.o
    0x08001730   0x08001730   0x00000054   Code   RO         5841    i.FATFS_LinkDriverEx  ff_gen_drv.o
    0x08001784   0x08001784   0x00000008   Code   RO          790    i.FunGetData        qthezg.o
    0x0800178c   0x0800178c   0x00000006   Code   RO          791    i.FunGetFlg         qthezg.o
    0x08001792   0x08001792   0x00000004   Code   RO          792    i.FunSetData        qthezg.o
    0x08001796   0x08001796   0x00000004   Code   RO          793    i.FunSetFlg         qthezg.o
    0x0800179a   0x0800179a   0x00000002   PAD
    0x0800179c   0x0800179c   0x00000074   Code   RO          499    i.GetCurrentMenuPageMaxSlotNum  oled_ui.o
    0x08001810   0x08001810   0x00000014   Code   RO          500    i.GetEnterFlag      oled_ui.o
    0x08001824   0x08001824   0x00000030   Code   RO          501    i.GetFPS            oled_ui.o
    0x08001854   0x08001854   0x00000014   Code   RO          502    i.GetFadeoutFlag    oled_ui.o
    0x08001868   0x08001868   0x00000010   Code   RO         1165    i.GetKey1Gpio       key_bsp.o
    0x08001878   0x08001878   0x00000010   Code   RO         1166    i.GetKey2Gpio       key_bsp.o
    0x08001888   0x08001888   0x00000014   Code   RO         1167    i.GetKey3Gpio       key_bsp.o
    0x0800189c   0x0800189c   0x00000018   Code   RO          503    i.GetMenuItemNum    oled_ui.o
    0x080018b4   0x080018b4   0x00000042   Code   RO          504    i.GetOLED_Font      oled_ui.o
    0x080018f6   0x080018f6   0x00000002   PAD
    0x080018f8   0x080018f8   0x00000024   Code   RO          505    i.GetWindowDataStyle  oled_ui.o
    0x0800191c   0x0800191c   0x000000ac   Code   RO         2263    i.HAL_DMA_Abort     stm32f4xx_hal_dma.o
    0x080019c8   0x080019c8   0x00000028   Code   RO         2264    i.HAL_DMA_Abort_IT  stm32f4xx_hal_dma.o
    0x080019f0   0x080019f0   0x00000006   Code   RO         2266    i.HAL_DMA_GetError  stm32f4xx_hal_dma.o
    0x080019f6   0x080019f6   0x00000002   PAD
    0x080019f8   0x080019f8   0x00000240   Code   RO         2268    i.HAL_DMA_IRQHandler  stm32f4xx_hal_dma.o
    0x08001c38   0x08001c38   0x000000ec   Code   RO         2269    i.HAL_DMA_Init      stm32f4xx_hal_dma.o
    0x08001d24   0x08001d24   0x00000092   Code   RO         2273    i.HAL_DMA_Start_IT  stm32f4xx_hal_dma.o
    0x08001db6   0x08001db6   0x00000002   PAD
    0x08001db8   0x08001db8   0x00000028   Code   RO         2687    i.HAL_Delay         stm32f4xx_hal.o
    0x08001de0   0x08001de0   0x000001f4   Code   RO         2156    i.HAL_GPIO_Init     stm32f4xx_hal_gpio.o
    0x08001fd4   0x08001fd4   0x00000010   Code   RO         2158    i.HAL_GPIO_ReadPin  stm32f4xx_hal_gpio.o
    0x08001fe4   0x08001fe4   0x0000000c   Code   RO         2160    i.HAL_GPIO_WritePin  stm32f4xx_hal_gpio.o
    0x08001ff0   0x08001ff0   0x0000000c   Code   RO         2693    i.HAL_GetTick       stm32f4xx_hal.o
    0x08001ffc   0x08001ffc   0x00000018   Code   RO         2699    i.HAL_IncTick       stm32f4xx_hal.o
    0x08002014   0x08002014   0x0000003c   Code   RO         2700    i.HAL_Init          stm32f4xx_hal.o
    0x08002050   0x08002050   0x0000004c   Code   RO         2701    i.HAL_InitTick      stm32f4xx_hal.o
    0x0800209c   0x0800209c   0x00000048   Code   RO         1732    i.HAL_MspInit       stm32f4xx_hal_msp.o
    0x080020e4   0x080020e4   0x00000020   Code   RO         2545    i.HAL_NVIC_EnableIRQ  stm32f4xx_hal_cortex.o
    0x08002104   0x08002104   0x0000007c   Code   RO         2551    i.HAL_NVIC_SetPriority  stm32f4xx_hal_cortex.o
    0x08002180   0x08002180   0x00000028   Code   RO         2552    i.HAL_NVIC_SetPriorityGrouping  stm32f4xx_hal_cortex.o
    0x080021a8   0x080021a8   0x00000184   Code   RO         1757    i.HAL_RCC_ClockConfig  stm32f4xx_hal_rcc.o
    0x0800232c   0x0800232c   0x0000000c   Code   RO         1762    i.HAL_RCC_GetHCLKFreq  stm32f4xx_hal_rcc.o
    0x08002338   0x08002338   0x00000020   Code   RO         1764    i.HAL_RCC_GetPCLK1Freq  stm32f4xx_hal_rcc.o
    0x08002358   0x08002358   0x00000020   Code   RO         1765    i.HAL_RCC_GetPCLK2Freq  stm32f4xx_hal_rcc.o
    0x08002378   0x08002378   0x000000b0   Code   RO         1766    i.HAL_RCC_GetSysClockFreq  stm32f4xx_hal_rcc.o
    0x08002428   0x08002428   0x000004a0   Code   RO         1769    i.HAL_RCC_OscConfig  stm32f4xx_hal_rcc.o
    0x080028c8   0x080028c8   0x000000c8   Code   RO         3234    i.HAL_SD_ConfigWideBusOperation  stm32f4xx_hal_sd.o
    0x08002990   0x08002990   0x00000002   Code   RO         3237    i.HAL_SD_ErrorCallback  stm32f4xx_hal_sd.o
    0x08002992   0x08002992   0x00000002   PAD
    0x08002994   0x08002994   0x000001c8   Code   RO         3239    i.HAL_SD_GetCardCSD  stm32f4xx_hal_sd.o
    0x08002b5c   0x08002b5c   0x00000026   Code   RO         3240    i.HAL_SD_GetCardInfo  stm32f4xx_hal_sd.o
    0x08002b82   0x08002b82   0x00000024   Code   RO         3241    i.HAL_SD_GetCardState  stm32f4xx_hal_sd.o
    0x08002ba6   0x08002ba6   0x0000003c   Code   RO         3246    i.HAL_SD_Init       stm32f4xx_hal_sd.o
    0x08002be2   0x08002be2   0x00000002   PAD
    0x08002be4   0x08002be4   0x000000b0   Code   RO         3247    i.HAL_SD_InitCard   stm32f4xx_hal_sd.o
    0x08002c94   0x08002c94   0x00000128   Code   RO         1444    i.HAL_SD_MspInit    sdio.o
    0x08002dbc   0x08002dbc   0x00000150   Code   RO         3251    i.HAL_SD_ReadBlocks_DMA  stm32f4xx_hal_sd.o
    0x08002f0c   0x08002f0c   0x0000000a   Code   RO         5211    i.HAL_SD_RxCpltCallback  bsp_driver_sd.o
    0x08002f16   0x08002f16   0x00000002   PAD
    0x08002f18   0x08002f18   0x00000154   Code   RO         3256    i.HAL_SD_WriteBlocks_DMA  stm32f4xx_hal_sd.o
    0x0800306c   0x0800306c   0x000000c8   Code   RO         3497    i.HAL_SPI_Init      stm32f4xx_hal_spi.o
    0x08003134   0x08003134   0x000000d0   Code   RO         1486    i.HAL_SPI_MspInit   spi.o
    0x08003204   0x08003204   0x00000034   Code   RO         2556    i.HAL_SYSTICK_Config  stm32f4xx_hal_cortex.o
    0x08003238   0x08003238   0x00000002   Code   RO         4525    i.HAL_TIMEx_BreakCallback  stm32f4xx_hal_tim_ex.o
    0x0800323a   0x0800323a   0x00000002   Code   RO         4526    i.HAL_TIMEx_CommutCallback  stm32f4xx_hal_tim_ex.o
    0x0800323c   0x0800323c   0x00000066   Code   RO         3810    i.HAL_TIM_Base_Init  stm32f4xx_hal_tim.o
    0x080032a2   0x080032a2   0x00000002   PAD
    0x080032a4   0x080032a4   0x00000048   Code   RO         1528    i.HAL_TIM_Base_MspInit  tim.o
    0x080032ec   0x080032ec   0x000000a8   Code   RO         3815    i.HAL_TIM_Base_Start_IT  stm32f4xx_hal_tim.o
    0x08003394   0x08003394   0x00000002   Code   RO         3844    i.HAL_TIM_IC_CaptureCallback  stm32f4xx_hal_tim.o
    0x08003396   0x08003396   0x00000196   Code   RO         3858    i.HAL_TIM_IRQHandler  stm32f4xx_hal_tim.o
    0x0800352c   0x0800352c   0x00000002   Code   RO         3861    i.HAL_TIM_OC_DelayElapsedCallback  stm32f4xx_hal_tim.o
    0x0800352e   0x0800352e   0x00000002   Code   RO         3888    i.HAL_TIM_PWM_PulseFinishedCallback  stm32f4xx_hal_tim.o
    0x08003530   0x08003530   0x00000024   Code   RO         1617    i.HAL_TIM_PeriodElapsedCallback  stm32f4xx_it.o
    0x08003554   0x08003554   0x00000002   Code   RO         3901    i.HAL_TIM_TriggerCallback  stm32f4xx_hal_tim.o
    0x08003556   0x08003556   0x00000002   Code   RO         4803    i.HAL_UARTEx_RxEventCallback  stm32f4xx_hal_uart.o
    0x08003558   0x08003558   0x00000002   Code   RO         4817    i.HAL_UART_ErrorCallback  stm32f4xx_hal_uart.o
    0x0800355a   0x0800355a   0x00000002   PAD
    0x0800355c   0x0800355c   0x000002e0   Code   RO         4820    i.HAL_UART_IRQHandler  stm32f4xx_hal_uart.o
    0x0800383c   0x0800383c   0x00000072   Code   RO         4821    i.HAL_UART_Init     stm32f4xx_hal_uart.o
    0x080038ae   0x080038ae   0x00000002   PAD
    0x080038b0   0x080038b0   0x0000012c   Code   RO         1570    i.HAL_UART_MspInit  usart.o
    0x080039dc   0x080039dc   0x00000002   Code   RO         4827    i.HAL_UART_RxCpltCallback  stm32f4xx_hal_uart.o
    0x080039de   0x080039de   0x00000002   Code   RO         4832    i.HAL_UART_TxCpltCallback  stm32f4xx_hal_uart.o
    0x080039e0   0x080039e0   0x00000004   Code   RO         1618    i.HardFault_Handler  stm32f4xx_it.o
    0x080039e4   0x080039e4   0x0000002c   Code   RO         1168    i.Key1Handler       key_bsp.o
    0x08003a10   0x08003a10   0x00000024   Code   RO         1169    i.Key2Handler       key_bsp.o
    0x08003a34   0x08003a34   0x00000024   Code   RO         1170    i.Key3Handler       key_bsp.o
    0x08003a58   0x08003a58   0x00000158   Code   RO          889    i.KeyLoop           key_mod.o
    0x08003bb0   0x08003bb0   0x0000002c   Code   RO          890    i.KeyStateComparison  key_mod.o
    0x08003bdc   0x08003bdc   0x00000088   Code   RO         1419    i.MX_DMA_Init       dma.o
    0x08003c64   0x08003c64   0x0000001c   Code   RO         5394    i.MX_FATFS_Init     fatfs.o
    0x08003c80   0x08003c80   0x0000014c   Code   RO         1395    i.MX_GPIO_Init      gpio.o
    0x08003dcc   0x08003dcc   0x00000028   Code   RO         1445    i.MX_SDIO_SD_Init   sdio.o
    0x08003df4   0x08003df4   0x00000044   Code   RO         1487    i.MX_SPI2_Init      spi.o
    0x08003e38   0x08003e38   0x0000003c   Code   RO         1529    i.MX_TIM14_Init     tim.o
    0x08003e74   0x08003e74   0x00000038   Code   RO         1571    i.MX_USART1_UART_Init  usart.o
    0x08003eac   0x08003eac   0x00000084   Code   RO            8    i.MainAuxFunc       oled_ui_menudata.o
    0x08003f30   0x08003f30   0x00000004   Code   RO         1619    i.MemManage_Handler  stm32f4xx_it.o
    0x08003f34   0x08003f34   0x00000038   Code   RO          506    i.MenuItemsMoveDown  oled_ui.o
    0x08003f6c   0x08003f6c   0x00000038   Code   RO          507    i.MenuItemsMoveLeft  oled_ui.o
    0x08003fa4   0x08003fa4   0x00000038   Code   RO          508    i.MenuItemsMoveRight  oled_ui.o
    0x08003fdc   0x08003fdc   0x00000038   Code   RO          509    i.MenuItemsMoveUp   oled_ui.o
    0x08004014   0x08004014   0x000000cc   Code   RO          510    i.MoveMenuElements  oled_ui.o
    0x080040e0   0x080040e0   0x00000004   Code   RO         1620    i.NMI_Handler       stm32f4xx_it.o
    0x080040e4   0x080040e4   0x00000034   Code   RO          919    i.OLED_Brightness   oled_driver.o
    0x08004118   0x08004118   0x00000028   Code   RO          235    i.OLED_Clear        oled.o
    0x08004140   0x08004140   0x000000d8   Code   RO          236    i.OLED_ClearArea    oled.o
    0x08004218   0x08004218   0x00000278   Code   RO          237    i.OLED_DrawArc      oled.o
    0x08004490   0x08004490   0x00000176   Code   RO          240    i.OLED_DrawLine     oled.o
    0x08004606   0x08004606   0x00000002   PAD
    0x08004608   0x08004608   0x00000054   Code   RO          241    i.OLED_DrawPoint    oled.o
    0x0800465c   0x0800465c   0x00000154   Code   RO          242    i.OLED_DrawRectangle  oled.o
    0x080047b0   0x080047b0   0x0000020e   Code   RO          243    i.OLED_DrawRoundedRectangle  oled.o
    0x080049be   0x080049be   0x00000002   PAD
    0x080049c0   0x080049c0   0x00000930   Code   RO          511    i.OLED_DrawWindow   oled_ui.o
    0x080052f0   0x080052f0   0x000000d4   Code   RO          924    i.OLED_Init         oled_driver.o
    0x080053c4   0x080053c4   0x000000a0   Code   RO          246    i.OLED_IsInAngle    oled.o
    0x08005464   0x08005464   0x00000258   Code   RO          512    i.OLED_KeyAndEncoderRecord  oled_ui.o
    0x080056bc   0x080056bc   0x00000032   Code   RO          248    i.OLED_Printf       oled.o
    0x080056ee   0x080056ee   0x00000046   Code   RO          251    i.OLED_PrintfMixArea  oled.o
    0x08005734   0x08005734   0x000000d8   Code   RO          253    i.OLED_ReverseArea  oled.o
    0x0800580c   0x0800580c   0x0000000c   Code   RO          925    i.OLED_SetColorMode  oled_driver.o
    0x08005818   0x08005818   0x00000022   Code   RO          926    i.OLED_SetCursor    oled_driver.o
    0x0800583a   0x0800583a   0x00000002   PAD
    0x0800583c   0x0800583c   0x000000a0   Code   RO          255    i.OLED_ShowChar     oled.o
    0x080058dc   0x080058dc   0x000000c8   Code   RO          256    i.OLED_ShowCharArea  oled.o
    0x080059a4   0x080059a4   0x0000021c   Code   RO          258    i.OLED_ShowChineseArea  oled.o
    0x08005bc0   0x08005bc0   0x000001f0   Code   RO          261    i.OLED_ShowImage    oled.o
    0x08005db0   0x08005db0   0x000001ac   Code   RO          262    i.OLED_ShowImageArea  oled.o
    0x08005f5c   0x08005f5c   0x00000080   Code   RO          264    i.OLED_ShowMixStringArea  oled.o
    0x08005fdc   0x08005fdc   0x0000002e   Code   RO          267    i.OLED_ShowString   oled.o
    0x0800600a   0x0800600a   0x00000008   Code   RO          513    i.OLED_UI_Back      oled_ui.o
    0x08006012   0x08006012   0x00000002   PAD
    0x08006014   0x08006014   0x00000094   Code   RO          514    i.OLED_UI_CreateWindow  oled_ui.o
    0x080060a8   0x080060a8   0x00000104   Code   RO          515    i.OLED_UI_FadeOut_Masking  oled_ui.o
    0x080061ac   0x080061ac   0x00000018   Code   RO          516    i.OLED_UI_Init      oled_ui.o
    0x080061c4   0x080061c4   0x000003d0   Code   RO          517    i.OLED_UI_InterruptHandler  oled_ui.o
    0x08006594   0x08006594   0x0000001c   Code   RO          518    i.OLED_UI_MainLoop  oled_ui.o
    0x080065b0   0x080065b0   0x00000038   Code   RO          519    i.OLED_UI_ShowFPS   oled_ui.o
    0x080065e8   0x080065e8   0x00000028   Code   RO          927    i.OLED_Update       oled_driver.o
    0x08006610   0x08006610   0x00000030   Code   RO          929    i.OLED_WriteDataArr  oled_driver.o
    0x08006640   0x08006640   0x0000004c   Code   RO          930    i.OLED_Write_CMD    oled_driver.o
    0x0800668c   0x0800668c   0x0000004c   Code   RO          931    i.OLED_Write_DATA   oled_driver.o
    0x080066d8   0x080066d8   0x00000002   Code   RO         1621    i.PendSV_Handler    stm32f4xx_it.o
    0x080066da   0x080066da   0x00000002   PAD
    0x080066dc   0x080066dc   0x000008aa   Code   RO          520    i.PrintMenuElements  oled_ui.o
    0x08006f86   0x08006f86   0x00000002   PAD
    0x08006f88   0x08006f88   0x0000000c   Code   RO          521    i.ResetEnterFlag    oled_ui.o
    0x08006f94   0x08006f94   0x0000000c   Code   RO          522    i.ResetFadeOutFlag  oled_ui.o
    0x08006fa0   0x08006fa0   0x0000014c   Code   RO          523    i.ReverseCoordinate  oled_ui.o
    0x080070ec   0x080070ec   0x00000020   Code   RO          891    i.RummyFunction     key_mod.o
    0x0800710c   0x0800710c   0x00000050   Code   RO          524    i.RunCurrentCallBackFunction  oled_ui.o
    0x0800715c   0x0800715c   0x00000364   Code   RO          525    i.RunFadeOut        oled_ui.o
    0x080074c0   0x080074c0   0x0000002c   Code   RO         2938    i.SDIO_ConfigData   stm32f4xx_ll_sdmmc.o
    0x080074ec   0x080074ec   0x00000008   Code   RO         2939    i.SDIO_GetCommandResponse  stm32f4xx_ll_sdmmc.o
    0x080074f4   0x080074f4   0x0000000a   Code   RO         2942    i.SDIO_GetPowerState  stm32f4xx_ll_sdmmc.o
    0x080074fe   0x080074fe   0x0000000c   Code   RO         2943    i.SDIO_GetResponse  stm32f4xx_ll_sdmmc.o
    0x0800750a   0x0800750a   0x00000034   Code   RO         2944    i.SDIO_Init         stm32f4xx_ll_sdmmc.o
    0x0800753e   0x0800753e   0x0000000a   Code   RO         2946    i.SDIO_PowerState_ON  stm32f4xx_ll_sdmmc.o
    0x08007548   0x08007548   0x00000008   Code   RO         2947    i.SDIO_ReadFIFO     stm32f4xx_ll_sdmmc.o
    0x08007550   0x08007550   0x00000028   Code   RO         2948    i.SDIO_SendCommand  stm32f4xx_ll_sdmmc.o
    0x08007578   0x08007578   0x00000038   Code   RO         2951    i.SDMMC_CmdAppCommand  stm32f4xx_ll_sdmmc.o
    0x080075b0   0x080075b0   0x0000003c   Code   RO         2952    i.SDMMC_CmdAppOperCommand  stm32f4xx_ll_sdmmc.o
    0x080075ec   0x080075ec   0x00000038   Code   RO         2953    i.SDMMC_CmdBlockLength  stm32f4xx_ll_sdmmc.o
    0x08007624   0x08007624   0x00000038   Code   RO         2954    i.SDMMC_CmdBusWidth  stm32f4xx_ll_sdmmc.o
    0x0800765c   0x0800765c   0x0000002c   Code   RO         2958    i.SDMMC_CmdGoIdleState  stm32f4xx_ll_sdmmc.o
    0x08007688   0x08007688   0x00000034   Code   RO         2960    i.SDMMC_CmdOperCond  stm32f4xx_ll_sdmmc.o
    0x080076bc   0x080076bc   0x00000038   Code   RO         2961    i.SDMMC_CmdReadMultiBlock  stm32f4xx_ll_sdmmc.o
    0x080076f4   0x080076f4   0x00000038   Code   RO         2962    i.SDMMC_CmdReadSingleBlock  stm32f4xx_ll_sdmmc.o
    0x0800772c   0x0800772c   0x0000003a   Code   RO         2965    i.SDMMC_CmdSelDesel  stm32f4xx_ll_sdmmc.o
    0x08007766   0x08007766   0x00000032   Code   RO         2966    i.SDMMC_CmdSendCID  stm32f4xx_ll_sdmmc.o
    0x08007798   0x08007798   0x00000032   Code   RO         2967    i.SDMMC_CmdSendCSD  stm32f4xx_ll_sdmmc.o
    0x080077ca   0x080077ca   0x00000038   Code   RO         2969    i.SDMMC_CmdSendSCR  stm32f4xx_ll_sdmmc.o
    0x08007802   0x08007802   0x00000038   Code   RO         2970    i.SDMMC_CmdSendStatus  stm32f4xx_ll_sdmmc.o
    0x0800783a   0x0800783a   0x00000038   Code   RO         2971    i.SDMMC_CmdSetRelAdd  stm32f4xx_ll_sdmmc.o
    0x08007872   0x08007872   0x00000002   PAD
    0x08007874   0x08007874   0x0000003c   Code   RO         2974    i.SDMMC_CmdStopTransfer  stm32f4xx_ll_sdmmc.o
    0x080078b0   0x080078b0   0x00000038   Code   RO         2976    i.SDMMC_CmdWriteMultiBlock  stm32f4xx_ll_sdmmc.o
    0x080078e8   0x080078e8   0x00000038   Code   RO         2977    i.SDMMC_CmdWriteSingleBlock  stm32f4xx_ll_sdmmc.o
    0x08007920   0x08007920   0x00000040   Code   RO         2978    i.SDMMC_GetCmdError  stm32f4xx_ll_sdmmc.o
    0x08007960   0x08007960   0x000001ac   Code   RO         2979    i.SDMMC_GetCmdResp1  stm32f4xx_ll_sdmmc.o
    0x08007b0c   0x08007b0c   0x00000064   Code   RO         2980    i.SDMMC_GetCmdResp2  stm32f4xx_ll_sdmmc.o
    0x08007b70   0x08007b70   0x00000058   Code   RO         2981    i.SDMMC_GetCmdResp3  stm32f4xx_ll_sdmmc.o
    0x08007bc8   0x08007bc8   0x000000b8   Code   RO         2982    i.SDMMC_GetCmdResp6  stm32f4xx_ll_sdmmc.o
    0x08007c80   0x08007c80   0x0000006c   Code   RO         2983    i.SDMMC_GetCmdResp7  stm32f4xx_ll_sdmmc.o
    0x08007cec   0x08007cec   0x00000028   Code   RO         5319    i.SD_CheckStatus    sd_diskio.o
    0x08007d14   0x08007d14   0x00000026   Code   RO         5320    i.SD_CheckStatusWithTimeout  sd_diskio.o
    0x08007d3a   0x08007d3a   0x00000002   PAD
    0x08007d3c   0x08007d3c   0x00000074   Code   RO         3258    i.SD_DMAError       stm32f4xx_hal_sd.o
    0x08007db0   0x08007db0   0x00000048   Code   RO         3259    i.SD_DMAReceiveCplt  stm32f4xx_hal_sd.o
    0x08007df8   0x08007df8   0x00000012   Code   RO         3261    i.SD_DMATransmitCplt  stm32f4xx_hal_sd.o
    0x08007e0a   0x08007e0a   0x00000142   Code   RO         3263    i.SD_FindSCR        stm32f4xx_hal_sd.o
    0x08007f4c   0x08007f4c   0x00000102   Code   RO         3264    i.SD_InitCard       stm32f4xx_hal_sd.o
    0x0800804e   0x0800804e   0x00000002   PAD
    0x08008050   0x08008050   0x000000cc   Code   RO         3266    i.SD_PowerON        stm32f4xx_hal_sd.o
    0x0800811c   0x0800811c   0x00000030   Code   RO         3269    i.SD_SendStatus     stm32f4xx_hal_sd.o
    0x0800814c   0x0800814c   0x00000068   Code   RO         3270    i.SD_WideBus_Disable  stm32f4xx_hal_sd.o
    0x080081b4   0x080081b4   0x00000068   Code   RO         3271    i.SD_WideBus_Enable  stm32f4xx_hal_sd.o
    0x0800821c   0x0800821c   0x00000020   Code   RO         5321    i.SD_initialize     sd_diskio.o
    0x0800823c   0x0800823c   0x0000006c   Code   RO         5322    i.SD_ioctl          sd_diskio.o
    0x080082a8   0x080082a8   0x00000090   Code   RO         5323    i.SD_read           sd_diskio.o
    0x08008338   0x08008338   0x0000000c   Code   RO         5324    i.SD_status         sd_diskio.o
    0x08008344   0x08008344   0x00000090   Code   RO         5325    i.SD_write          sd_diskio.o
    0x080083d4   0x080083d4   0x00000002   Code   RO         1622    i.SVC_Handler       stm32f4xx_it.o
    0x080083d6   0x080083d6   0x00000002   PAD
    0x080083d8   0x080083d8   0x0000004c   Code   RO          526    i.SetCursorZero     oled_ui.o
    0x08008424   0x08008424   0x00000014   Code   RO          527    i.SetEnterFlag      oled_ui.o
    0x08008438   0x08008438   0x00000014   Code   RO          528    i.SetFadeOutFlag    oled_ui.o
    0x0800844c   0x0800844c   0x00000034   Code   RO          529    i.SetLineSplitZero  oled_ui.o
    0x08008480   0x08008480   0x000002c0   Code   RO          530    i.SetTargetCursor   oled_ui.o
    0x08008740   0x08008740   0x00000044   Code   RO          531    i.SetTargetMenuFrame  oled_ui.o
    0x08008784   0x08008784   0x000000f0   Code   RO          532    i.SetTargetProbWidth  oled_ui.o
    0x08008874   0x08008874   0x0000008c   Code   RO          533    i.SetTargetScrollBarHeight  oled_ui.o
    0x08008900   0x08008900   0x00000174   Code   RO            9    i.SettingAuxFunc    oled_ui_menudata.o
    0x08008a74   0x08008a74   0x00000010   Code   RO           10    i.ShowFloatDataWindow  oled_ui_menudata.o
    0x08008a84   0x08008a84   0x00000010   Code   RO           11    i.ShowIntDataWindow  oled_ui_menudata.o
    0x08008a94   0x08008a94   0x00000010   Code   RO           12    i.ShowTextWindow    oled_ui_menudata.o
    0x08008aa4   0x08008aa4   0x00000008   Code   RO         1623    i.SysTick_Handler   stm32f4xx_it.o
    0x08008aac   0x08008aac   0x000000b8   Code   RO         1342    i.SystemClock_Config  main.o
    0x08008b64   0x08008b64   0x00000014   Code   RO         5160    i.SystemInit        system_stm32f4xx.o
    0x08008b78   0x08008b78   0x00000010   Code   RO         1624    i.TIM8_TRG_COM_TIM14_IRQHandler  stm32f4xx_it.o
    0x08008b88   0x08008b88   0x000000d8   Code   RO         3903    i.TIM_Base_SetConfig  stm32f4xx_hal_tim.o
    0x08008c60   0x08008c60   0x00000040   Code   RO          794    i.TimeCounter       qthezg.o
    0x08008ca0   0x08008ca0   0x00000014   Code   RO         4834    i.UART_DMAAbortOnError  stm32f4xx_hal_uart.o
    0x08008cb4   0x08008cb4   0x0000006c   Code   RO         4844    i.UART_EndRxTransfer  stm32f4xx_hal_uart.o
    0x08008d20   0x08008d20   0x00000020   Code   RO         4845    i.UART_EndTransmit_IT  stm32f4xx_hal_uart.o
    0x08008d40   0x08008d40   0x000000f8   Code   RO         4847    i.UART_Receive_IT   stm32f4xx_hal_uart.o
    0x08008e38   0x08008e38   0x0000022c   Code   RO         4848    i.UART_SetConfig    stm32f4xx_hal_uart.o
    0x08009064   0x08009064   0x00000060   Code   RO         4851    i.UART_Transmit_IT  stm32f4xx_hal_uart.o
    0x080090c4   0x080090c4   0x00000010   Code   RO         1625    i.USART1_IRQHandler  stm32f4xx_it.o
    0x080090d4   0x080090d4   0x00000004   Code   RO         1626    i.UsageFault_Handler  stm32f4xx_it.o
    0x080090d8   0x080090d8   0x0000002c   Code   RO         6194    i.__0vsnprintf      mc_w.l(printfa.o)
    0x08009104   0x08009104   0x00000024   Code   RO         6195    i.__0vsprintf       mc_w.l(printfa.o)
    0x08009128   0x08009128   0x00000030   Code   RO         6313    i.__ARM_fpclassify  m_wm.l(fpclassify.o)
    0x08009158   0x08009158   0x00000010   Code   RO         2558    i.__NVIC_GetPriorityGrouping  stm32f4xx_hal_cortex.o
    0x08009168   0x08009168   0x00000028   Code   RO         2559    i.__NVIC_SetPriority  stm32f4xx_hal_cortex.o
    0x08009190   0x08009190   0x000002d8   Code   RO         6241    i.__hardfp_atan     m_wm.l(atan.o)
    0x08009468   0x08009468   0x000001f0   Code   RO         5911    i.__hardfp_atan2    m_wm.l(atan2.o)
    0x08009658   0x08009658   0x00000118   Code   RO         5923    i.__hardfp_ceil     m_wm.l(ceil.o)
    0x08009770   0x08009770   0x00000014   Code   RO         5929    i.__hardfp_fabs     m_wm.l(fabs.o)
    0x08009784   0x08009784   0x00000074   Code   RO         5939    i.__hardfp_fmin     m_wm.l(fmin.o)
    0x080097f8   0x080097f8   0x000000f8   Code   RO         6315    i.__kernel_poly     m_wm.l(poly.o)
    0x080098f0   0x080098f0   0x00000014   Code   RO         6256    i.__mathlib_dbl_infnan  m_wm.l(dunder.o)
    0x08009904   0x08009904   0x00000014   Code   RO         6257    i.__mathlib_dbl_infnan2  m_wm.l(dunder.o)
    0x08009918   0x08009918   0x00000020   Code   RO         6261    i.__mathlib_dbl_underflow  m_wm.l(dunder.o)
    0x08009938   0x08009938   0x0000000e   Code   RO         6323    i.__scatterload_copy  mc_w.l(handlers.o)
    0x08009946   0x08009946   0x00000002   Code   RO         6324    i.__scatterload_null  mc_w.l(handlers.o)
    0x08009948   0x08009948   0x0000000e   Code   RO         6325    i.__scatterload_zeroinit  mc_w.l(handlers.o)
    0x08009956   0x08009956   0x00000002   PAD
    0x08009958   0x08009958   0x00000184   Code   RO         6196    i._fp_digits        mc_w.l(printfa.o)
    0x08009adc   0x08009adc   0x000006dc   Code   RO         6197    i._printf_core      mc_w.l(printfa.o)
    0x0800a1b8   0x0800a1b8   0x00000024   Code   RO         6198    i._printf_post_padding  mc_w.l(printfa.o)
    0x0800a1dc   0x0800a1dc   0x0000002e   Code   RO         6199    i._printf_pre_padding  mc_w.l(printfa.o)
    0x0800a20a   0x0800a20a   0x00000016   Code   RO         6200    i._snputc           mc_w.l(printfa.o)
    0x0800a220   0x0800a220   0x0000000a   Code   RO         6201    i._sputc            mc_w.l(printfa.o)
    0x0800a22a   0x0800a22a   0x00000010   Code   RO         6243    i.atan              m_wm.l(atan.o)
    0x0800a23a   0x0800a23a   0x00000018   Code   RO         5931    i.fabs              m_wm.l(fabs.o)
    0x0800a252   0x0800a252   0x00000030   Code   RO         1343    i.main              main.o
    0x0800a282   0x0800a282   0x00000002   PAD
    0x0800a284   0x0800a284   0x00000014   Code   RO         1084    i.system_bsp_init   system_bsp.o
    0x0800a298   0x0800a298   0x00000084   Code   RO         1085    i.system_bsp_test_loop  system_bsp.o
    0x0800a31c   0x0800a31c   0x00000014   Data   RO          535    .constdata          oled_ui.o
    0x0800a330   0x0800a330   0x000061a8   Data   RO         1319    .constdata          oled_fonts.o
    0x080104d8   0x080104d8   0x00000008   Data   RO         2275    .constdata          stm32f4xx_hal_dma.o
    0x080104e0   0x080104e0   0x00000018   Data   RO         5161    .constdata          system_stm32f4xx.o
    0x080104f8   0x080104f8   0x00000014   Data   RO         5326    .constdata          sd_diskio.o
    0x0801050c   0x0801050c   0x00000004   PAD
    0x08010510   0x08010510   0x00000098   Data   RO         6244    .constdata          m_wm.l(atan.o)
    0x080105a8   0x080105a8   0x00000008   Data   RO         6269    .constdata          m_wm.l(qnan.o)
    0x080105b0   0x080105b0   0x000003b2   Data   RO           14    .conststring        oled_ui_menudata.o
    0x08010962   0x08010962   0x00000002   PAD
    0x08010964   0x08010964   0x00000020   Data   RO         6321    Region$$Table       anon$$obj.o


    Execution Region RW_IRAM1 (Exec base: 0x20000000, Load base: 0x08010984, Size: 0x00002ad8, Max: 0x0001c000, ABSOLUTE, COMPRESSED[0x00000308])

    Exec Addr    Load Addr    Size         Type   Attr      Idx    E Section Name        Object

    0x20000000   COMPRESSED   0x00001080   Data   RW           15    .data               oled_ui_menudata.o
    0x20001080   COMPRESSED   0x0000003c   Data   RW          536    .data               oled_ui.o
    0x200010bc   COMPRESSED   0x00000011   Data   RW          802    .data               qthezg.o
    0x200010cd   COMPRESSED   0x0000001d   Data   RW          892    .data               key_mod.o
    0x200010ea   COMPRESSED   0x00000004   Data   RW          933    .data               oled_driver.o
    0x200010ee   COMPRESSED   0x00000002   Data   RW         1627    .data               stm32f4xx_it.o
    0x200010f0   COMPRESSED   0x00000009   Data   RW         2707    .data               stm32f4xx_hal.o
    0x200010f9   COMPRESSED   0x00000003   PAD
    0x200010fc   COMPRESSED   0x00000004   Data   RW         5162    .data               system_stm32f4xx.o
    0x20001100   COMPRESSED   0x0000000c   Data   RW         5327    .data               sd_diskio.o
    0x2000110c   COMPRESSED   0x00000005   Data   RW         5397    .data               fatfs.o
    0x20001111   COMPRESSED   0x00000003   PAD
    0x20001114        -       0x00000090   Zero   RW           13    .bss                oled_ui_menudata.o
    0x200011a4        -       0x00000198   Zero   RW          534    .bss                oled_ui.o
    0x2000133c        -       0x00000400   Zero   RW          932    .bss                oled_driver.o
    0x2000173c   COMPRESSED   0x00000004   PAD
    0x20001740        -       0x0000002c   Zero   RW         1086    .bss                system_bsp.o
    0x2000176c        -       0x00000078   Zero   RW         1171    .bss                key_bsp.o
    0x200017e4        -       0x000000e4   Zero   RW         1446    .bss                sdio.o
    0x200018c8        -       0x000000b8   Zero   RW         1488    .bss                spi.o
    0x20001980        -       0x00000048   Zero   RW         1530    .bss                tim.o
    0x200019c8        -       0x00000104   Zero   RW         1572    .bss                usart.o
    0x20001acc        -       0x0000000c   Zero   RW         5844    .bss                ff_gen_drv.o
    0x20001ad8        -       0x00001000   Zero   RW         1331    STACK               startup_stm32f407xx.o


    Execution Region RW_IRAM2 (Exec base: 0x2001c000, Load base: 0x08010c8c, Size: 0x00000000, Max: 0x00004000, ABSOLUTE)

    **** No section assigned to this execution region ****


==============================================================================

Image component sizes


      Code (inc. data)   RO Data    RW Data    ZI Data      Debug   Object Name

       194         26          0          0          0       4672   bsp_driver_sd.o
       136          6          0          0          0        830   dma.o
        28         12          0          5          0       1050   fatfs.o
       102          6          0          0         12       1679   ff_gen_drv.o
         0          0          0          0          0       2240   file_operate.o
       332         18          0          0          0       1107   gpio.o
       264         56          0          0        120       4723   key_bsp.o
       420          8          0         29          0       3227   key_mod.o
       238         10          0          0          0       2236   main.o
      4706        110          0          0          0      20060   oled.o
       550         32          0          4       1024       5870   oled_driver.o
         0          0      25000          0          0       2881   oled_fonts.o
     12310        678         20         60        408      35989   oled_ui.o
         8          0          0          0          0       1477   oled_ui_driver.o
      1144        188        946       4224        144     732751   oled_ui_menudata.o
        86          6          0         17          0       4820   qthezg.o
       530         34         20         12          0       6202   sd_diskio.o
       336         34          0          0        228       1803   sdio.o
       276         28          0          0        184       1762   spi.o
        36          8        392          0       4096        804   startup_stm32f407xx.o
       212         36          0          9          0       9405   stm32f4xx_hal.o
       304         22          0          0          0      34455   stm32f4xx_hal_cortex.o
      1442         16          8          0          0       7633   stm32f4xx_hal_dma.o
       528         46          0          0          0       2783   stm32f4xx_hal_gpio.o
        72          4          0          0          0        858   stm32f4xx_hal_msp.o
      1824         84          0          0          0       5628   stm32f4xx_hal_rcc.o
      2890         64          0          0          0      15135   stm32f4xx_hal_sd.o
       200          0          0          0          0       1187   stm32f4xx_hal_spi.o
       900         76          0          0          0       5895   stm32f4xx_hal_tim.o
         4          0          0          0          0       1569   stm32f4xx_hal_tim_ex.o
      1918         14          0          0          0       9552   stm32f4xx_hal_uart.o
       166         44          0          2          0       8640   stm32f4xx_it.o
      2090         46          0          0          0      23894   stm32f4xx_ll_sdmmc.o
       152         32          0          0         44       4671   system_bsp.o
        20          6         24          4          0       1127   system_stm32f4xx.o
       132         20          0          0         72       1572   tim.o
       356         38          0          0        260       1900   usart.o

    ----------------------------------------------------------------------
     34950       1808      26448       4372       6596     972087   Object Totals
         0          0         32          0          0          0   (incl. Generated)
        44          0          6          6          4          0   (incl. Padding)

    ----------------------------------------------------------------------

      Code (inc. data)   RO Data    RW Data    ZI Data      Debug   Library Member Name

       744        106        152          0          0        352   atan.o
       496         64          0          0          0        192   atan2.o
       280         28          0          0          0        156   ceil.o
        72          8          0          0          0        372   dunder.o
        44          0          0          0          0        248   fabs.o
       116          0          0          0          0        164   fmin.o
        48          0          0          0          0        124   fpclassify.o
       248          0          0          0          0        152   poly.o
         0          0          8          0          0          0   qnan.o
        86          0          0          0          0          0   __dczerorl2.o
         0          0          0          0          0          0   entry.o
         0          0          0          0          0          0   entry10a.o
         0          0          0          0          0          0   entry11a.o
         8          4          0          0          0          0   entry2.o
         4          0          0          0          0          0   entry5.o
         0          0          0          0          0          0   entry7b.o
         0          0          0          0          0          0   entry8b.o
         8          4          0          0          0          0   entry9a.o
        30          0          0          0          0          0   handlers.o
        36          8          0          0          0         68   init.o
         0          0          0          0          0          0   iusefp.o
        30          0          0          0          0         68   llshl.o
        36          0          0          0          0         68   llsshr.o
        32          0          0          0          0         68   llushr.o
        36          0          0          0          0         68   memcpya.o
        36          0          0          0          0        108   memseta.o
      2338         90          0          0          0        664   printfa.o
        28          0          0          0          0         76   strcmp.o
        44          0          0          0          0         80   uidiv.o
        98          0          0          0          0         92   uldiv.o
        48          0          0          0          0         68   cdcmple.o
        48          0          0          0          0         68   cdrcmple.o
        56          0          0          0          0         88   d2f.o
       334          0          0          0          0        148   dadd.o
        96          0          0          0          0         80   dcmp4.o
       222          0          0          0          0        100   ddiv.o
       186          0          0          0          0        176   depilogue.o
        62          0          0          0          0         80   dfixi.o
        48          0          0          0          0         68   dfixul.o
        34          0          0          0          0         76   dflti.o
       228          0          0          0          0         96   dmul.o
        38          0          0          0          0         68   f2d.o
       110          0          0          0          0        168   fepilogue.o

    ----------------------------------------------------------------------
      6414        312        160          0          0       4404   Library Totals
         6          0          0          0          0          0   (incl. Padding)

    ----------------------------------------------------------------------

      Code (inc. data)   RO Data    RW Data    ZI Data      Debug   Library Name

      2048        206        160          0          0       1760   m_wm.l
      2850        106          0          0          0       1360   mc_w.l
      1510          0          0          0          0       1284   mf_w.l

    ----------------------------------------------------------------------
      6414        312        160          0          0       4404   Library Totals

    ----------------------------------------------------------------------

==============================================================================


      Code (inc. data)   RO Data    RW Data    ZI Data      Debug   

     41364       2120      26608       4372       6596     950371   Grand Totals
     41364       2120      26608        776       6596     950371   ELF Image Totals (compressed)
     41364       2120      26608        776          0          0   ROM Totals

==============================================================================

    Total RO  Size (Code + RO Data)                67972 (  66.38kB)
    Total RW  Size (RW Data + ZI Data)             10968 (  10.71kB)
    Total ROM Size (Code + RO Data + RW Data)      68748 (  67.14kB)

==============================================================================

