<html>
<body>
<pre>
<h1>�Vision Build Log</h1>
<h2>Tool Versions:</h2>
IDE-Version: ��Vision V5.31.0.0
Copyright (C) 2020 ARM Ltd and ARM Germany GmbH. All rights reserved.
License Information: 1 QZZ, 1, LIC=03C6R-K7Z69-2Z8W4-FVQ7K-NA0NS-I1DY5
 
Tool Versions:
Toolchain:       MDK-ARM Plus  Version: 5.31.0.0
Toolchain Path:  D:\Keil_v5\ARM\ARMCC\Bin
C Compiler:      Armcc.exe V5.06 update 6 (build 750)
Assembler:       Armasm.exe V5.06 update 6 (build 750)
Linker/Locator:  ArmLink.exe V5.06 update 6 (build 750)
Library Manager: ArmAr.exe V5.06 update 6 (build 750)
Hex Converter:   FromElf.exe V5.06 update 6 (build 750)
CPU DLL:         SARMCM3.DLL V5.31.0.0
Dialog DLL:      DCM.DLL V1.17.3.0
Target DLL:      Segger\JL2CM3.dll V2.99.38.0
Dialog DLL:      TCM.DLL V1.46.0.0
 
<h2>Project:</h2>
F:\MCUtmp\zzarc_vf_07\zzarc_vf_07\msp\MDK-ARM\zzarc_vf_07.uvprojx
Project File Date:  08/01/2025

<h2>Output:</h2>
*** Using Compiler 'V5.06 update 6 (build 750)', folder: 'D:\Keil_v5\ARM\ARMCC\Bin'
Rebuild target 'zzarc_vf_07'
assembling startup_stm32f407xx.s...
compiling key_mod.c...
compiling qthezg.c...
..\..\module\nor_fliec\qthezg.c(103): warning:  #1035-D: single-precision operand implicitly converted to double-precision
          return 3.16*CosmicSuperInvincibleMagicFunction(x);
..\..\module\nor_fliec\qthezg.c: 1 warning, 0 errors
compiling oled_fonts.c...
compiling gpio.c...
compiling sdio.c...
compiling OLED_UI_Driver.c...
compiling tim.c...
compiling spi.c...
compiling uart_bsp.c...
compiling system_bsp.c...
compiling key_bsp.c...
compiling dma.c...
compiling OLED_driver.c...
compiling file_operate.c...
..\..\bsp\file_operate\file_operate.c(38): warning:  #870-D: invalid multibyte character sequence
  					printf("发生错误，错误代�? = %d\r\n", retUSER);
..\..\bsp\file_operate\file_operate.c(50): warning:  #870-D: invalid multibyte character sequence
  			printf("发生其他错误，错误代�? = %d\r\n", retUSER);
..\..\bsp\file_operate\file_operate.c(283): warning:  #870-D: invalid multibyte character sequence
  		printf("File deletion failed, error code�?%d\r\n", res);
..\..\bsp\file_operate\file_operate.c(293): warning:  #1-D: last line of file ends without a newline
   
..\..\bsp\file_operate\file_operate.c: 4 warnings, 0 errors
compiling OLED_UI_MenuData.c...
compiling usart.c...
compiling main.c...
compiling OLED_UI.c...
..\..\module\oled_mod\OLED_UI.c(270): warning:  #1035-D: single-precision operand implicitly converted to double-precision
  		*CurrentNum += 0.02*CurrentMenuPage->General_MovingSpeed * (*ErrorNum);
..\..\module\oled_mod\OLED_UI.c(306): warning:  #1035-D: single-precision operand implicitly converted to double-precision
  		*DerivativeNum = (*ErrorNum - *LastErrorNum) / 0.1;
..\..\module\oled_mod\OLED_UI.c(648): warning:  #1035-D: single-precision operand implicitly converted to double-precision
  		    	CurrentWindow->_LineSlip-=LINE_SLIP_SPEED;
..\..\module\oled_mod\OLED_UI.c(957): warning:  #1035-D: single-precision operand implicitly converted to double-precision
  						page->General_MenuItems[i]._LineSlip -= LINE_SLIP_SPEED;
..\..\module\oled_mod\OLED_UI.c(1017): warning:  #1035-D: single-precision operand implicitly converted to double-precision
  		        page->General_MenuItems[page->_ActiveMenuID]._LineSlip -= LINE_SLIP_SPEED;
..\..\module\oled_mod\OLED_UI.c: 5 warnings, 0 errors
compiling OLED.c...
compiling stm32f4xx_hal_msp.c...
compiling stm32f4xx_it.c...
compiling stm32f4xx_hal_rcc.c...
compiling stm32f4xx_hal_flash.c...
compiling stm32f4xx_hal_flash_ramfunc.c...
compiling stm32f4xx_hal_cortex.c...
compiling stm32f4xx_hal_pwr_ex.c...
compiling stm32f4xx_hal_rcc_ex.c...
compiling stm32f4xx_hal_exti.c...
compiling stm32f4xx_hal_gpio.c...
compiling stm32f4xx_hal_flash_ex.c...
compiling stm32f4xx_hal_dma_ex.c...
compiling stm32f4xx_hal_dma.c...
compiling stm32f4xx_hal_pwr.c...
compiling stm32f4xx_hal_sd.c...
compiling stm32f4xx_hal_spi.c...
compiling stm32f4xx_hal.c...
compiling stm32f4xx_ll_sdmmc.c...
compiling stm32f4xx_hal_tim.c...
compiling stm32f4xx_hal_tim_ex.c...
compiling system_stm32f4xx.c...
compiling stm32f4xx_hal_uart.c...
compiling bsp_driver_sd.c...
compiling fatfs.c...
compiling diskio.c...
compiling syscall.c...
compiling sd_diskio.c...
compiling ff_gen_drv.c...
compiling ff.c...
linking...
Program Size: Code=42096 RO-data=26604 RW-data=4412 ZI-data=6596  
FromELF: creating hex file...
"zzarc_vf_07\zzarc_vf_07.axf" - 0 Error(s), 10 Warning(s).

<h2>Software Packages used:</h2>

Package Vendor: ARM
                http://www.keil.com/pack/ARM.CMSIS.5.9.0.pack
                ARM.CMSIS.5.9.0
                CMSIS (Common Microcontroller Software Interface Standard)
   * Component: CORE Version: 5.6.0

Package Vendor: Keil
                http://www.keil.com/pack/Keil.STM32F4xx_DFP.2.15.0.pack
                Keil.STM32F4xx_DFP.2.15.0
                STMicroelectronics STM32F4 Series Device Support, Drivers and Examples

<h2>Collection of Component include folders:</h2>
  .\RTE\_zzarc_vf_07
  D:\Keil_v5\ARM\PACK\ARM\CMSIS\5.9.0\CMSIS\Core\Include
  D:\Keil_v5\ARM\PACK\Keil\STM32F4xx_DFP\2.15.0\Drivers\CMSIS\Device\ST\STM32F4xx\Include

<h2>Collection of Component Files used:</h2>

   * Component: ARM::CMSIS:CORE:5.6.0
      Include file:  CMSIS\Core\Include\tz_context.h
Build Time Elapsed:  00:00:20
</pre>
</body>
</html>
